Archive member included to satisfy reference by file (symbol)

/home/zhonx/.opt/AC6/plugins/fr.ac6.mcu.externaltools.arm-none.linux64_1.15.0.201708311556/tools/compiler/bin/../lib/gcc/arm-none-eabi/6.3.1/thumb/v7e-m/fpv5/hard/libgcc.a(_aeabi_uldivmod.o)
                              Drivers/STM32H7xx_HAL_Driver/Src/stm32h7xx_hal_uart.o (__aeabi_uldivmod)
/home/zhonx/.opt/AC6/plugins/fr.ac6.mcu.externaltools.arm-none.linux64_1.15.0.201708311556/tools/compiler/bin/../lib/gcc/arm-none-eabi/6.3.1/thumb/v7e-m/fpv5/hard/libgcc.a(_udivmoddi4.o)
                              /home/zhonx/.opt/AC6/plugins/fr.ac6.mcu.externaltools.arm-none.linux64_1.15.0.201708311556/tools/compiler/bin/../lib/gcc/arm-none-eabi/6.3.1/thumb/v7e-m/fpv5/hard/libgcc.a(_aeabi_uldivmod.o) (__udivmoddi4)
/home/zhonx/.opt/AC6/plugins/fr.ac6.mcu.externaltools.arm-none.linux64_1.15.0.201708311556/tools/compiler/bin/../lib/gcc/arm-none-eabi/6.3.1/thumb/v7e-m/fpv5/hard/libgcc.a(_dvmd_tls.o)
                              /home/zhonx/.opt/AC6/plugins/fr.ac6.mcu.externaltools.arm-none.linux64_1.15.0.201708311556/tools/compiler/bin/../lib/gcc/arm-none-eabi/6.3.1/thumb/v7e-m/fpv5/hard/libgcc.a(_aeabi_uldivmod.o) (__aeabi_ldiv0)
/home/zhonx/.opt/AC6/plugins/fr.ac6.mcu.externaltools.arm-none.linux64_1.15.0.201708311556/tools/compiler/bin/../lib/gcc/arm-none-eabi/6.3.1/../../../../arm-none-eabi/lib/thumb/v7e-m/fpv5/hard/libc_nano.a(lib_a-errno.o)
                              Src/syscalls.o (__errno)
/home/zhonx/.opt/AC6/plugins/fr.ac6.mcu.externaltools.arm-none.linux64_1.15.0.201708311556/tools/compiler/bin/../lib/gcc/arm-none-eabi/6.3.1/../../../../arm-none-eabi/lib/thumb/v7e-m/fpv5/hard/libc_nano.a(lib_a-exit.o)
                              /home/zhonx/.opt/AC6/plugins/fr.ac6.mcu.externaltools.arm-none.linux64_1.15.0.201708311556/tools/compiler/bin/../lib/gcc/arm-none-eabi/6.3.1/../../../../arm-none-eabi/lib/thumb/v7e-m/fpv5/hard/crt0.o (exit)
/home/zhonx/.opt/AC6/plugins/fr.ac6.mcu.externaltools.arm-none.linux64_1.15.0.201708311556/tools/compiler/bin/../lib/gcc/arm-none-eabi/6.3.1/../../../../arm-none-eabi/lib/thumb/v7e-m/fpv5/hard/libc_nano.a(lib_a-impure.o)
                              /home/zhonx/.opt/AC6/plugins/fr.ac6.mcu.externaltools.arm-none.linux64_1.15.0.201708311556/tools/compiler/bin/../lib/gcc/arm-none-eabi/6.3.1/../../../../arm-none-eabi/lib/thumb/v7e-m/fpv5/hard/libc_nano.a(lib_a-exit.o) (_global_impure_ptr)
/home/zhonx/.opt/AC6/plugins/fr.ac6.mcu.externaltools.arm-none.linux64_1.15.0.201708311556/tools/compiler/bin/../lib/gcc/arm-none-eabi/6.3.1/../../../../arm-none-eabi/lib/thumb/v7e-m/fpv5/hard/libc_nano.a(lib_a-init.o)
                              /home/zhonx/.opt/AC6/plugins/fr.ac6.mcu.externaltools.arm-none.linux64_1.15.0.201708311556/tools/compiler/bin/../lib/gcc/arm-none-eabi/6.3.1/../../../../arm-none-eabi/lib/thumb/v7e-m/fpv5/hard/crt0.o (__libc_init_array)
/home/zhonx/.opt/AC6/plugins/fr.ac6.mcu.externaltools.arm-none.linux64_1.15.0.201708311556/tools/compiler/bin/../lib/gcc/arm-none-eabi/6.3.1/../../../../arm-none-eabi/lib/thumb/v7e-m/fpv5/hard/libc_nano.a(lib_a-memset.o)
                              /home/zhonx/.opt/AC6/plugins/fr.ac6.mcu.externaltools.arm-none.linux64_1.15.0.201708311556/tools/compiler/bin/../lib/gcc/arm-none-eabi/6.3.1/../../../../arm-none-eabi/lib/thumb/v7e-m/fpv5/hard/crt0.o (memset)
/home/zhonx/.opt/AC6/plugins/fr.ac6.mcu.externaltools.arm-none.linux64_1.15.0.201708311556/tools/compiler/bin/../lib/gcc/arm-none-eabi/6.3.1/../../../../arm-none-eabi/lib/thumb/v7e-m/fpv5/hard/libc_nano.a(lib_a-printf.o)
                              Src/cis.o (printf)
/home/zhonx/.opt/AC6/plugins/fr.ac6.mcu.externaltools.arm-none.linux64_1.15.0.201708311556/tools/compiler/bin/../lib/gcc/arm-none-eabi/6.3.1/../../../../arm-none-eabi/lib/thumb/v7e-m/fpv5/hard/libc_nano.a(lib_a-putchar.o)
                              Src/cis.o (putchar)
/home/zhonx/.opt/AC6/plugins/fr.ac6.mcu.externaltools.arm-none.linux64_1.15.0.201708311556/tools/compiler/bin/../lib/gcc/arm-none-eabi/6.3.1/../../../../arm-none-eabi/lib/thumb/v7e-m/fpv5/hard/libc_nano.a(lib_a-puts.o)
                              Src/main.o (puts)
/home/zhonx/.opt/AC6/plugins/fr.ac6.mcu.externaltools.arm-none.linux64_1.15.0.201708311556/tools/compiler/bin/../lib/gcc/arm-none-eabi/6.3.1/../../../../arm-none-eabi/lib/thumb/v7e-m/fpv5/hard/libc_nano.a(lib_a-wbuf.o)
                              /home/zhonx/.opt/AC6/plugins/fr.ac6.mcu.externaltools.arm-none.linux64_1.15.0.201708311556/tools/compiler/bin/../lib/gcc/arm-none-eabi/6.3.1/../../../../arm-none-eabi/lib/thumb/v7e-m/fpv5/hard/libc_nano.a(lib_a-puts.o) (__swbuf_r)
/home/zhonx/.opt/AC6/plugins/fr.ac6.mcu.externaltools.arm-none.linux64_1.15.0.201708311556/tools/compiler/bin/../lib/gcc/arm-none-eabi/6.3.1/../../../../arm-none-eabi/lib/thumb/v7e-m/fpv5/hard/libc_nano.a(lib_a-wsetup.o)
[...]
Memory Configuration

Name             Origin             Length             Attributes
DTCMRAM          0x0000000020000000 0x0000000000020000 xrw
RAM_D1           0x0000000024000000 0x0000000000080000 xrw
RAM_D2           0x0000000030000000 0x0000000000048000 xrw
RAM_D3           0x0000000038000000 0x0000000000010000 xrw
ITCMRAM          0x0000000000000000 0x0000000000010000 xrw
FLASH            0x0000000008000000 0x0000000000200000 xr
*default*        0x0000000000000000 0xffffffffffffffff

Linker script and memory map

LOAD /home/zhonx/.opt/AC6/plugins/fr.ac6.mcu.externaltools.arm-none.linux64_1.15.0.201708311556/tools/compiler/bin/../lib/gcc/arm-none-eabi/6.3.1/thumb/v7e-m/fpv5/hard/crti.o
LOAD /home/zhonx/.opt/AC6/plugins/fr.ac6.mcu.externaltools.arm-none.linux64_1.15.0.201708311556/tools/compiler/bin/../lib/gcc/arm-none-eabi/6.3.1/thumb/v7e-m/fpv5/hard/crtbegin.o
LOAD /home/zhonx/.opt/AC6/plugins/fr.ac6.mcu.externaltools.arm-none.linux64_1.15.0.201708311556/tools/compiler/bin/../lib/gcc/arm-none-eabi/6.3.1/../../../../arm-none-eabi/lib/thumb/v7e-m/fpv5/hard/crt0.o
LOAD Drivers/STM32H7xx_HAL_Driver/Src/stm32h7xx_hal.o
LOAD Drivers/STM32H7xx_HAL_Driver/Src/stm32h7xx_hal_adc.o
LOAD Drivers/STM32H7xx_HAL_Driver/Src/stm32h7xx_hal_adc_ex.o
LOAD Drivers/STM32H7xx_HAL_Driver/Src/stm32h7xx_hal_cortex.o
LOAD Drivers/STM32H7xx_HAL_Driver/Src/stm32h7xx_hal_dac.o
LOAD Drivers/STM32H7xx_HAL_Driver/Src/stm32h7xx_hal_dac_ex.o
LOAD Drivers/STM32H7xx_HAL_Driver/Src/stm32h7xx_hal_dma.o
LOAD Drivers/STM32H7xx_HAL_Driver/Src/stm32h7xx_hal_dma_ex.o
LOAD Drivers/STM32H7xx_HAL_Driver/Src/stm32h7xx_hal_flash.o
LOAD Drivers/STM32H7xx_HAL_Driver/Src/stm32h7xx_hal_flash_ex.o
LOAD Drivers/STM32H7xx_HAL_Driver/Src/stm32h7xx_hal_gpio.o
LOAD Drivers/STM32H7xx_HAL_Driver/Src/stm32h7xx_hal_hrtim.o
LOAD Drivers/STM32H7xx_HAL_Driver/Src/stm32h7xx_hal_hsem.o
LOAD Drivers/STM32H7xx_HAL_Driver/Src/stm32h7xx_hal_i2c.o
LOAD Drivers/STM32H7xx_HAL_Driver/Src/stm32h7xx_hal_i2c_ex.o
LOAD Drivers/STM32H7xx_HAL_Driver/Src/stm32h7xx_hal_mdma.o
LOAD Drivers/STM32H7xx_HAL_Driver/Src/stm32h7xx_hal_pcd.o
LOAD Drivers/STM32H7xx_HAL_Driver/Src/stm32h7xx_hal_pcd_ex.o
LOAD Drivers/STM32H7xx_HAL_Driver/Src/stm32h7xx_hal_pwr.o
LOAD Drivers/STM32H7xx_HAL_Driver/Src/stm32h7xx_hal_pwr_ex.o
LOAD Drivers/STM32H7xx_HAL_Driver/Src/stm32h7xx_hal_rcc.o
LOAD Drivers/STM32H7xx_HAL_Driver/Src/stm32h7xx_hal_rcc_ex.o
LOAD Drivers/STM32H7xx_HAL_Driver/Src/stm32h7xx_hal_tim.o
LOAD Drivers/STM32H7xx_HAL_Driver/Src/stm32h7xx_hal_tim_ex.o
LOAD Drivers/STM32H7xx_HAL_Driver/Src/stm32h7xx_hal_uart.o
LOAD Drivers/STM32H7xx_HAL_Driver/Src/stm32h7xx_hal_uart_ex.o
LOAD Drivers/STM32H7xx_HAL_Driver/Src/stm32h7xx_ll_usb.o
LOAD Src/adc.o
LOAD Src/cis.o
LOAD Src/dac.o
LOAD Src/dma.o
LOAD Src/gpio.o
LOAD Src/hrtim.o
LOAD Src/main.o
LOAD Src/stm32h7xx_hal_msp.o
LOAD Src/stm32h7xx_it.o
LOAD Src/syscalls.o
LOAD Src/system_stm32h7xx.o
LOAD Src/tim.o
LOAD Src/usart.o
LOAD Src/usb_otg.o
LOAD startup/startup_stm32h743xx.o
LOAD /home/zhonx/.opt/AC6/plugins/fr.ac6.mcu.externaltools.arm-none.linux64_1.15.0.201708311556/tools/compiler/bin/../lib/gcc/arm-none-eabi/6.3.1/../../../../arm-none-eabi/lib/thumb/v7e-m/fpv5/hard/libm.a
START GROUP
LOAD /home/zhonx/.opt/AC6/plugins/fr.ac6.mcu.externaltools.arm-none.linux64_1.15.0.201708311556/tools/compiler/bin/../lib/gcc/arm-none-eabi/6.3.1/thumb/v7e-m/fpv5/hard/libgcc.a
LOAD /home/zhonx/.opt/AC6/plugins/fr.ac6.mcu.externaltools.arm-none.linux64_1.15.0.201708311556/tools/compiler/bin/../lib/gcc/arm-none-eabi/6.3.1/../../../../arm-none-eabi/lib/thumb/v7e-m/fpv5/hard/libc_nano.a
END GROUP
START GROUP
LOAD /home/zhonx/.opt/AC6/plugins/fr.ac6.mcu.externaltools.arm-none.linux64_1.15.0.201708311556/tools/compiler/bin/../lib/gcc/arm-none-eabi/6.3.1/thumb/v7e-m/fpv5/hard/libgcc.a
LOAD /home/zhonx/.opt/AC6/plugins/fr.ac6.mcu.externaltools.arm-none.linux64_1.15.0.201708311556/tools/compiler/bin/../lib/gcc/arm-none-eabi/6.3.1/../../../../arm-none-eabi/lib/thumb/v7e-m/fpv5/hard/libc_nano.a
LOAD /home/zhonx/.opt/AC6/plugins/fr.ac6.mcu.externaltools.arm-none.linux64_1.15.0.201708311556/tools/compiler/bin/../lib/gcc/arm-none-eabi/6.3.1/../../../../arm-none-eabi/lib/thumb/v7e-m/fpv5/hard/libnosys.a
END GROUP
START GROUP
LOAD /home/zhonx/.opt/AC6/plugins/fr.ac6.mcu.externaltools.arm-none.linux64_1.15.0.201708311556/tools/compiler/bin/../lib/gcc/arm-none-eabi/6.3.1/thumb/v7e-m/fpv5/hard/libgcc.a
LOAD /home/zhonx/.opt/AC6/plugins/fr.ac6.mcu.externaltools.arm-none.linux64_1.15.0.201708311556/tools/compiler/bin/../lib/gcc/arm-none-eabi/6.3.1/../../../../arm-none-eabi/lib/thumb/v7e-m/fpv5/hard/libc_nano.a
LOAD /home/zhonx/.opt/AC6/plugins/fr.ac6.mcu.externaltools.arm-none.linux64_1.15.0.201708311556/tools/compiler/bin/../lib/gcc/arm-none-eabi/6.3.1/../../../../arm-none-eabi/lib/thumb/v7e-m/fpv5/hard/libnosys.a
END GROUP
LOAD /home/zhonx/.opt/AC6/plugins/fr.ac6.mcu.externaltools.arm-none.linux64_1.15.0.201708311556/tools/compiler/bin/../lib/gcc/arm-none-eabi/6.3.1/thumb/v7e-m/fpv5/hard/crtend.o
LOAD /home/zhonx/.opt/AC6/plugins/fr.ac6.mcu.externaltools.arm-none.linux64_1.15.0.201708311556/tools/compiler/bin/../lib/gcc/arm-none-eabi/6.3.1/thumb/v7e-m/fpv5/hard/crtn.o
                0x0000000024080000                _estack = 0x24080000
                0x0000000000000200                _Min_Heap_Size = 0x200
                0x0000000000000400                _Min_Stack_Size = 0x400

.isr_vector     0x0000000008000000      0x298
                0x0000000008000000                . = ALIGN (0x4)
 *(.isr_vector)
 .isr_vector    0x0000000008000000      0x298 startup/startup_stm32h743xx.o
                0x0000000008000000                g_pfnVectors
                0x0000000008000298                . = ALIGN (0x4)

.text           0x00000000080002a0     0xcb1c
                0x00000000080002a0                . = ALIGN (0x4)
 *(.text)
 .text          0x00000000080002a0       0x6c /home/zhonx/.opt/AC6/plugins/fr.ac6.mcu.externaltools.arm-none.linux64_1.15.0.201708311556/tools/compiler/bin/../lib/gcc/arm-none-eabi/6.3.1/thumb/v7e-m/fpv5/hard/crtbegin.o
 .text          0x000000000800030c       0x30 /home/zhonx/.opt/AC6/plugins/fr.ac6.mcu.externaltools.arm-none.linux64_1.15.0.201708311556/tools/compiler/bin/../lib/gcc/arm-none-eabi/6.3.1/thumb/v7e-m/fpv5/hard/libgcc.a(_aeabi_uldivmod.o)
                0x000000000800030c                __aeabi_uldivmod
 .text          0x000000000800033c      0x2dc /home/zhonx/.opt/AC6/plugins/fr.ac6.mcu.externaltools.arm-none.linux64_1.15.0.201708311556/tools/compiler/bin/../lib/gcc/arm-none-eabi/6.3.1/thumb/v7e-m/fpv5/hard/libgcc.a(_udivmoddi4.o)
                0x000000000800033c                __udivmoddi4
 .text          0x0000000008000618        0x4 /home/zhonx/.opt/AC6/plugins/fr.ac6.mcu.externaltools.arm-none.linux64_1.15.0.201708311556/tools/compiler/bin/../lib/gcc/arm-none-eabi/6.3.1/thumb/v7e-m/fpv5/hard/libgcc.a(_dvmd_tls.o)
                0x0000000008000618                __aeabi_ldiv0
                0x0000000008000618                __aeabi_idiv0
 *fill*         0x000000000800061c        0x4 
 .text          0x0000000008000620       0xa0 /home/zhonx/.opt/AC6/plugins/fr.ac6.mcu.externaltools.arm-none.linux64_1.15.0.201708311556/tools/compiler/bin/../lib/gcc/arm-none-eabi/6.3.1/../../../../arm-none-eabi/lib/thumb/v7e-m/fpv5/hard/libc_nano.a(lib_a-memchr.o)
                0x0000000008000620                memchr
 *(.text*)
 .text.HAL_Init
                0x00000000080006c0       0x24 Drivers/STM32H7xx_HAL_Driver/Src/stm32h7xx_hal.o
                0x00000000080006c0                HAL_Init
 .text.HAL_InitTick
                0x00000000080006e4       0x60 Drivers/STM32H7xx_HAL_Driver/Src/stm32h7xx_hal.o
                0x00000000080006e4                HAL_InitTick
 .text.HAL_IncTick
                0x0000000008000744       0x28 Drivers/STM32H7xx_HAL_Driver/Src/stm32h7xx_hal.o
                0x0000000008000744                HAL_IncTick
 .text.HAL_GetTick
                0x000000000800076c       0x18 Drivers/STM32H7xx_HAL_Driver/Src/stm32h7xx_hal.o
                0x000000000800076c                HAL_GetTick
 .text.HAL_Delay
                0x0000000008000784       0x44 Drivers/STM32H7xx_HAL_Driver/Src/stm32h7xx_hal.o
                0x0000000008000784                HAL_Delay
 .text.HAL_ADC_Init
                0x00000000080007c8      0x454 Drivers/STM32H7xx_HAL_Driver/Src/stm32h7xx_hal_adc.o
                0x00000000080007c8                HAL_ADC_Init
 .text.HAL_ADC_Start_IT
                0x0000000008000c1c      0x280 Drivers/STM32H7xx_HAL_Driver/Src/stm32h7xx_hal_adc.o
                0x0000000008000c1c                HAL_ADC_Start_IT
 .text.HAL_ADC_GetValue
                0x0000000008000e9c       0x1a Drivers/STM32H7xx_HAL_Driver/Src/stm32h7xx_hal_adc.o
                0x0000000008000e9c                HAL_ADC_GetValue
 *fill*         0x0000000008000eb6        0x2 
 .text.HAL_ADC_IRQHandler
                0x0000000008000eb8      0x4e4 Drivers/STM32H7xx_HAL_Driver/Src/stm32h7xx_hal_adc.o
                0x0000000008000eb8                HAL_ADC_IRQHandler
 .text.HAL_ADC_LevelOutOfWindowCallback
                0x000000000800139c       0x14 Drivers/STM32H7xx_HAL_Driver/Src/stm32h7xx_hal_adc.o
                0x000000000800139c                HAL_ADC_LevelOutOfWindowCallback
 .text.HAL_ADC_ErrorCallback
                0x00000000080013b0       0x14 Drivers/STM32H7xx_HAL_Driver/Src/stm32h7xx_hal_adc.o
                0x00000000080013b0                HAL_ADC_ErrorCallback
 .text.HAL_ADC_ConfigChannel
                0x00000000080013c4      0x9a4 Drivers/STM32H7xx_HAL_Driver/Src/stm32h7xx_hal_adc.o
                0x00000000080013c4                HAL_ADC_ConfigChannel
 .text.ADC_Enable
                0x0000000008001d68       0xcc Drivers/STM32H7xx_HAL_Driver/Src/stm32h7xx_hal_adc.o
                0x0000000008001d68                ADC_Enable
 .text.HAL_ADCEx_InjectedConvCpltCallback
                0x0000000008001e34       0x14 Drivers/STM32H7xx_HAL_Driver/Src/stm32h7xx_hal_adc_ex.o
                0x0000000008001e34                HAL_ADCEx_InjectedConvCpltCallback
 .text.HAL_ADCEx_InjectedQueueOverflowCallback
                0x0000000008001e48       0x14 Drivers/STM32H7xx_HAL_Driver/Src/stm32h7xx_hal_adc_ex.o
                0x0000000008001e48                HAL_ADCEx_InjectedQueueOverflowCallback
 .text.HAL_ADCEx_LevelOutOfWindow2Callback
                0x0000000008001e5c       0x14 Drivers/STM32H7xx_HAL_Driver/Src/stm32h7xx_hal_adc_ex.o
                0x0000000008001e5c                HAL_ADCEx_LevelOutOfWindow2Callback
 .text.HAL_ADCEx_LevelOutOfWindow3Callback
                0x0000000008001e70       0x14 Drivers/STM32H7xx_HAL_Driver/Src/stm32h7xx_hal_adc_ex.o
                0x0000000008001e70                HAL_ADCEx_LevelOutOfWindow3Callback
 .text.HAL_ADCEx_EndOfSamplingCallback
                0x0000000008001e84       0x14 Drivers/STM32H7xx_HAL_Driver/Src/stm32h7xx_hal_adc_ex.o
                0x0000000008001e84                HAL_ADCEx_EndOfSamplingCallback
 .text.HAL_ADCEx_MultiModeConfigChannel
                0x0000000008001e98      0x194 Drivers/STM32H7xx_HAL_Driver/Src/stm32h7xx_hal_adc_ex.o
                0x0000000008001e98                HAL_ADCEx_MultiModeConfigChannel
 .text.__NVIC_SetPriorityGrouping
                0x000000000800202c       0x48 Drivers/STM32H7xx_HAL_Driver/Src/stm32h7xx_hal_cortex.o
 .text.__NVIC_GetPriorityGrouping
                0x0000000008002074       0x1c Drivers/STM32H7xx_HAL_Driver/Src/stm32h7xx_hal_cortex.o
 .text.__NVIC_EnableIRQ
                0x0000000008002090       0x3c Drivers/STM32H7xx_HAL_Driver/Src/stm32h7xx_hal_cortex.o
 .text.__NVIC_SetPriority
                0x00000000080020cc       0x54 Drivers/STM32H7xx_HAL_Driver/Src/stm32h7xx_hal_cortex.o
 .text.NVIC_EncodePriority
                0x0000000008002120       0x62 Drivers/STM32H7xx_HAL_Driver/Src/stm32h7xx_hal_cortex.o
 *fill*         0x0000000008002182        0x2 
 .text.SysTick_Config
                0x0000000008002184       0x44 Drivers/STM32H7xx_HAL_Driver/Src/stm32h7xx_hal_cortex.o
 .text.HAL_NVIC_SetPriorityGrouping
                0x00000000080021c8       0x16 Drivers/STM32H7xx_HAL_Driver/Src/stm32h7xx_hal_cortex.o
                0x00000000080021c8                HAL_NVIC_SetPriorityGrouping
 .text.HAL_NVIC_SetPriority
                0x00000000080021de       0x38 Drivers/STM32H7xx_HAL_Driver/Src/stm32h7xx_hal_cortex.o
                0x00000000080021de                HAL_NVIC_SetPriority
 .text.HAL_NVIC_EnableIRQ
                0x0000000008002216       0x1c Drivers/STM32H7xx_HAL_Driver/Src/stm32h7xx_hal_cortex.o
                0x0000000008002216                HAL_NVIC_EnableIRQ
 .text.HAL_SYSTICK_Config
                0x0000000008002232       0x18 Drivers/STM32H7xx_HAL_Driver/Src/stm32h7xx_hal_cortex.o
                0x0000000008002232                HAL_SYSTICK_Config
 *fill*         0x000000000800224a        0x2 
 .text.HAL_SYSTICK_CLKSourceConfig
                0x000000000800224c       0x38 Drivers/STM32H7xx_HAL_Driver/Src/stm32h7xx_hal_cortex.o
                0x000000000800224c                HAL_SYSTICK_CLKSourceConfig
 .text.HAL_SYSTICK_IRQHandler
                0x0000000008002284        0xc Drivers/STM32H7xx_HAL_Driver/Src/stm32h7xx_hal_cortex.o
                0x0000000008002284                HAL_SYSTICK_IRQHandler
 .text.HAL_SYSTICK_Callback
                0x0000000008002290        0xe Drivers/STM32H7xx_HAL_Driver/Src/stm32h7xx_hal_cortex.o
                0x0000000008002290                HAL_SYSTICK_Callback
 .text.HAL_DAC_Init
                0x000000000800229e       0x44 Drivers/STM32H7xx_HAL_Driver/Src/stm32h7xx_hal_dac.o
                0x000000000800229e                HAL_DAC_Init
 *fill*         0x00000000080022e2        0x2 
 .text.HAL_DAC_Start_DMA
                0x00000000080022e4      0x160 Drivers/STM32H7xx_HAL_Driver/Src/stm32h7xx_hal_dac.o
                0x00000000080022e4                HAL_DAC_Start_DMA
 .text.HAL_DAC_IRQHandler
                0x0000000008002444       0xb4 Drivers/STM32H7xx_HAL_Driver/Src/stm32h7xx_hal_dac.o
                0x0000000008002444                HAL_DAC_IRQHandler
 .text.HAL_DAC_ConvCpltCallbackCh1
                0x00000000080024f8       0x14 Drivers/STM32H7xx_HAL_Driver/Src/stm32h7xx_hal_dac.o
                0x00000000080024f8                HAL_DAC_ConvCpltCallbackCh1
 .text.HAL_DAC_ConvHalfCpltCallbackCh1
                0x000000000800250c       0x14 Drivers/STM32H7xx_HAL_Driver/Src/stm32h7xx_hal_dac.o
                0x000000000800250c                HAL_DAC_ConvHalfCpltCallbackCh1
 .text.HAL_DAC_ErrorCallbackCh1
                0x0000000008002520       0x14 Drivers/STM32H7xx_HAL_Driver/Src/stm32h7xx_hal_dac.o
                0x0000000008002520                HAL_DAC_ErrorCallbackCh1
 .text.HAL_DAC_DMAUnderrunCallbackCh1
                0x0000000008002534       0x14 Drivers/STM32H7xx_HAL_Driver/Src/stm32h7xx_hal_dac.o
                0x0000000008002534                HAL_DAC_DMAUnderrunCallbackCh1
 .text.HAL_DAC_ConfigChannel
                0x0000000008002548      0x1e8 Drivers/STM32H7xx_HAL_Driver/Src/stm32h7xx_hal_dac.o
                0x0000000008002548                HAL_DAC_ConfigChannel
 .text.DAC_DMAConvCpltCh1
                0x0000000008002730       0x22 Drivers/STM32H7xx_HAL_Driver/Src/stm32h7xx_hal_dac.o
 .text.DAC_DMAHalfConvCpltCh1
                0x0000000008002752       0x1c Drivers/STM32H7xx_HAL_Driver/Src/stm32h7xx_hal_dac.o
 .text.DAC_DMAErrorCh1
                0x000000000800276e       0x2e Drivers/STM32H7xx_HAL_Driver/Src/stm32h7xx_hal_dac.o
 .text.HAL_DACEx_TriangleWaveGenerate
                0x000000000800279c       0x66 Drivers/STM32H7xx_HAL_Driver/Src/stm32h7xx_hal_dac_ex.o
                0x000000000800279c                HAL_DACEx_TriangleWaveGenerate
 .text.HAL_DACEx_ConvCpltCallbackCh2
                0x0000000008002802       0x14 Drivers/STM32H7xx_HAL_Driver/Src/stm32h7xx_hal_dac_ex.o
                0x0000000008002802                HAL_DACEx_ConvCpltCallbackCh2
 .text.HAL_DACEx_ConvHalfCpltCallbackCh2
                0x0000000008002816       0x14 Drivers/STM32H7xx_HAL_Driver/Src/stm32h7xx_hal_dac_ex.o
                0x0000000008002816                HAL_DACEx_ConvHalfCpltCallbackCh2
 .text.HAL_DACEx_ErrorCallbackCh2
                0x000000000800282a       0x14 Drivers/STM32H7xx_HAL_Driver/Src/stm32h7xx_hal_dac_ex.o
                0x000000000800282a                HAL_DACEx_ErrorCallbackCh2
 .text.HAL_DACEx_DMAUnderrunCallbackCh2
                0x000000000800283e       0x14 Drivers/STM32H7xx_HAL_Driver/Src/stm32h7xx_hal_dac_ex.o
                0x000000000800283e                HAL_DACEx_DMAUnderrunCallbackCh2
 .text.DAC_DMAConvCpltCh2
                0x0000000008002852       0x22 Drivers/STM32H7xx_HAL_Driver/Src/stm32h7xx_hal_dac_ex.o
                0x0000000008002852                DAC_DMAConvCpltCh2
 .text.DAC_DMAHalfConvCpltCh2
                0x0000000008002874       0x1c Drivers/STM32H7xx_HAL_Driver/Src/stm32h7xx_hal_dac_ex.o
                0x0000000008002874                DAC_DMAHalfConvCpltCh2
 .text.DAC_DMAErrorCh2
                0x0000000008002890       0x2e Drivers/STM32H7xx_HAL_Driver/Src/stm32h7xx_hal_dac_ex.o
                0x0000000008002890                DAC_DMAErrorCh2
 *fill*         0x00000000080028be        0x2 
 .text.HAL_DMA_Init
                0x00000000080028c0      0x2fc Drivers/STM32H7xx_HAL_Driver/Src/stm32h7xx_hal_dma.o
                0x00000000080028c0                HAL_DMA_Init
 .text.HAL_DMA_Start_IT
                0x0000000008002bbc      0x1b8 Drivers/STM32H7xx_HAL_Driver/Src/stm32h7xx_hal_dma.o
                0x0000000008002bbc                HAL_DMA_Start_IT
 .text.HAL_DMA_IRQHandler
                0x0000000008002d74      0x60c Drivers/STM32H7xx_HAL_Driver/Src/stm32h7xx_hal_dma.o
                0x0000000008002d74                HAL_DMA_IRQHandler
 .text.DMA_SetConfig
                0x0000000008003380      0x120 Drivers/STM32H7xx_HAL_Driver/Src/stm32h7xx_hal_dma.o
 .text.DMA_CalcBaseAndBitshift
                0x00000000080034a0       0x6c Drivers/STM32H7xx_HAL_Driver/Src/stm32h7xx_hal_dma.o
 .text.DMA_CheckFifoParam
                0x000000000800350c       0xf8 Drivers/STM32H7xx_HAL_Driver/Src/stm32h7xx_hal_dma.o
 .text.DMA_CalcDMAMUXChannelBaseAndMask
                0x0000000008003604       0xd0 Drivers/STM32H7xx_HAL_Driver/Src/stm32h7xx_hal_dma.o
 .text.DMA_CalcDMAMUXRequestGenBaseAndMask
                0x00000000080036d4       0x8c Drivers/STM32H7xx_HAL_Driver/Src/stm32h7xx_hal_dma.o
 .text.HAL_GPIO_Init
                0x0000000008003760      0x36c Drivers/STM32H7xx_HAL_Driver/Src/stm32h7xx_hal_gpio.o
                0x0000000008003760                HAL_GPIO_Init
 .text.HAL_GPIO_WritePin
                0x0000000008003acc       0x30 Drivers/STM32H7xx_HAL_Driver/Src/stm32h7xx_hal_gpio.o
                0x0000000008003acc                HAL_GPIO_WritePin
 .text.HAL_HRTIM_Init
                0x0000000008003afc      0x1a0 Drivers/STM32H7xx_HAL_Driver/Src/stm32h7xx_hal_hrtim.o
                0x0000000008003afc                HAL_HRTIM_Init
 .text.HAL_HRTIM_TimeBaseConfig
                0x0000000008003c9c       0x50 Drivers/STM32H7xx_HAL_Driver/Src/stm32h7xx_hal_hrtim.o
                0x0000000008003c9c                HAL_HRTIM_TimeBaseConfig
 .text.HAL_HRTIM_SimpleOCChannelConfig
                0x0000000008003cec      0x13e Drivers/STM32H7xx_HAL_Driver/Src/stm32h7xx_hal_hrtim.o
                0x0000000008003cec                HAL_HRTIM_SimpleOCChannelConfig
 .text.HAL_HRTIM_SimplePWMChannelConfig
                0x0000000008003e2a      0x12c Drivers/STM32H7xx_HAL_Driver/Src/stm32h7xx_hal_hrtim.o
                0x0000000008003e2a                HAL_HRTIM_SimplePWMChannelConfig
 *fill*         0x0000000008003f56        0x2 
 .text.HAL_HRTIM_SimplePWMStart
                0x0000000008003f58       0x78 Drivers/STM32H7xx_HAL_Driver/Src/stm32h7xx_hal_hrtim.o
                0x0000000008003f58                HAL_HRTIM_SimplePWMStart
 .text.HAL_HRTIM_EventConfig
                0x0000000008003fd0       0x5e Drivers/STM32H7xx_HAL_Driver/Src/stm32h7xx_hal_hrtim.o
                0x0000000008003fd0                HAL_HRTIM_EventConfig
 .text.HAL_HRTIM_EventPrescalerConfig
                0x000000000800402e       0x7a Drivers/STM32H7xx_HAL_Driver/Src/stm32h7xx_hal_hrtim.o
                0x000000000800402e                HAL_HRTIM_EventPrescalerConfig
 .text.HAL_HRTIM_ADCTriggerConfig
                0x00000000080040a8      0x134 Drivers/STM32H7xx_HAL_Driver/Src/stm32h7xx_hal_hrtim.o
                0x00000000080040a8                HAL_HRTIM_ADCTriggerConfig
 .text.HAL_HRTIM_WaveformTimerConfig
                0x00000000080041dc       0xe4 Drivers/STM32H7xx_HAL_Driver/Src/stm32h7xx_hal_hrtim.o
                0x00000000080041dc                HAL_HRTIM_WaveformTimerConfig
 .text.HAL_HRTIM_WaveformOutputConfig
                0x00000000080042c0       0x62 Drivers/STM32H7xx_HAL_Driver/Src/stm32h7xx_hal_hrtim.o
                0x00000000080042c0                HAL_HRTIM_WaveformOutputConfig
 .text.HAL_HRTIM_IRQHandler
                0x0000000008004322       0x36 Drivers/STM32H7xx_HAL_Driver/Src/stm32h7xx_hal_hrtim.o
                0x0000000008004322                HAL_HRTIM_IRQHandler
 .text.HAL_HRTIM_Fault1Callback
                0x0000000008004358       0x14 Drivers/STM32H7xx_HAL_Driver/Src/stm32h7xx_hal_hrtim.o
                0x0000000008004358                HAL_HRTIM_Fault1Callback
 .text.HAL_HRTIM_Fault2Callback
                0x000000000800436c       0x14 Drivers/STM32H7xx_HAL_Driver/Src/stm32h7xx_hal_hrtim.o
                0x000000000800436c                HAL_HRTIM_Fault2Callback
 .text.HAL_HRTIM_Fault3Callback
                0x0000000008004380       0x14 Drivers/STM32H7xx_HAL_Driver/Src/stm32h7xx_hal_hrtim.o
                0x0000000008004380                HAL_HRTIM_Fault3Callback
 .text.HAL_HRTIM_Fault4Callback
                0x0000000008004394       0x14 Drivers/STM32H7xx_HAL_Driver/Src/stm32h7xx_hal_hrtim.o
                0x0000000008004394                HAL_HRTIM_Fault4Callback
 .text.HAL_HRTIM_Fault5Callback
                0x00000000080043a8       0x14 Drivers/STM32H7xx_HAL_Driver/Src/stm32h7xx_hal_hrtim.o
                0x00000000080043a8                HAL_HRTIM_Fault5Callback
 .text.HAL_HRTIM_SystemFaultCallback
                0x00000000080043bc       0x14 Drivers/STM32H7xx_HAL_Driver/Src/stm32h7xx_hal_hrtim.o
                0x00000000080043bc                HAL_HRTIM_SystemFaultCallback
 .text.HAL_HRTIM_BurstModePeriodCallback
                0x00000000080043d0       0x14 Drivers/STM32H7xx_HAL_Driver/Src/stm32h7xx_hal_hrtim.o
                0x00000000080043d0                HAL_HRTIM_BurstModePeriodCallback
 .text.HAL_HRTIM_SynchronizationEventCallback
                0x00000000080043e4       0x14 Drivers/STM32H7xx_HAL_Driver/Src/stm32h7xx_hal_hrtim.o
                0x00000000080043e4                HAL_HRTIM_SynchronizationEventCallback
 .text.HAL_HRTIM_RegistersUpdateCallback
                0x00000000080043f8       0x16 Drivers/STM32H7xx_HAL_Driver/Src/stm32h7xx_hal_hrtim.o
                0x00000000080043f8                HAL_HRTIM_RegistersUpdateCallback
 .text.HAL_HRTIM_RepetitionEventCallback
                0x000000000800440e       0x16 Drivers/STM32H7xx_HAL_Driver/Src/stm32h7xx_hal_hrtim.o
                0x000000000800440e                HAL_HRTIM_RepetitionEventCallback
 .text.HAL_HRTIM_Compare1EventCallback
                0x0000000008004424       0x16 Drivers/STM32H7xx_HAL_Driver/Src/stm32h7xx_hal_hrtim.o
                0x0000000008004424                HAL_HRTIM_Compare1EventCallback
 .text.HAL_HRTIM_Compare2EventCallback
                0x000000000800443a       0x16 Drivers/STM32H7xx_HAL_Driver/Src/stm32h7xx_hal_hrtim.o
                0x000000000800443a                HAL_HRTIM_Compare2EventCallback
 .text.HAL_HRTIM_Compare3EventCallback
                0x0000000008004450       0x16 Drivers/STM32H7xx_HAL_Driver/Src/stm32h7xx_hal_hrtim.o
                0x0000000008004450                HAL_HRTIM_Compare3EventCallback
 .text.HAL_HRTIM_Compare4EventCallback
                0x0000000008004466       0x16 Drivers/STM32H7xx_HAL_Driver/Src/stm32h7xx_hal_hrtim.o
                0x0000000008004466                HAL_HRTIM_Compare4EventCallback
 .text.HAL_HRTIM_Capture1EventCallback
                0x000000000800447c       0x16 Drivers/STM32H7xx_HAL_Driver/Src/stm32h7xx_hal_hrtim.o
                0x000000000800447c                HAL_HRTIM_Capture1EventCallback
 .text.HAL_HRTIM_Capture2EventCallback
                0x0000000008004492       0x16 Drivers/STM32H7xx_HAL_Driver/Src/stm32h7xx_hal_hrtim.o
                0x0000000008004492                HAL_HRTIM_Capture2EventCallback
 .text.HAL_HRTIM_DelayedProtectionCallback
                0x00000000080044a8       0x16 Drivers/STM32H7xx_HAL_Driver/Src/stm32h7xx_hal_hrtim.o
                0x00000000080044a8                HAL_HRTIM_DelayedProtectionCallback
 .text.HAL_HRTIM_CounterResetCallback
                0x00000000080044be       0x16 Drivers/STM32H7xx_HAL_Driver/Src/stm32h7xx_hal_hrtim.o
                0x00000000080044be                HAL_HRTIM_CounterResetCallback
 .text.HAL_HRTIM_Output1SetCallback
                0x00000000080044d4       0x16 Drivers/STM32H7xx_HAL_Driver/Src/stm32h7xx_hal_hrtim.o
                0x00000000080044d4                HAL_HRTIM_Output1SetCallback
 .text.HAL_HRTIM_Output1ResetCallback
                0x00000000080044ea       0x16 Drivers/STM32H7xx_HAL_Driver/Src/stm32h7xx_hal_hrtim.o
                0x00000000080044ea                HAL_HRTIM_Output1ResetCallback
 .text.HAL_HRTIM_Output2SetCallback
                0x0000000008004500       0x16 Drivers/STM32H7xx_HAL_Driver/Src/stm32h7xx_hal_hrtim.o
                0x0000000008004500                HAL_HRTIM_Output2SetCallback
 .text.HAL_HRTIM_Output2ResetCallback
                0x0000000008004516       0x16 Drivers/STM32H7xx_HAL_Driver/Src/stm32h7xx_hal_hrtim.o
                0x0000000008004516                HAL_HRTIM_Output2ResetCallback
 .text.HRTIM_MasterBase_Config
                0x000000000800452c       0x5e Drivers/STM32H7xx_HAL_Driver/Src/stm32h7xx_hal_hrtim.o
 .text.HRTIM_TimingUnitBase_Config
                0x000000000800458a       0x80 Drivers/STM32H7xx_HAL_Driver/Src/stm32h7xx_hal_hrtim.o
 .text.HRTIM_MasterWaveform_Config
                0x000000000800460a       0xcc Drivers/STM32H7xx_HAL_Driver/Src/stm32h7xx_hal_hrtim.o
 *fill*         0x00000000080046d6        0x2 
 .text.HRTIM_TimingUnitWaveform_Config
                0x00000000080046d8      0x28c Drivers/STM32H7xx_HAL_Driver/Src/stm32h7xx_hal_hrtim.o
 .text.HRTIM_CompareUnitConfig
                0x0000000008004964      0x100 Drivers/STM32H7xx_HAL_Driver/Src/stm32h7xx_hal_hrtim.o
 .text.HRTIM_OutputConfig
                0x0000000008004a64      0x172 Drivers/STM32H7xx_HAL_Driver/Src/stm32h7xx_hal_hrtim.o
 .text.HRTIM_EventConfig
                0x0000000008004bd6      0x3d2 Drivers/STM32H7xx_HAL_Driver/Src/stm32h7xx_hal_hrtim.o
 .text.HRTIM_ForceRegistersUpdate
                0x0000000008004fa8       0xc0 Drivers/STM32H7xx_HAL_Driver/Src/stm32h7xx_hal_hrtim.o
 .text.HRTIM_HRTIM_ISR
                0x0000000008005068      0x130 Drivers/STM32H7xx_HAL_Driver/Src/stm32h7xx_hal_hrtim.o
 .text.HRTIM_Master_ISR
                0x0000000008005198      0x178 Drivers/STM32H7xx_HAL_Driver/Src/stm32h7xx_hal_hrtim.o
 .text.HRTIM_Timer_ISR
                0x0000000008005310      0x410 Drivers/STM32H7xx_HAL_Driver/Src/stm32h7xx_hal_hrtim.o
 .text.HAL_PCD_Init
                0x0000000008005720      0x22a Drivers/STM32H7xx_HAL_Driver/Src/stm32h7xx_hal_pcd.o
                0x0000000008005720                HAL_PCD_Init
 *fill*         0x000000000800594a        0x2 
 .text.HAL_PCDEx_ActivateLPM
                0x000000000800594c       0x48 Drivers/STM32H7xx_HAL_Driver/Src/stm32h7xx_hal_pcd_ex.o
                0x000000000800594c                HAL_PCDEx_ActivateLPM
 .text.HAL_PCDEx_ActivateBCD
                0x0000000008005994       0x3c Drivers/STM32H7xx_HAL_Driver/Src/stm32h7xx_hal_pcd_ex.o
                0x0000000008005994                HAL_PCDEx_ActivateBCD
 .text.HAL_RCC_OscConfig
                0x00000000080059d0      0x734 Drivers/STM32H7xx_HAL_Driver/Src/stm32h7xx_hal_rcc.o
                0x00000000080059d0                HAL_RCC_OscConfig
 .text.HAL_RCC_ClockConfig
                0x0000000008006104      0x294 Drivers/STM32H7xx_HAL_Driver/Src/stm32h7xx_hal_rcc.o
                0x0000000008006104                HAL_RCC_ClockConfig
 .text.HAL_RCC_GetSysClockFreq
                0x0000000008006398      0x2e0 Drivers/STM32H7xx_HAL_Driver/Src/stm32h7xx_hal_rcc.o
                0x0000000008006398                HAL_RCC_GetSysClockFreq
 .text.HAL_RCC_GetHCLKFreq
                0x0000000008006678       0x50 Drivers/STM32H7xx_HAL_Driver/Src/stm32h7xx_hal_rcc.o
                0x0000000008006678                HAL_RCC_GetHCLKFreq
 .text.HAL_RCC_GetPCLK1Freq
                0x00000000080066c8       0x44 Drivers/STM32H7xx_HAL_Driver/Src/stm32h7xx_hal_rcc.o
                0x00000000080066c8                HAL_RCC_GetPCLK1Freq
 .text.HAL_RCC_GetPCLK2Freq
                0x000000000800670c       0x44 Drivers/STM32H7xx_HAL_Driver/Src/stm32h7xx_hal_rcc.o
                0x000000000800670c                HAL_RCC_GetPCLK2Freq
 .text.HAL_RCCEx_PeriphCLKConfig
                0x0000000008006750      0xfb8 Drivers/STM32H7xx_HAL_Driver/Src/stm32h7xx_hal_rcc_ex.o
                0x0000000008006750                HAL_RCCEx_PeriphCLKConfig
 .text.HAL_RCCEx_GetD3PCLK1Freq
                0x0000000008007708       0x44 Drivers/STM32H7xx_HAL_Driver/Src/stm32h7xx_hal_rcc_ex.o
                0x0000000008007708                HAL_RCCEx_GetD3PCLK1Freq
 .text.HAL_RCCEx_GetPLL2ClockFreq
                0x000000000800774c      0x270 Drivers/STM32H7xx_HAL_Driver/Src/stm32h7xx_hal_rcc_ex.o
                0x000000000800774c                HAL_RCCEx_GetPLL2ClockFreq
 .text.HAL_RCCEx_GetPLL3ClockFreq
                0x00000000080079bc      0x270 Drivers/STM32H7xx_HAL_Driver/Src/stm32h7xx_hal_rcc_ex.o
                0x00000000080079bc                HAL_RCCEx_GetPLL3ClockFreq
 .text.HAL_RCCEx_GetD1SysClockFreq
                0x0000000008007c2c       0x50 Drivers/STM32H7xx_HAL_Driver/Src/stm32h7xx_hal_rcc_ex.o
                0x0000000008007c2c                HAL_RCCEx_GetD1SysClockFreq
 .text.RCCEx_PLL2_Config
                0x0000000008007c7c      0x100 Drivers/STM32H7xx_HAL_Driver/Src/stm32h7xx_hal_rcc_ex.o
 .text.RCCEx_PLL3_Config
                0x0000000008007d7c      0x100 Drivers/STM32H7xx_HAL_Driver/Src/stm32h7xx_hal_rcc_ex.o
 .text.HAL_TIM_Base_Init
                0x0000000008007e7c       0x56 Drivers/STM32H7xx_HAL_Driver/Src/stm32h7xx_hal_tim.o
                0x0000000008007e7c                HAL_TIM_Base_Init
 .text.HAL_TIM_Base_Start
                0x0000000008007ed2       0x3a Drivers/STM32H7xx_HAL_Driver/Src/stm32h7xx_hal_tim.o
                0x0000000008007ed2                HAL_TIM_Base_Start
 .text.HAL_TIM_OC_Init
                0x0000000008007f0c       0x56 Drivers/STM32H7xx_HAL_Driver/Src/stm32h7xx_hal_tim.o
                0x0000000008007f0c                HAL_TIM_OC_Init
 .text.HAL_TIM_IRQHandler
                0x0000000008007f62      0x23e Drivers/STM32H7xx_HAL_Driver/Src/stm32h7xx_hal_tim.o
                0x0000000008007f62                HAL_TIM_IRQHandler
 .text.HAL_TIM_OC_ConfigChannel
                0x00000000080081a0       0xfc Drivers/STM32H7xx_HAL_Driver/Src/stm32h7xx_hal_tim.o
                0x00000000080081a0                HAL_TIM_OC_ConfigChannel
 .text.HAL_TIM_PeriodElapsedCallback
                0x000000000800829c       0x14 Drivers/STM32H7xx_HAL_Driver/Src/stm32h7xx_hal_tim.o
                0x000000000800829c                HAL_TIM_PeriodElapsedCallback
 .text.HAL_TIM_OC_DelayElapsedCallback
                0x00000000080082b0       0x14 Drivers/STM32H7xx_HAL_Driver/Src/stm32h7xx_hal_tim.o
                0x00000000080082b0                HAL_TIM_OC_DelayElapsedCallback
 .text.HAL_TIM_IC_CaptureCallback
                0x00000000080082c4       0x14 Drivers/STM32H7xx_HAL_Driver/Src/stm32h7xx_hal_tim.o
                0x00000000080082c4                HAL_TIM_IC_CaptureCallback
 .text.HAL_TIM_PWM_PulseFinishedCallback
                0x00000000080082d8       0x14 Drivers/STM32H7xx_HAL_Driver/Src/stm32h7xx_hal_tim.o
                0x00000000080082d8                HAL_TIM_PWM_PulseFinishedCallback
 .text.HAL_TIM_TriggerCallback
                0x00000000080082ec       0x14 Drivers/STM32H7xx_HAL_Driver/Src/stm32h7xx_hal_tim.o
                0x00000000080082ec                HAL_TIM_TriggerCallback
 .text.TIM_Base_SetConfig
                0x0000000008008300      0x140 Drivers/STM32H7xx_HAL_Driver/Src/stm32h7xx_hal_tim.o
                0x0000000008008300                TIM_Base_SetConfig
 .text.TIM_OC1_SetConfig
                0x0000000008008440      0x12c Drivers/STM32H7xx_HAL_Driver/Src/stm32h7xx_hal_tim.o
                0x0000000008008440                TIM_OC1_SetConfig
 .text.TIM_OC2_SetConfig
                0x000000000800856c      0x120 Drivers/STM32H7xx_HAL_Driver/Src/stm32h7xx_hal_tim.o
                0x000000000800856c                TIM_OC2_SetConfig
 .text.TIM_OC3_SetConfig
                0x000000000800868c      0x118 Drivers/STM32H7xx_HAL_Driver/Src/stm32h7xx_hal_tim.o
                0x000000000800868c                TIM_OC3_SetConfig
 .text.TIM_OC4_SetConfig
                0x00000000080087a4       0xdc Drivers/STM32H7xx_HAL_Driver/Src/stm32h7xx_hal_tim.o
                0x00000000080087a4                TIM_OC4_SetConfig
 .text.TIM_OC5_SetConfig
                0x0000000008008880       0xd0 Drivers/STM32H7xx_HAL_Driver/Src/stm32h7xx_hal_tim.o
 .text.TIM_OC6_SetConfig
                0x0000000008008950       0xd4 Drivers/STM32H7xx_HAL_Driver/Src/stm32h7xx_hal_tim.o
 .text.HAL_TIMEx_MasterConfigSynchronization
                0x0000000008008a24       0xa8 Drivers/STM32H7xx_HAL_Driver/Src/stm32h7xx_hal_tim_ex.o
                0x0000000008008a24                HAL_TIMEx_MasterConfigSynchronization
 .text.HAL_TIMEx_ConfigBreakDeadTime
                0x0000000008008acc       0xfc Drivers/STM32H7xx_HAL_Driver/Src/stm32h7xx_hal_tim_ex.o
                0x0000000008008acc                HAL_TIMEx_ConfigBreakDeadTime
 .text.HAL_TIMEx_CommutationCallback
                0x0000000008008bc8       0x14 Drivers/STM32H7xx_HAL_Driver/Src/stm32h7xx_hal_tim_ex.o
                0x0000000008008bc8                HAL_TIMEx_CommutationCallback
 .text.HAL_TIMEx_BreakCallback
                0x0000000008008bdc       0x14 Drivers/STM32H7xx_HAL_Driver/Src/stm32h7xx_hal_tim_ex.o
                0x0000000008008bdc                HAL_TIMEx_BreakCallback
 .text.HAL_UART_Init
                0x0000000008008bf0       0xa2 Drivers/STM32H7xx_HAL_Driver/Src/stm32h7xx_hal_uart.o
                0x0000000008008bf0                HAL_UART_Init
 .text.HAL_UART_Transmit
                0x0000000008008c92      0x11a Drivers/STM32H7xx_HAL_Driver/Src/stm32h7xx_hal_uart.o
                0x0000000008008c92                HAL_UART_Transmit
 .text.UART_SetConfig
                0x0000000008008dac      0xf5c Drivers/STM32H7xx_HAL_Driver/Src/stm32h7xx_hal_uart.o
                0x0000000008008dac                UART_SetConfig
 .text.UART_AdvFeatureConfig
                0x0000000008009d08      0x144 Drivers/STM32H7xx_HAL_Driver/Src/stm32h7xx_hal_uart.o
                0x0000000008009d08                UART_AdvFeatureConfig
 .text.UART_CheckIdleState
                0x0000000008009e4c       0x92 Drivers/STM32H7xx_HAL_Driver/Src/stm32h7xx_hal_uart.o
                0x0000000008009e4c                UART_CheckIdleState
 .text.UART_WaitOnFlagUntilTimeout
                0x0000000008009ede       0x94 Drivers/STM32H7xx_HAL_Driver/Src/stm32h7xx_hal_uart.o
                0x0000000008009ede                UART_WaitOnFlagUntilTimeout
 *fill*         0x0000000008009f72        0x2 
 .text.USB_CoreInit
                0x0000000008009f74       0xa4 Drivers/STM32H7xx_HAL_Driver/Src/stm32h7xx_ll_usb.o
                0x0000000008009f74                USB_CoreInit
 .text.USB_DisableGlobalInt
                0x000000000800a018       0x22 Drivers/STM32H7xx_HAL_Driver/Src/stm32h7xx_ll_usb.o
                0x000000000800a018                USB_DisableGlobalInt
 .text.USB_SetCurrentMode
                0x000000000800a03a       0x4e Drivers/STM32H7xx_HAL_Driver/Src/stm32h7xx_ll_usb.o
                0x000000000800a03a                USB_SetCurrentMode
 .text.USB_DevInit
                0x000000000800a088      0x27c Drivers/STM32H7xx_HAL_Driver/Src/stm32h7xx_ll_usb.o
                0x000000000800a088                USB_DevInit
 .text.USB_FlushTxFifo
                0x000000000800a304       0x4c Drivers/STM32H7xx_HAL_Driver/Src/stm32h7xx_ll_usb.o
                0x000000000800a304                USB_FlushTxFifo
 .text.USB_FlushRxFifo
                0x000000000800a350       0x44 Drivers/STM32H7xx_HAL_Driver/Src/stm32h7xx_ll_usb.o
                0x000000000800a350                USB_FlushRxFifo
 .text.USB_SetDevSpeed
                0x000000000800a394       0x30 Drivers/STM32H7xx_HAL_Driver/Src/stm32h7xx_ll_usb.o
                0x000000000800a394                USB_SetDevSpeed
 .text.USB_DevDisconnect
                0x000000000800a3c4       0x2e Drivers/STM32H7xx_HAL_Driver/Src/stm32h7xx_ll_usb.o
                0x000000000800a3c4                USB_DevDisconnect
 *fill*         0x000000000800a3f2        0x2 
 .text.USB_CoreReset
                0x000000000800a3f4       0x68 Drivers/STM32H7xx_HAL_Driver/Src/stm32h7xx_ll_usb.o
 .text.MX_ADC1_Init
                0x000000000800a45c       0xf0 Src/adc.o
                0x000000000800a45c                MX_ADC1_Init
 .text.HAL_ADC_MspInit
                0x000000000800a54c       0xdc Src/adc.o
                0x000000000800a54c                HAL_ADC_MspInit
 .text.cisInit  0x000000000800a628       0xd4 Src/cis.o
                0x000000000800a628                cisInit
 .text.HAL_ADC_ConvCpltCallback
                0x000000000800a6fc      0x1a4 Src/cis.o
                0x000000000800a6fc                HAL_ADC_ConvCpltCallback
 .text.timesBaseInit
                0x000000000800a8a0      0x238 Src/cis.o
                0x000000000800a8a0                timesBaseInit
 .text.MX_DAC1_Init
                0x000000000800aad8       0x7c Src/dac.o
                0x000000000800aad8                MX_DAC1_Init
 .text.HAL_DAC_MspInit
                0x000000000800ab54       0xe0 Src/dac.o
                0x000000000800ab54                HAL_DAC_MspInit
 .text.MX_DMA_Init
                0x000000000800ac34       0x60 Src/dma.o
                0x000000000800ac34                MX_DMA_Init
 .text.MX_GPIO_Init
                0x000000000800ac94      0x27c Src/gpio.o
                0x000000000800ac94                MX_GPIO_Init
 .text.MX_HRTIM_Init
                0x000000000800af10      0x1ec Src/hrtim.o
                0x000000000800af10                MX_HRTIM_Init
 .text.HAL_HRTIM_MspInit
                0x000000000800b0fc       0x50 Src/hrtim.o
                0x000000000800b0fc                HAL_HRTIM_MspInit
 .text.HAL_HRTIM_MspPostInit
                0x000000000800b14c       0x44 Src/hrtim.o
                0x000000000800b14c                HAL_HRTIM_MspPostInit
 .text.main     0x000000000800b190       0x6c Src/main.o
                0x000000000800b190                main
 .text.SystemClock_Config
                0x000000000800b1fc      0x1e0 Src/main.o
                0x000000000800b1fc                SystemClock_Config
 .text._Error_Handler
                0x000000000800b3dc        0xc Src/main.o
                0x000000000800b3dc                _Error_Handler
 .text.HAL_MspInit
                0x000000000800b3e8       0x8c Src/stm32h7xx_hal_msp.o
                0x000000000800b3e8                HAL_MspInit
 .text.SVC_Handler
                0x000000000800b474        0xe Src/stm32h7xx_it.o
                0x000000000800b474                SVC_Handler
 .text.PendSV_Handler
                0x000000000800b482        0xe Src/stm32h7xx_it.o
                0x000000000800b482                PendSV_Handler
 .text.SysTick_Handler
                0x000000000800b490       0x10 Src/stm32h7xx_it.o
                0x000000000800b490                SysTick_Handler
 .text.DMA1_Stream0_IRQHandler
                0x000000000800b4a0       0x14 Src/stm32h7xx_it.o
                0x000000000800b4a0                DMA1_Stream0_IRQHandler
 .text.DMA1_Stream1_IRQHandler
                0x000000000800b4b4       0x14 Src/stm32h7xx_it.o
                0x000000000800b4b4                DMA1_Stream1_IRQHandler
 .text.DMA1_Stream2_IRQHandler
                0x000000000800b4c8       0x14 Src/stm32h7xx_it.o
                0x000000000800b4c8                DMA1_Stream2_IRQHandler
 .text.ADC_IRQHandler
                0x000000000800b4dc       0x14 Src/stm32h7xx_it.o
                0x000000000800b4dc                ADC_IRQHandler
 .text.TIM1_UP_IRQHandler
                0x000000000800b4f0       0x14 Src/stm32h7xx_it.o
                0x000000000800b4f0                TIM1_UP_IRQHandler
 .text.TIM1_TRG_COM_IRQHandler
                0x000000000800b504       0x14 Src/stm32h7xx_it.o
                0x000000000800b504                TIM1_TRG_COM_IRQHandler
 .text.TIM1_CC_IRQHandler
                0x000000000800b518       0x14 Src/stm32h7xx_it.o
                0x000000000800b518                TIM1_CC_IRQHandler
 .text.TIM6_DAC_IRQHandler
                0x000000000800b52c       0x1c Src/stm32h7xx_it.o
                0x000000000800b52c                TIM6_DAC_IRQHandler
 .text.HRTIM1_TIMA_IRQHandler
                0x000000000800b548       0x14 Src/stm32h7xx_it.o
                0x000000000800b548                HRTIM1_TIMA_IRQHandler
 .text.TIM15_IRQHandler
                0x000000000800b55c       0x14 Src/stm32h7xx_it.o
                0x000000000800b55c                TIM15_IRQHandler
 .text._read    0x000000000800b570       0x3a Src/syscalls.o
                0x000000000800b570                _read
 .text._write   0x000000000800b5aa       0x38 Src/syscalls.o
                0x000000000800b5aa                _write
 *fill*         0x000000000800b5e2        0x2 
 .text._sbrk    0x000000000800b5e4       0x58 Src/syscalls.o
                0x000000000800b5e4                _sbrk
 .text._close   0x000000000800b63c       0x18 Src/syscalls.o
                0x000000000800b63c                _close
 .text._fstat   0x000000000800b654       0x20 Src/syscalls.o
                0x000000000800b654                _fstat
 .text._isatty  0x000000000800b674       0x16 Src/syscalls.o
                0x000000000800b674                _isatty
 .text._lseek   0x000000000800b68a       0x1a Src/syscalls.o
                0x000000000800b68a                _lseek
 .text.SystemInit
                0x000000000800b6a4       0xb0 Src/system_stm32h7xx.o
                0x000000000800b6a4                SystemInit
 .text.MX_TIM1_Init
                0x000000000800b754      0x108 Src/tim.o
                0x000000000800b754                MX_TIM1_Init
 .text.MX_TIM6_Init
                0x000000000800b85c       0x70 Src/tim.o
                0x000000000800b85c                MX_TIM6_Init
 .text.MX_TIM15_Init
                0x000000000800b8cc       0xf8 Src/tim.o
                0x000000000800b8cc                MX_TIM15_Init
 .text.HAL_TIM_OC_MspInit
                0x000000000800b9c4       0xb0 Src/tim.o
                0x000000000800b9c4                HAL_TIM_OC_MspInit
 .text.HAL_TIM_Base_MspInit
                0x000000000800ba74       0x50 Src/tim.o
                0x000000000800ba74                HAL_TIM_Base_MspInit
 .text.HAL_TIM_MspPostInit
                0x000000000800bac4       0x74 Src/tim.o
                0x000000000800bac4                HAL_TIM_MspPostInit
 .text.MX_USART3_UART_Init
                0x000000000800bb38       0x80 Src/usart.o
                0x000000000800bb38                MX_USART3_UART_Init
 .text.HAL_UART_MspInit
                0x000000000800bbb8       0xd4 Src/usart.o
                0x000000000800bbb8                HAL_UART_MspInit
 .text.__io_putchar
                0x000000000800bc8c       0x24 Src/usart.o
                0x000000000800bc8c                __io_putchar
 .text.MX_USB_OTG_FS_PCD_Init
                0x000000000800bcb0       0x70 Src/usb_otg.o
                0x000000000800bcb0                MX_USB_OTG_FS_PCD_Init
 .text.HAL_PCD_MspInit
                0x000000000800bd20       0x80 Src/usb_otg.o
                0x000000000800bd20                HAL_PCD_MspInit
 .text.Reset_Handler
                0x000000000800bda0       0x50 startup/startup_stm32h743xx.o
                0x000000000800bda0                Reset_Handler
 .text.Default_Handler
                0x000000000800bdf0        0x2 startup/startup_stm32h743xx.o
                0x000000000800bdf0                RTC_Alarm_IRQHandler
                0x000000000800bdf0                EXTI2_IRQHandler
                0x000000000800bdf0                TIM8_CC_IRQHandler
                0x000000000800bdf0                HRTIM1_Master_IRQHandler
                0x000000000800bdf0                DebugMon_Handler
                0x000000000800bdf0                UART8_IRQHandler
                0x000000000800bdf0                SPI4_IRQHandler
                0x000000000800bdf0                BDMA_Channel6_IRQHandler
                0x000000000800bdf0                DMA2_Stream5_IRQHandler
                0x000000000800bdf0                HardFault_Handler
                0x000000000800bdf0                HRTIM1_FLT_IRQHandler
                0x000000000800bdf0                JPEG_IRQHandler
                0x000000000800bdf0                DMA1_Stream5_IRQHandler
                0x000000000800bdf0                BDMA_Channel1_IRQHandler
                0x000000000800bdf0                HRTIM1_TIMD_IRQHandler
                0x000000000800bdf0                TAMP_STAMP_IRQHandler
                0x000000000800bdf0                NMI_Handler
                0x000000000800bdf0                EXTI3_IRQHandler
                0x000000000800bdf0                LPTIM4_IRQHandler
                0x000000000800bdf0                TIM8_TRG_COM_TIM14_IRQHandler
                0x000000000800bdf0                LPTIM2_IRQHandler
                0x000000000800bdf0                DFSDM1_FLT1_IRQHandler
                0x000000000800bdf0                DMAMUX2_OVR_IRQHandler
                0x000000000800bdf0                TIM8_UP_TIM13_IRQHandler
                0x000000000800bdf0                I2C3_ER_IRQHandler
                0x000000000800bdf0                DFSDM1_FLT2_IRQHandler
                0x000000000800bdf0                MDMA_IRQHandler
                0x000000000800bdf0                LPTIM3_IRQHandler
                0x000000000800bdf0                HSEM1_IRQHandler
                0x000000000800bdf0                EXTI0_IRQHandler
                0x000000000800bdf0                I2C2_EV_IRQHandler
                0x000000000800bdf0                FPU_IRQHandler
                0x000000000800bdf0                OTG_HS_WKUP_IRQHandler
                0x000000000800bdf0                FDCAN1_IT1_IRQHandler
                0x000000000800bdf0                UsageFault_Handler
                0x000000000800bdf0                LTDC_ER_IRQHandler
                0x000000000800bdf0                DMA2_Stream2_IRQHandler
                0x000000000800bdf0                HRTIM1_TIME_IRQHandler
                0x000000000800bdf0                SPI1_IRQHandler
                0x000000000800bdf0                DCMI_IRQHandler
                0x000000000800bdf0                HRTIM1_TIMC_IRQHandler
                0x000000000800bdf0                DMA2_Stream3_IRQHandler
                0x000000000800bdf0                SAI2_IRQHandler
                0x000000000800bdf0                DFSDM1_FLT3_IRQHandler
                0x000000000800bdf0                USART6_IRQHandler
                0x000000000800bdf0                TIM17_IRQHandler
                0x000000000800bdf0                USART3_IRQHandler
                0x000000000800bdf0                BDMA_Channel7_IRQHandler
                0x000000000800bdf0                LPTIM5_IRQHandler
                0x000000000800bdf0                UART5_IRQHandler
                0x000000000800bdf0                ADC3_IRQHandler
                0x000000000800bdf0                DMA2_Stream0_IRQHandler
                0x000000000800bdf0                TIM4_IRQHandler
                0x000000000800bdf0                BDMA_Channel2_IRQHandler
                0x000000000800bdf0                QUADSPI_IRQHandler
                0x000000000800bdf0                I2C1_EV_IRQHandler
                0x000000000800bdf0                DMA1_Stream6_IRQHandler
                0x000000000800bdf0                DMAMUX1_OVR_IRQHandler
                0x000000000800bdf0                TIM16_IRQHandler
                0x000000000800bdf0                UART4_IRQHandler
                0x000000000800bdf0                BDMA_Channel5_IRQHandler
                0x000000000800bdf0                TIM3_IRQHandler
                0x000000000800bdf0                RCC_IRQHandler
                0x000000000800bdf0                TIM8_BRK_TIM12_IRQHandler
                0x000000000800bdf0                Default_Handler
                0x000000000800bdf0                CEC_IRQHandler
                0x000000000800bdf0                EXTI15_10_IRQHandler
                0x000000000800bdf0                BDMA_Channel0_IRQHandler
                0x000000000800bdf0                DMA1_Stream7_IRQHandler
                0x000000000800bdf0                SPI5_IRQHandler
                0x000000000800bdf0                TIM7_IRQHandler
                0x000000000800bdf0                SDMMC1_IRQHandler
                0x000000000800bdf0                TIM5_IRQHandler
                0x000000000800bdf0                DMA2_Stream7_IRQHandler
                0x000000000800bdf0                PVD_AVD_IRQHandler
                0x000000000800bdf0                I2C3_EV_IRQHandler
                0x000000000800bdf0                EXTI9_5_IRQHandler
                0x000000000800bdf0                RTC_WKUP_IRQHandler
                0x000000000800bdf0                LTDC_IRQHandler
                0x000000000800bdf0                SAI3_IRQHandler
                0x000000000800bdf0                ETH_WKUP_IRQHandler
                0x000000000800bdf0                SPDIF_RX_IRQHandler
                0x000000000800bdf0                SPI2_IRQHandler
                0x000000000800bdf0                OTG_HS_EP1_IN_IRQHandler
                0x000000000800bdf0                MemManage_Handler
                0x000000000800bdf0                CRS_IRQHandler
                0x000000000800bdf0                EXTI4_IRQHandler
                0x000000000800bdf0                RNG_IRQHandler
                0x000000000800bdf0                HRTIM1_TIMB_IRQHandler
                0x000000000800bdf0                FDCAN2_IT1_IRQHandler
                0x000000000800bdf0                ETH_IRQHandler
                0x000000000800bdf0                BDMA_Channel4_IRQHandler
                0x000000000800bdf0                OTG_HS_EP1_OUT_IRQHandler
                0x000000000800bdf0                WWDG_IRQHandler
                0x000000000800bdf0                SPI6_IRQHandler
                0x000000000800bdf0                MDIOS_IRQHandler
                0x000000000800bdf0                I2C4_EV_IRQHandler
                0x000000000800bdf0                FDCAN2_IT0_IRQHandler
                0x000000000800bdf0                LPUART1_IRQHandler
                0x000000000800bdf0                FDCAN1_IT0_IRQHandler
                0x000000000800bdf0                TIM2_IRQHandler
                0x000000000800bdf0                OTG_FS_WKUP_IRQHandler
                0x000000000800bdf0                OTG_HS_IRQHandler
                0x000000000800bdf0                DMA2D_IRQHandler
                0x000000000800bdf0                TIM1_BRK_IRQHandler
                0x000000000800bdf0                EXTI1_IRQHandler
                0x000000000800bdf0                SDMMC2_IRQHandler
                0x000000000800bdf0                OTG_FS_EP1_OUT_IRQHandler
                0x000000000800bdf0                BDMA_Channel3_IRQHandler
                0x000000000800bdf0                UART7_IRQHandler
                0x000000000800bdf0                MDIOS_WKUP_IRQHandler
                0x000000000800bdf0                USART2_IRQHandler
                0x000000000800bdf0                DFSDM1_FLT0_IRQHandler
                0x000000000800bdf0                SAI4_IRQHandler
                0x000000000800bdf0                I2C2_ER_IRQHandler
                0x000000000800bdf0                DMA2_Stream1_IRQHandler
                0x000000000800bdf0                FLASH_IRQHandler
                0x000000000800bdf0                DMA2_Stream4_IRQHandler
                0x000000000800bdf0                BusFault_Handler
                0x000000000800bdf0                USART1_IRQHandler
                0x000000000800bdf0                OTG_FS_IRQHandler
                0x000000000800bdf0                SPI3_IRQHandler
                0x000000000800bdf0                WAKEUP_PIN_IRQHandler
                0x000000000800bdf0                DMA1_Stream4_IRQHandler
                0x000000000800bdf0                OTG_FS_EP1_IN_IRQHandler
                0x000000000800bdf0                I2C1_ER_IRQHandler
                0x000000000800bdf0                FMC_IRQHandler
                0x000000000800bdf0                FDCAN_CAL_IRQHandler
                0x000000000800bdf0                SWPMI1_IRQHandler
                0x000000000800bdf0                COMP1_IRQHandler
                0x000000000800bdf0                LPTIM1_IRQHandler
                0x000000000800bdf0                I2C4_ER_IRQHandler
                0x000000000800bdf0                DMA2_Stream6_IRQHandler
                0x000000000800bdf0                SAI1_IRQHandler
                0x000000000800bdf0                DMA1_Stream3_IRQHandler
 *fill*         0x000000000800bdf2        0x2 
 .text.__errno  0x000000000800bdf4        0xc /home/zhonx/.opt/AC6/plugins/fr.ac6.mcu.externaltools.arm-none.linux64_1.15.0.201708311556/tools/compiler/bin/../lib/gcc/arm-none-eabi/6.3.1/../../../../arm-none-eabi/lib/thumb/v7e-m/fpv5/hard/libc_nano.a(lib_a-errno.o)
                0x000000000800bdf4                __errno
 .text.__libc_init_array
                0x000000000800be00       0x48 /home/zhonx/.opt/AC6/plugins/fr.ac6.mcu.externaltools.arm-none.linux64_1.15.0.201708311556/tools/compiler/bin/../lib/gcc/arm-none-eabi/6.3.1/../../../../arm-none-eabi/lib/thumb/v7e-m/fpv5/hard/libc_nano.a(lib_a-init.o)
                0x000000000800be00                __libc_init_array
 .text.memset   0x000000000800be48       0x10 /home/zhonx/.opt/AC6/plugins/fr.ac6.mcu.externaltools.arm-none.linux64_1.15.0.201708311556/tools/compiler/bin/../lib/gcc/arm-none-eabi/6.3.1/../../../../arm-none-eabi/lib/thumb/v7e-m/fpv5/hard/libc_nano.a(lib_a-memset.o)
                0x000000000800be48                memset
 .text.printf   0x000000000800be58       0x30 /home/zhonx/.opt/AC6/plugins/fr.ac6.mcu.externaltools.arm-none.linux64_1.15.0.201708311556/tools/compiler/bin/../lib/gcc/arm-none-eabi/6.3.1/../../../../arm-none-eabi/lib/thumb/v7e-m/fpv5/hard/libc_nano.a(lib_a-printf.o)
                0x000000000800be58                printf
                0x000000000800be58                iprintf
 .text.putchar  0x000000000800be88       0x28 /home/zhonx/.opt/AC6/plugins/fr.ac6.mcu.externaltools.arm-none.linux64_1.15.0.201708311556/tools/compiler/bin/../lib/gcc/arm-none-eabi/6.3.1/../../../../arm-none-eabi/lib/thumb/v7e-m/fpv5/hard/libc_nano.a(lib_a-putchar.o)
                0x000000000800be88                putchar
 .text._puts_r  0x000000000800beb0       0xb8 /home/zhonx/.opt/AC6/plugins/fr.ac6.mcu.externaltools.arm-none.linux64_1.15.0.201708311556/tools/compiler/bin/../lib/gcc/arm-none-eabi/6.3.1/../../../../arm-none-eabi/lib/thumb/v7e-m/fpv5/hard/libc_nano.a(lib_a-puts.o)
                0x000000000800beb0                _puts_r
 .text.puts     0x000000000800bf68       0x10 /home/zhonx/.opt/AC6/plugins/fr.ac6.mcu.externaltools.arm-none.linux64_1.15.0.201708311556/tools/compiler/bin/../lib/gcc/arm-none-eabi/6.3.1/../../../../arm-none-eabi/lib/thumb/v7e-m/fpv5/hard/libc_nano.a(lib_a-puts.o)
                0x000000000800bf68                puts
 .text.__swbuf_r
                0x000000000800bf78       0xa4 /home/zhonx/.opt/AC6/plugins/fr.ac6.mcu.externaltools.arm-none.linux64_1.15.0.201708311556/tools/compiler/bin/../lib/gcc/arm-none-eabi/6.3.1/../../../../arm-none-eabi/lib/thumb/v7e-m/fpv5/hard/libc_nano.a(lib_a-wbuf.o)
                0x000000000800bf78                __swbuf_r
 .text.__swsetup_r
                0x000000000800c01c       0xdc /home/zhonx/.opt/AC6/plugins/fr.ac6.mcu.externaltools.arm-none.linux64_1.15.0.201708311556/tools/compiler/bin/../lib/gcc/arm-none-eabi/6.3.1/../../../../arm-none-eabi/lib/thumb/v7e-m/fpv5/hard/libc_nano.a(lib_a-wsetup.o)
                0x000000000800c01c                __swsetup_r
 .text.__sflush_r
                0x000000000800c0f8      0x110 /home/zhonx/.opt/AC6/plugins/fr.ac6.mcu.externaltools.arm-none.linux64_1.15.0.201708311556/tools/compiler/bin/../lib/gcc/arm-none-eabi/6.3.1/../../../../arm-none-eabi/lib/thumb/v7e-m/fpv5/hard/libc_nano.a(lib_a-fflush.o)
                0x000000000800c0f8                __sflush_r
 .text._fflush_r
                0x000000000800c208       0x54 /home/zhonx/.opt/AC6/plugins/fr.ac6.mcu.externaltools.arm-none.linux64_1.15.0.201708311556/tools/compiler/bin/../lib/gcc/arm-none-eabi/6.3.1/../../../../arm-none-eabi/lib/thumb/v7e-m/fpv5/hard/libc_nano.a(lib_a-fflush.o)
                0x000000000800c208                _fflush_r
 .text._cleanup_r
                0x000000000800c25c        0xc /home/zhonx/.opt/AC6/plugins/fr.ac6.mcu.externaltools.arm-none.linux64_1.15.0.201708311556/tools/compiler/bin/../lib/gcc/arm-none-eabi/6.3.1/../../../../arm-none-eabi/lib/thumb/v7e-m/fpv5/hard/libc_nano.a(lib_a-findfp.o)
                0x000000000800c25c                _cleanup_r
 .text.std.isra.0
                0x000000000800c268       0x48 /home/zhonx/.opt/AC6/plugins/fr.ac6.mcu.externaltools.arm-none.linux64_1.15.0.201708311556/tools/compiler/bin/../lib/gcc/arm-none-eabi/6.3.1/../../../../arm-none-eabi/lib/thumb/v7e-m/fpv5/hard/libc_nano.a(lib_a-findfp.o)
 .text.__sfmoreglue
                0x000000000800c2b0       0x2c /home/zhonx/.opt/AC6/plugins/fr.ac6.mcu.externaltools.arm-none.linux64_1.15.0.201708311556/tools/compiler/bin/../lib/gcc/arm-none-eabi/6.3.1/../../../../arm-none-eabi/lib/thumb/v7e-m/fpv5/hard/libc_nano.a(lib_a-findfp.o)
                0x000000000800c2b0                __sfmoreglue
 .text.__sinit  0x000000000800c2dc       0x60 /home/zhonx/.opt/AC6/plugins/fr.ac6.mcu.externaltools.arm-none.linux64_1.15.0.201708311556/tools/compiler/bin/../lib/gcc/arm-none-eabi/6.3.1/../../../../arm-none-eabi/lib/thumb/v7e-m/fpv5/hard/libc_nano.a(lib_a-findfp.o)
                0x000000000800c2dc                __sinit
 .text.__sfp    0x000000000800c33c       0x78 /home/zhonx/.opt/AC6/plugins/fr.ac6.mcu.externaltools.arm-none.linux64_1.15.0.201708311556/tools/compiler/bin/../lib/gcc/arm-none-eabi/6.3.1/../../../../arm-none-eabi/lib/thumb/v7e-m/fpv5/hard/libc_nano.a(lib_a-findfp.o)
                0x000000000800c33c                __sfp
 .text._fwalk_reent
                0x000000000800c3b4       0x3c /home/zhonx/.opt/AC6/plugins/fr.ac6.mcu.externaltools.arm-none.linux64_1.15.0.201708311556/tools/compiler/bin/../lib/gcc/arm-none-eabi/6.3.1/../../../../arm-none-eabi/lib/thumb/v7e-m/fpv5/hard/libc_nano.a(lib_a-fwalk.o)
                0x000000000800c3b4                _fwalk_reent
 .text.__swhatbuf_r
                0x000000000800c3f0       0x48 /home/zhonx/.opt/AC6/plugins/fr.ac6.mcu.externaltools.arm-none.linux64_1.15.0.201708311556/tools/compiler/bin/../lib/gcc/arm-none-eabi/6.3.1/../../../../arm-none-eabi/lib/thumb/v7e-m/fpv5/hard/libc_nano.a(lib_a-makebuf.o)
                0x000000000800c3f0                __swhatbuf_r
 .text.__smakebuf_r
                0x000000000800c438       0x80 /home/zhonx/.opt/AC6/plugins/fr.ac6.mcu.externaltools.arm-none.linux64_1.15.0.201708311556/tools/compiler/bin/../lib/gcc/arm-none-eabi/6.3.1/../../../../arm-none-eabi/lib/thumb/v7e-m/fpv5/hard/libc_nano.a(lib_a-makebuf.o)
                0x000000000800c438                __smakebuf_r
 .text._free_r  0x000000000800c4b8       0x9c /home/zhonx/.opt/AC6/plugins/fr.ac6.mcu.externaltools.arm-none.linux64_1.15.0.201708311556/tools/compiler/bin/../lib/gcc/arm-none-eabi/6.3.1/../../../../arm-none-eabi/lib/thumb/v7e-m/fpv5/hard/libc_nano.a(lib_a-nano-freer.o)
                0x000000000800c4b8                _free_r
 .text._malloc_r
                0x000000000800c554       0xbc /home/zhonx/.opt/AC6/plugins/fr.ac6.mcu.externaltools.arm-none.linux64_1.15.0.201708311556/tools/compiler/bin/../lib/gcc/arm-none-eabi/6.3.1/../../../../arm-none-eabi/lib/thumb/v7e-m/fpv5/hard/libc_nano.a(lib_a-nano-mallocr.o)
                0x000000000800c554                _malloc_r
 .text.__sfputc_r
                0x000000000800c610       0x30 /home/zhonx/.opt/AC6/plugins/fr.ac6.mcu.externaltools.arm-none.linux64_1.15.0.201708311556/tools/compiler/bin/../lib/gcc/arm-none-eabi/6.3.1/../../../../arm-none-eabi/lib/thumb/v7e-m/fpv5/hard/libc_nano.a(lib_a-nano-vfprintf.o)
 .text.__sfputs_r
                0x000000000800c640       0x24 /home/zhonx/.opt/AC6/plugins/fr.ac6.mcu.externaltools.arm-none.linux64_1.15.0.201708311556/tools/compiler/bin/../lib/gcc/arm-none-eabi/6.3.1/../../../../arm-none-eabi/lib/thumb/v7e-m/fpv5/hard/libc_nano.a(lib_a-nano-vfprintf.o)
                0x000000000800c640                __sfputs_r
 .text._vfprintf_r
                0x000000000800c664      0x22c /home/zhonx/.opt/AC6/plugins/fr.ac6.mcu.externaltools.arm-none.linux64_1.15.0.201708311556/tools/compiler/bin/../lib/gcc/arm-none-eabi/6.3.1/../../../../arm-none-eabi/lib/thumb/v7e-m/fpv5/hard/libc_nano.a(lib_a-nano-vfprintf.o)
                0x000000000800c664                _vfiprintf_r
                0x000000000800c664                _vfprintf_r
 .text._printf_common
                0x000000000800c890       0xec /home/zhonx/.opt/AC6/plugins/fr.ac6.mcu.externaltools.arm-none.linux64_1.15.0.201708311556/tools/compiler/bin/../lib/gcc/arm-none-eabi/6.3.1/../../../../arm-none-eabi/lib/thumb/v7e-m/fpv5/hard/libc_nano.a(lib_a-nano-vfprintf_i.o)
                0x000000000800c890                _printf_common
 .text._printf_i
                0x000000000800c97c      0x240 /home/zhonx/.opt/AC6/plugins/fr.ac6.mcu.externaltools.arm-none.linux64_1.15.0.201708311556/tools/compiler/bin/../lib/gcc/arm-none-eabi/6.3.1/../../../../arm-none-eabi/lib/thumb/v7e-m/fpv5/hard/libc_nano.a(lib_a-nano-vfprintf_i.o)
                0x000000000800c97c                _printf_i
 .text._putc_r  0x000000000800cbbc       0x6c /home/zhonx/.opt/AC6/plugins/fr.ac6.mcu.externaltools.arm-none.linux64_1.15.0.201708311556/tools/compiler/bin/../lib/gcc/arm-none-eabi/6.3.1/../../../../arm-none-eabi/lib/thumb/v7e-m/fpv5/hard/libc_nano.a(lib_a-putc.o)
                0x000000000800cbbc                _putc_r
 .text._sbrk_r  0x000000000800cc28       0x20 /home/zhonx/.opt/AC6/plugins/fr.ac6.mcu.externaltools.arm-none.linux64_1.15.0.201708311556/tools/compiler/bin/../lib/gcc/arm-none-eabi/6.3.1/../../../../arm-none-eabi/lib/thumb/v7e-m/fpv5/hard/libc_nano.a(lib_a-sbrkr.o)
                0x000000000800cc28                _sbrk_r
 .text.__sread  0x000000000800cc48       0x22 /home/zhonx/.opt/AC6/plugins/fr.ac6.mcu.externaltools.arm-none.linux64_1.15.0.201708311556/tools/compiler/bin/../lib/gcc/arm-none-eabi/6.3.1/../../../../arm-none-eabi/lib/thumb/v7e-m/fpv5/hard/libc_nano.a(lib_a-stdio.o)
                0x000000000800cc48                __sread
 .text.__swrite
                0x000000000800cc6a       0x38 /home/zhonx/.opt/AC6/plugins/fr.ac6.mcu.externaltools.arm-none.linux64_1.15.0.201708311556/tools/compiler/bin/../lib/gcc/arm-none-eabi/6.3.1/../../../../arm-none-eabi/lib/thumb/v7e-m/fpv5/hard/libc_nano.a(lib_a-stdio.o)
                0x000000000800cc6a                __swrite
 .text.__sseek  0x000000000800cca2       0x24 /home/zhonx/.opt/AC6/plugins/fr.ac6.mcu.externaltools.arm-none.linux64_1.15.0.201708311556/tools/compiler/bin/../lib/gcc/arm-none-eabi/6.3.1/../../../../arm-none-eabi/lib/thumb/v7e-m/fpv5/hard/libc_nano.a(lib_a-stdio.o)
                0x000000000800cca2                __sseek
 .text.__sclose
                0x000000000800ccc6        0x8 /home/zhonx/.opt/AC6/plugins/fr.ac6.mcu.externaltools.arm-none.linux64_1.15.0.201708311556/tools/compiler/bin/../lib/gcc/arm-none-eabi/6.3.1/../../../../arm-none-eabi/lib/thumb/v7e-m/fpv5/hard/libc_nano.a(lib_a-stdio.o)
                0x000000000800ccc6                __sclose
 *fill*         0x000000000800ccce        0x2 
 .text._write_r
                0x000000000800ccd0       0x24 /home/zhonx/.opt/AC6/plugins/fr.ac6.mcu.externaltools.arm-none.linux64_1.15.0.201708311556/tools/compiler/bin/../lib/gcc/arm-none-eabi/6.3.1/../../../../arm-none-eabi/lib/thumb/v7e-m/fpv5/hard/libc_nano.a(lib_a-writer.o)
                0x000000000800ccd0                _write_r
 .text._close_r
                0x000000000800ccf4       0x20 /home/zhonx/.opt/AC6/plugins/fr.ac6.mcu.externaltools.arm-none.linux64_1.15.0.201708311556/tools/compiler/bin/../lib/gcc/arm-none-eabi/6.3.1/../../../../arm-none-eabi/lib/thumb/v7e-m/fpv5/hard/libc_nano.a(lib_a-closer.o)
                0x000000000800ccf4                _close_r
 .text._fstat_r
                0x000000000800cd14       0x24 /home/zhonx/.opt/AC6/plugins/fr.ac6.mcu.externaltools.arm-none.linux64_1.15.0.201708311556/tools/compiler/bin/../lib/gcc/arm-none-eabi/6.3.1/../../../../arm-none-eabi/lib/thumb/v7e-m/fpv5/hard/libc_nano.a(lib_a-fstatr.o)
                0x000000000800cd14                _fstat_r
 .text._isatty_r
                0x000000000800cd38       0x20 /home/zhonx/.opt/AC6/plugins/fr.ac6.mcu.externaltools.arm-none.linux64_1.15.0.201708311556/tools/compiler/bin/../lib/gcc/arm-none-eabi/6.3.1/../../../../arm-none-eabi/lib/thumb/v7e-m/fpv5/hard/libc_nano.a(lib_a-isattyr.o)
                0x000000000800cd38                _isatty_r
 .text._lseek_r
                0x000000000800cd58       0x24 /home/zhonx/.opt/AC6/plugins/fr.ac6.mcu.externaltools.arm-none.linux64_1.15.0.201708311556/tools/compiler/bin/../lib/gcc/arm-none-eabi/6.3.1/../../../../arm-none-eabi/lib/thumb/v7e-m/fpv5/hard/libc_nano.a(lib_a-lseekr.o)
                0x000000000800cd58                _lseek_r
 .text.__malloc_lock
                0x000000000800cd7c        0x2 /home/zhonx/.opt/AC6/plugins/fr.ac6.mcu.externaltools.arm-none.linux64_1.15.0.201708311556/tools/compiler/bin/../lib/gcc/arm-none-eabi/6.3.1/../../../../arm-none-eabi/lib/thumb/v7e-m/fpv5/hard/libc_nano.a(lib_a-mlock.o)
                0x000000000800cd7c                __malloc_lock
 .text.__malloc_unlock
                0x000000000800cd7e        0x2 /home/zhonx/.opt/AC6/plugins/fr.ac6.mcu.externaltools.arm-none.linux64_1.15.0.201708311556/tools/compiler/bin/../lib/gcc/arm-none-eabi/6.3.1/../../../../arm-none-eabi/lib/thumb/v7e-m/fpv5/hard/libc_nano.a(lib_a-mlock.o)
                0x000000000800cd7e                __malloc_unlock
 .text._read_r  0x000000000800cd80       0x24 /home/zhonx/.opt/AC6/plugins/fr.ac6.mcu.externaltools.arm-none.linux64_1.15.0.201708311556/tools/compiler/bin/../lib/gcc/arm-none-eabi/6.3.1/../../../../arm-none-eabi/lib/thumb/v7e-m/fpv5/hard/libc_nano.a(lib_a-readr.o)
                0x000000000800cd80                _read_r
 *(.glue_7)
 .glue_7        0x000000000800cda4        0x0 linker stubs
 *(.glue_7t)
 .glue_7t       0x000000000800cda4        0x0 linker stubs
 *(.eh_frame)
 .eh_frame      0x000000000800cda4        0x0 /home/zhonx/.opt/AC6/plugins/fr.ac6.mcu.externaltools.arm-none.linux64_1.15.0.201708311556/tools/compiler/bin/../lib/gcc/arm-none-eabi/6.3.1/thumb/v7e-m/fpv5/hard/crtbegin.o
 *(.init)
 .init          0x000000000800cda4        0x4 /home/zhonx/.opt/AC6/plugins/fr.ac6.mcu.externaltools.arm-none.linux64_1.15.0.201708311556/tools/compiler/bin/../lib/gcc/arm-none-eabi/6.3.1/thumb/v7e-m/fpv5/hard/crti.o
                0x000000000800cda4                _init
 .init          0x000000000800cda8        0x8 /home/zhonx/.opt/AC6/plugins/fr.ac6.mcu.externaltools.arm-none.linux64_1.15.0.201708311556/tools/compiler/bin/../lib/gcc/arm-none-eabi/6.3.1/thumb/v7e-m/fpv5/hard/crtn.o
 *(.fini)
 .fini          0x000000000800cdb0        0x4 /home/zhonx/.opt/AC6/plugins/fr.ac6.mcu.externaltools.arm-none.linux64_1.15.0.201708311556/tools/compiler/bin/../lib/gcc/arm-none-eabi/6.3.1/thumb/v7e-m/fpv5/hard/crti.o
                0x000000000800cdb0                _fini
 .fini          0x000000000800cdb4        0x8 /home/zhonx/.opt/AC6/plugins/fr.ac6.mcu.externaltools.arm-none.linux64_1.15.0.201708311556/tools/compiler/bin/../lib/gcc/arm-none-eabi/6.3.1/thumb/v7e-m/fpv5/hard/crtn.o
                0x000000000800cdbc                . = ALIGN (0x4)
                0x000000000800cdbc                _etext = .

.vfp11_veneer   0x000000000800cdbc        0x0
 .vfp11_veneer  0x000000000800cdbc        0x0 linker stubs

.v4_bx          0x000000000800cdbc        0x0
 .v4_bx         0x000000000800cdbc        0x0 linker stubs

.iplt           0x000000000800cdbc        0x0
 .iplt          0x000000000800cdbc        0x0 /home/zhonx/.opt/AC6/plugins/fr.ac6.mcu.externaltools.arm-none.linux64_1.15.0.201708311556/tools/compiler/bin/../lib/gcc/arm-none-eabi/6.3.1/thumb/v7e-m/fpv5/hard/crtbegin.o

.rodata         0x000000000800cdbc      0x2a0
                0x000000000800cdbc                . = ALIGN (0x4)
 *(.rodata)
 .rodata        0x000000000800cdbc       0x20 Drivers/STM32H7xx_HAL_Driver/Src/stm32h7xx_hal_dma.o
 .rodata        0x000000000800cddc       0x18 Drivers/STM32H7xx_HAL_Driver/Src/stm32h7xx_hal_uart.o
 .rodata        0x000000000800cdf4       0x25 Src/adc.o
 *fill*         0x000000000800ce19        0x3 
 .rodata        0x000000000800ce1c       0x79 Src/cis.o
                0x000000000800ce34                aEscalator16bit
 *fill*         0x000000000800ce95        0x3 
 .rodata        0x000000000800ce98       0x25 Src/dac.o
 *fill*         0x000000000800cebd        0x3 
 .rodata        0x000000000800cec0       0x27 Src/hrtim.o
 *fill*         0x000000000800cee7        0x1 
 .rodata        0x000000000800cee8       0x37 Src/main.o
 *fill*         0x000000000800cf1f        0x1 
 .rodata        0x000000000800cf20       0x28 Src/system_stm32h7xx.o
                0x000000000800cf38                D1CorePrescTable
 .rodata        0x000000000800cf48       0x25 Src/tim.o
 *fill*         0x000000000800cf6d        0x3 
 .rodata        0x000000000800cf70       0x27 Src/usart.o
 *fill*         0x000000000800cf97        0x1 
 .rodata        0x000000000800cf98       0x29 Src/usb_otg.o
 *(.rodata*)
 *fill*         0x000000000800cfc1        0x3 
 .rodata._global_impure_ptr
                0x000000000800cfc4        0x4 /home/zhonx/.opt/AC6/plugins/fr.ac6.mcu.externaltools.arm-none.linux64_1.15.0.201708311556/tools/compiler/bin/../lib/gcc/arm-none-eabi/6.3.1/../../../../arm-none-eabi/lib/thumb/v7e-m/fpv5/hard/libc_nano.a(lib_a-impure.o)
                0x000000000800cfc4                _global_impure_ptr
 .rodata.__sf_fake_stderr
                0x000000000800cfc8       0x20 /home/zhonx/.opt/AC6/plugins/fr.ac6.mcu.externaltools.arm-none.linux64_1.15.0.201708311556/tools/compiler/bin/../lib/gcc/arm-none-eabi/6.3.1/../../../../arm-none-eabi/lib/thumb/v7e-m/fpv5/hard/libc_nano.a(lib_a-findfp.o)
                0x000000000800cfc8                __sf_fake_stderr
 .rodata.__sf_fake_stdin
                0x000000000800cfe8       0x20 /home/zhonx/.opt/AC6/plugins/fr.ac6.mcu.externaltools.arm-none.linux64_1.15.0.201708311556/tools/compiler/bin/../lib/gcc/arm-none-eabi/6.3.1/../../../../arm-none-eabi/lib/thumb/v7e-m/fpv5/hard/libc_nano.a(lib_a-findfp.o)
                0x000000000800cfe8                __sf_fake_stdin
 .rodata.__sf_fake_stdout
                0x000000000800d008       0x20 /home/zhonx/.opt/AC6/plugins/fr.ac6.mcu.externaltools.arm-none.linux64_1.15.0.201708311556/tools/compiler/bin/../lib/gcc/arm-none-eabi/6.3.1/../../../../arm-none-eabi/lib/thumb/v7e-m/fpv5/hard/libc_nano.a(lib_a-findfp.o)
                0x000000000800d008                __sf_fake_stdout
 .rodata._vfprintf_r.str1.1
                0x000000000800d028       0x11 /home/zhonx/.opt/AC6/plugins/fr.ac6.mcu.externaltools.arm-none.linux64_1.15.0.201708311556/tools/compiler/bin/../lib/gcc/arm-none-eabi/6.3.1/../../../../arm-none-eabi/lib/thumb/v7e-m/fpv5/hard/libc_nano.a(lib_a-nano-vfprintf.o)
 .rodata._printf_i.str1.1
                0x000000000800d039       0x22 /home/zhonx/.opt/AC6/plugins/fr.ac6.mcu.externaltools.arm-none.linux64_1.15.0.201708311556/tools/compiler/bin/../lib/gcc/arm-none-eabi/6.3.1/../../../../arm-none-eabi/lib/thumb/v7e-m/fpv5/hard/libc_nano.a(lib_a-nano-vfprintf_i.o)
                0x000000000800d05c                . = ALIGN (0x4)
 *fill*         0x000000000800d05b        0x1 

.ARM.extab
 *(.ARM.extab* .gnu.linkonce.armextab.*)

.ARM            0x000000000800d05c        0x8
                0x000000000800d05c                __exidx_start = .
 *(.ARM.exidx*)
 .ARM.exidx     0x000000000800d05c        0x8 /home/zhonx/.opt/AC6/plugins/fr.ac6.mcu.externaltools.arm-none.linux64_1.15.0.201708311556/tools/compiler/bin/../lib/gcc/arm-none-eabi/6.3.1/thumb/v7e-m/fpv5/hard/libgcc.a(_udivmoddi4.o)
                0x000000000800d064                __exidx_end = .

.rel.dyn        0x000000000800d064        0x0
 .rel.iplt      0x000000000800d064        0x0 /home/zhonx/.opt/AC6/plugins/fr.ac6.mcu.externaltools.arm-none.linux64_1.15.0.201708311556/tools/compiler/bin/../lib/gcc/arm-none-eabi/6.3.1/thumb/v7e-m/fpv5/hard/crtbegin.o

.preinit_array  0x000000000800d064        0x0
                0x000000000800d064                PROVIDE (__preinit_array_start, .)
 *(.preinit_array*)
                0x000000000800d064                PROVIDE (__preinit_array_end, .)

.init_array     0x000000000800d064        0x4
                0x000000000800d064                PROVIDE (__init_array_start, .)
 *(SORT(.init_array.*))
 *(.init_array*)
 .init_array    0x000000000800d064        0x4 /home/zhonx/.opt/AC6/plugins/fr.ac6.mcu.externaltools.arm-none.linux64_1.15.0.201708311556/tools/compiler/bin/../lib/gcc/arm-none-eabi/6.3.1/thumb/v7e-m/fpv5/hard/crtbegin.o
                0x000000000800d068                PROVIDE (__init_array_end, .)

.fini_array     0x000000000800d068        0x4
                [!provide]                        PROVIDE (__fini_array_start, .)
 *(SORT(.fini_array.*))
 *(.fini_array*)
 .fini_array    0x000000000800d068        0x4 /home/zhonx/.opt/AC6/plugins/fr.ac6.mcu.externaltools.arm-none.linux64_1.15.0.201708311556/tools/compiler/bin/../lib/gcc/arm-none-eabi/6.3.1/thumb/v7e-m/fpv5/hard/crtbegin.o
                [!provide]                        PROVIDE (__fini_array_end, .)
                0x000000000800d06c                _sidata = LOADADDR (.data)

.data           0x0000000024000000       0x90 load address 0x000000000800d06c
                0x0000000024000000                . = ALIGN (0x4)
                0x0000000024000000                _sdata = .
 *(.data)
 .data          0x0000000024000000        0x5 Drivers/STM32H7xx_HAL_Driver/Src/stm32h7xx_hal.o
 *fill*         0x0000000024000005        0x3 
 .data          0x0000000024000008       0x18 Drivers/STM32H7xx_HAL_Driver/Src/stm32h7xx_hal_hrtim.o
 .data          0x0000000024000020        0x2 Src/cis.o
 *fill*         0x0000000024000022        0x2 
 .data          0x0000000024000024        0x8 Src/system_stm32h7xx.o
                0x0000000024000024                SystemCoreClock
                0x0000000024000028                SystemD2Clock
 *(.data*)
 .data._impure_ptr
                0x000000002400002c        0x4 /home/zhonx/.opt/AC6/plugins/fr.ac6.mcu.externaltools.arm-none.linux64_1.15.0.201708311556/tools/compiler/bin/../lib/gcc/arm-none-eabi/6.3.1/../../../../arm-none-eabi/lib/thumb/v7e-m/fpv5/hard/libc_nano.a(lib_a-impure.o)
                0x000000002400002c                _impure_ptr
 .data.impure_data
                0x0000000024000030       0x60 /home/zhonx/.opt/AC6/plugins/fr.ac6.mcu.externaltools.arm-none.linux64_1.15.0.201708311556/tools/compiler/bin/../lib/gcc/arm-none-eabi/6.3.1/../../../../arm-none-eabi/lib/thumb/v7e-m/fpv5/hard/libc_nano.a(lib_a-impure.o)
                0x0000000024000090                . = ALIGN (0x4)
                0x0000000024000090                _edata = .

.jcr            0x0000000024000090        0x0 load address 0x000000000800d0fc
 .jcr           0x0000000024000090        0x0 /home/zhonx/.opt/AC6/plugins/fr.ac6.mcu.externaltools.arm-none.linux64_1.15.0.201708311556/tools/compiler/bin/../lib/gcc/arm-none-eabi/6.3.1/thumb/v7e-m/fpv5/hard/crtbegin.o

.igot.plt       0x0000000024000090        0x0 load address 0x000000000800d0fc
 .igot.plt      0x0000000024000090        0x0 /home/zhonx/.opt/AC6/plugins/fr.ac6.mcu.externaltools.arm-none.linux64_1.15.0.201708311556/tools/compiler/bin/../lib/gcc/arm-none-eabi/6.3.1/thumb/v7e-m/fpv5/hard/crtbegin.o
                0x0000000024000090                . = ALIGN (0x4)

.bss            0x0000000024000090     0x3790 load address 0x000000000800d0fc
                0x0000000024000090                _sbss = .
                0x0000000024000090                __bss_start__ = _sbss
 *(.bss)
 .bss           0x0000000024000090       0x1c /home/zhonx/.opt/AC6/plugins/fr.ac6.mcu.externaltools.arm-none.linux64_1.15.0.201708311556/tools/compiler/bin/../lib/gcc/arm-none-eabi/6.3.1/thumb/v7e-m/fpv5/hard/crtbegin.o
 .bss           0x00000000240000ac        0x4 Drivers/STM32H7xx_HAL_Driver/Src/stm32h7xx_hal.o
 .bss           0x00000000240000b0     0x2f5f Src/cis.o
                0x00000000240000b0                aADCxConvertedData
 *fill*         0x000000002400300f        0x1 
 .bss           0x0000000024003010        0x8 Src/syscalls.o
                0x0000000024003010                __env
 *(.bss*)
 .bss.__malloc_free_list
                0x0000000024003018        0x4 /home/zhonx/.opt/AC6/plugins/fr.ac6.mcu.externaltools.arm-none.linux64_1.15.0.201708311556/tools/compiler/bin/../lib/gcc/arm-none-eabi/6.3.1/../../../../arm-none-eabi/lib/thumb/v7e-m/fpv5/hard/libc_nano.a(lib_a-nano-mallocr.o)
                0x0000000024003018                __malloc_free_list
 .bss.__malloc_sbrk_start
                0x000000002400301c        0x4 /home/zhonx/.opt/AC6/plugins/fr.ac6.mcu.externaltools.arm-none.linux64_1.15.0.201708311556/tools/compiler/bin/../lib/gcc/arm-none-eabi/6.3.1/../../../../arm-none-eabi/lib/thumb/v7e-m/fpv5/hard/libc_nano.a(lib_a-nano-mallocr.o)
                0x000000002400301c                __malloc_sbrk_start
 *(COMMON)
 COMMON         0x0000000024003020       0xdc Src/adc.o
                0x0000000024003020                hadc1
                0x0000000024003084                hdma_adc1
 COMMON         0x00000000240030fc       0x8c Src/dac.o
                0x00000000240030fc                hdac1
                0x0000000024003110                hdma_dac1_ch1
 COMMON         0x0000000024003188       0xdc Src/hrtim.o
                0x0000000024003188                hhrtim
 COMMON         0x0000000024003264       0xc0 Src/tim.o
                0x0000000024003264                htim15
                0x00000000240032a4                htim6
                0x00000000240032e4                htim1
 COMMON         0x0000000024003324       0xf8 Src/usart.o
                0x0000000024003324                huart3
                0x00000000240033a4                hdma_usart3_tx
 COMMON         0x000000002400341c      0x400 Src/usb_otg.o
                0x000000002400341c                hpcd_USB_OTG_FS
 COMMON         0x000000002400381c        0x4 /home/zhonx/.opt/AC6/plugins/fr.ac6.mcu.externaltools.arm-none.linux64_1.15.0.201708311556/tools/compiler/bin/../lib/gcc/arm-none-eabi/6.3.1/../../../../arm-none-eabi/lib/thumb/v7e-m/fpv5/hard/libc_nano.a(lib_a-reent.o)
                0x000000002400381c                errno
                0x0000000024003820                . = ALIGN (0x4)
                0x0000000024003820                _ebss = .
                0x0000000024003820                __bss_end__ = _ebss

._user_heap_stack
                0x0000000024003820      0x600 load address 0x000000000800d0fc
                0x0000000024003820                . = ALIGN (0x8)
                0x0000000024003820                PROVIDE (end, .)
                [!provide]                        PROVIDE (_end, .)
                0x0000000024003a20                . = (. + _Min_Heap_Size)
 *fill*         0x0000000024003820      0x200 
                0x0000000024003e20                . = (. + _Min_Stack_Size)
 *fill*         0x0000000024003a20      0x400 
                0x0000000024003e20                . = ALIGN (0x8)

/DISCARD/
 libc.a(*)
 libm.a(*)
 libgcc.a(*)

.ARM.attributes
                0x0000000000000000       0x2e
 *(.ARM.attributes)
 .ARM.attributes
                0x0000000000000000       0x20 /home/zhonx/.opt/AC6/plugins/fr.ac6.mcu.externaltools.arm-none.linux64_1.15.0.201708311556/tools/compiler/bin/../lib/gcc/arm-none-eabi/6.3.1/thumb/v7e-m/fpv5/hard/crti.o
 .ARM.attributes
                0x0000000000000020       0x32 /home/zhonx/.opt/AC6/plugins/fr.ac6.mcu.externaltools.arm-none.linux64_1.15.0.201708311556/tools/compiler/bin/../lib/gcc/arm-none-eabi/6.3.1/thumb/v7e-m/fpv5/hard/crtbegin.o
 .ARM.attributes
                0x0000000000000052       0x37 Drivers/STM32H7xx_HAL_Driver/Src/stm32h7xx_hal.o
 .ARM.attributes
                0x0000000000000089       0x37 Drivers/STM32H7xx_HAL_Driver/Src/stm32h7xx_hal_adc.o
 .ARM.attributes
                0x00000000000000c0       0x37 Drivers/STM32H7xx_HAL_Driver/Src/stm32h7xx_hal_adc_ex.o
 .ARM.attributes
                0x00000000000000f7       0x37 Drivers/STM32H7xx_HAL_Driver/Src/stm32h7xx_hal_cortex.o
 .ARM.attributes
                0x000000000000012e       0x37 Drivers/STM32H7xx_HAL_Driver/Src/stm32h7xx_hal_dac.o
 .ARM.attributes
                0x0000000000000165       0x37 Drivers/STM32H7xx_HAL_Driver/Src/stm32h7xx_hal_dac_ex.o
 .ARM.attributes
                0x000000000000019c       0x37 Drivers/STM32H7xx_HAL_Driver/Src/stm32h7xx_hal_dma.o
 .ARM.attributes
                0x00000000000001d3       0x37 Drivers/STM32H7xx_HAL_Driver/Src/stm32h7xx_hal_gpio.o
 .ARM.attributes
                0x000000000000020a       0x37 Drivers/STM32H7xx_HAL_Driver/Src/stm32h7xx_hal_hrtim.o
 .ARM.attributes
                0x0000000000000241       0x37 Drivers/STM32H7xx_HAL_Driver/Src/stm32h7xx_hal_pcd.o
 .ARM.attributes
                0x0000000000000278       0x37 Drivers/STM32H7xx_HAL_Driver/Src/stm32h7xx_hal_pcd_ex.o
 .ARM.attributes
                0x00000000000002af       0x37 Drivers/STM32H7xx_HAL_Driver/Src/stm32h7xx_hal_rcc.o
 .ARM.attributes
                0x00000000000002e6       0x37 Drivers/STM32H7xx_HAL_Driver/Src/stm32h7xx_hal_rcc_ex.o
 .ARM.attributes
                0x000000000000031d       0x37 Drivers/STM32H7xx_HAL_Driver/Src/stm32h7xx_hal_tim.o
 .ARM.attributes
                0x0000000000000354       0x37 Drivers/STM32H7xx_HAL_Driver/Src/stm32h7xx_hal_tim_ex.o
 .ARM.attributes
                0x000000000000038b       0x37 Drivers/STM32H7xx_HAL_Driver/Src/stm32h7xx_hal_uart.o
 .ARM.attributes
                0x00000000000003c2       0x37 Drivers/STM32H7xx_HAL_Driver/Src/stm32h7xx_ll_usb.o
 .ARM.attributes
                0x00000000000003f9       0x37 Src/adc.o
 .ARM.attributes
                0x0000000000000430       0x37 Src/cis.o
 .ARM.attributes
                0x0000000000000467       0x37 Src/dac.o
 .ARM.attributes
                0x000000000000049e       0x37 Src/dma.o
 .ARM.attributes
                0x00000000000004d5       0x37 Src/gpio.o
 .ARM.attributes
                0x000000000000050c       0x37 Src/hrtim.o
 .ARM.attributes
                0x0000000000000543       0x37 Src/main.o
 .ARM.attributes
                0x000000000000057a       0x37 Src/stm32h7xx_hal_msp.o
 .ARM.attributes
                0x00000000000005b1       0x37 Src/stm32h7xx_it.o
 .ARM.attributes
                0x00000000000005e8       0x37 Src/syscalls.o
 .ARM.attributes
                0x000000000000061f       0x37 Src/system_stm32h7xx.o
 .ARM.attributes
                0x0000000000000656       0x37 Src/tim.o
 .ARM.attributes
                0x000000000000068d       0x37 Src/usart.o
 .ARM.attributes
                0x00000000000006c4       0x37 Src/usb_otg.o
 .ARM.attributes
                0x00000000000006fb       0x21 startup/startup_stm32h743xx.o
 .ARM.attributes
                0x000000000000071c       0x20 /home/zhonx/.opt/AC6/plugins/fr.ac6.mcu.externaltools.arm-none.linux64_1.15.0.201708311556/tools/compiler/bin/../lib/gcc/arm-none-eabi/6.3.1/thumb/v7e-m/fpv5/hard/libgcc.a(_aeabi_uldivmod.o)
 .ARM.attributes
                0x000000000000073c       0x32 /home/zhonx/.opt/AC6/plugins/fr.ac6.mcu.externaltools.arm-none.linux64_1.15.0.201708311556/tools/compiler/bin/../lib/gcc/arm-none-eabi/6.3.1/thumb/v7e-m/fpv5/hard/libgcc.a(_udivmoddi4.o)
 .ARM.attributes
                0x000000000000076e       0x20 /home/zhonx/.opt/AC6/plugins/fr.ac6.mcu.externaltools.arm-none.linux64_1.15.0.201708311556/tools/compiler/bin/../lib/gcc/arm-none-eabi/6.3.1/thumb/v7e-m/fpv5/hard/libgcc.a(_dvmd_tls.o)
 .ARM.attributes
                0x000000000000078e       0x32 /home/zhonx/.opt/AC6/plugins/fr.ac6.mcu.externaltools.arm-none.linux64_1.15.0.201708311556/tools/compiler/bin/../lib/gcc/arm-none-eabi/6.3.1/../../../../arm-none-eabi/lib/thumb/v7e-m/fpv5/hard/libc_nano.a(lib_a-errno.o)
 .ARM.attributes
                0x00000000000007c0       0x32 /home/zhonx/.opt/AC6/plugins/fr.ac6.mcu.externaltools.arm-none.linux64_1.15.0.201708311556/tools/compiler/bin/../lib/gcc/arm-none-eabi/6.3.1/../../../../arm-none-eabi/lib/thumb/v7e-m/fpv5/hard/libc_nano.a(lib_a-impure.o)
 .ARM.attributes
                0x00000000000007f2       0x32 /home/zhonx/.opt/AC6/plugins/fr.ac6.mcu.externaltools.arm-none.linux64_1.15.0.201708311556/tools/compiler/bin/../lib/gcc/arm-none-eabi/6.3.1/../../../../arm-none-eabi/lib/thumb/v7e-m/fpv5/hard/libc_nano.a(lib_a-init.o)
 .ARM.attributes
                0x0000000000000824       0x32 /home/zhonx/.opt/AC6/plugins/fr.ac6.mcu.externaltools.arm-none.linux64_1.15.0.201708311556/tools/compiler/bin/../lib/gcc/arm-none-eabi/6.3.1/../../../../arm-none-eabi/lib/thumb/v7e-m/fpv5/hard/libc_nano.a(lib_a-memset.o)
 .ARM.attributes
                0x0000000000000856       0x32 /home/zhonx/.opt/AC6/plugins/fr.ac6.mcu.externaltools.arm-none.linux64_1.15.0.201708311556/tools/compiler/bin/../lib/gcc/arm-none-eabi/6.3.1/../../../../arm-none-eabi/lib/thumb/v7e-m/fpv5/hard/libc_nano.a(lib_a-printf.o)
 .ARM.attributes
                0x0000000000000888       0x32 /home/zhonx/.opt/AC6/plugins/fr.ac6.mcu.externaltools.arm-none.linux64_1.15.0.201708311556/tools/compiler/bin/../lib/gcc/arm-none-eabi/6.3.1/../../../../arm-none-eabi/lib/thumb/v7e-m/fpv5/hard/libc_nano.a(lib_a-putchar.o)
 .ARM.attributes
                0x00000000000008ba       0x32 /home/zhonx/.opt/AC6/plugins/fr.ac6.mcu.externaltools.arm-none.linux64_1.15.0.201708311556/tools/compiler/bin/../lib/gcc/arm-none-eabi/6.3.1/../../../../arm-none-eabi/lib/thumb/v7e-m/fpv5/hard/libc_nano.a(lib_a-puts.o)
 .ARM.attributes
                0x00000000000008ec       0x32 /home/zhonx/.opt/AC6/plugins/fr.ac6.mcu.externaltools.arm-none.linux64_1.15.0.201708311556/tools/compiler/bin/../lib/gcc/arm-none-eabi/6.3.1/../../../../arm-none-eabi/lib/thumb/v7e-m/fpv5/hard/libc_nano.a(lib_a-wbuf.o)
 .ARM.attributes
                0x000000000000091e       0x32 /home/zhonx/.opt/AC6/plugins/fr.ac6.mcu.externaltools.arm-none.linux64_1.15.0.201708311556/tools/compiler/bin/../lib/gcc/arm-none-eabi/6.3.1/../../../../arm-none-eabi/lib/thumb/v7e-m/fpv5/hard/libc_nano.a(lib_a-wsetup.o)
 .ARM.attributes
                0x0000000000000950       0x32 /home/zhonx/.opt/AC6/plugins/fr.ac6.mcu.externaltools.arm-none.linux64_1.15.0.201708311556/tools/compiler/bin/../lib/gcc/arm-none-eabi/6.3.1/../../../../arm-none-eabi/lib/thumb/v7e-m/fpv5/hard/libc_nano.a(lib_a-fflush.o)
 .ARM.attributes
                0x0000000000000982       0x32 /home/zhonx/.opt/AC6/plugins/fr.ac6.mcu.externaltools.arm-none.linux64_1.15.0.201708311556/tools/compiler/bin/../lib/gcc/arm-none-eabi/6.3.1/../../../../arm-none-eabi/lib/thumb/v7e-m/fpv5/hard/libc_nano.a(lib_a-findfp.o)
 .ARM.attributes
                0x00000000000009b4       0x32 /home/zhonx/.opt/AC6/plugins/fr.ac6.mcu.externaltools.arm-none.linux64_1.15.0.201708311556/tools/compiler/bin/../lib/gcc/arm-none-eabi/6.3.1/../../../../arm-none-eabi/lib/thumb/v7e-m/fpv5/hard/libc_nano.a(lib_a-fwalk.o)
 .ARM.attributes
                0x00000000000009e6       0x32 /home/zhonx/.opt/AC6/plugins/fr.ac6.mcu.externaltools.arm-none.linux64_1.15.0.201708311556/tools/compiler/bin/../lib/gcc/arm-none-eabi/6.3.1/../../../../arm-none-eabi/lib/thumb/v7e-m/fpv5/hard/libc_nano.a(lib_a-makebuf.o)
 .ARM.attributes
                0x0000000000000a18       0x32 /home/zhonx/.opt/AC6/plugins/fr.ac6.mcu.externaltools.arm-none.linux64_1.15.0.201708311556/tools/compiler/bin/../lib/gcc/arm-none-eabi/6.3.1/../../../../arm-none-eabi/lib/thumb/v7e-m/fpv5/hard/libc_nano.a(lib_a-nano-freer.o)
 .ARM.attributes
                0x0000000000000a4a       0x32 /home/zhonx/.opt/AC6/plugins/fr.ac6.mcu.externaltools.arm-none.linux64_1.15.0.201708311556/tools/compiler/bin/../lib/gcc/arm-none-eabi/6.3.1/../../../../arm-none-eabi/lib/thumb/v7e-m/fpv5/hard/libc_nano.a(lib_a-nano-mallocr.o)
 .ARM.attributes
                0x0000000000000a7c       0x32 /home/zhonx/.opt/AC6/plugins/fr.ac6.mcu.externaltools.arm-none.linux64_1.15.0.201708311556/tools/compiler/bin/../lib/gcc/arm-none-eabi/6.3.1/../../../../arm-none-eabi/lib/thumb/v7e-m/fpv5/hard/libc_nano.a(lib_a-nano-vfprintf.o)
 .ARM.attributes
                0x0000000000000aae       0x32 /home/zhonx/.opt/AC6/plugins/fr.ac6.mcu.externaltools.arm-none.linux64_1.15.0.201708311556/tools/compiler/bin/../lib/gcc/arm-none-eabi/6.3.1/../../../../arm-none-eabi/lib/thumb/v7e-m/fpv5/hard/libc_nano.a(lib_a-nano-vfprintf_i.o)
 .ARM.attributes
                0x0000000000000ae0       0x32 /home/zhonx/.opt/AC6/plugins/fr.ac6.mcu.externaltools.arm-none.linux64_1.15.0.201708311556/tools/compiler/bin/../lib/gcc/arm-none-eabi/6.3.1/../../../../arm-none-eabi/lib/thumb/v7e-m/fpv5/hard/libc_nano.a(lib_a-putc.o)
 .ARM.attributes
                0x0000000000000b12       0x32 /home/zhonx/.opt/AC6/plugins/fr.ac6.mcu.externaltools.arm-none.linux64_1.15.0.201708311556/tools/compiler/bin/../lib/gcc/arm-none-eabi/6.3.1/../../../../arm-none-eabi/lib/thumb/v7e-m/fpv5/hard/libc_nano.a(lib_a-sbrkr.o)
 .ARM.attributes
                0x0000000000000b44       0x32 /home/zhonx/.opt/AC6/plugins/fr.ac6.mcu.externaltools.arm-none.linux64_1.15.0.201708311556/tools/compiler/bin/../lib/gcc/arm-none-eabi/6.3.1/../../../../arm-none-eabi/lib/thumb/v7e-m/fpv5/hard/libc_nano.a(lib_a-stdio.o)
 .ARM.attributes
                0x0000000000000b76       0x32 /home/zhonx/.opt/AC6/plugins/fr.ac6.mcu.externaltools.arm-none.linux64_1.15.0.201708311556/tools/compiler/bin/../lib/gcc/arm-none-eabi/6.3.1/../../../../arm-none-eabi/lib/thumb/v7e-m/fpv5/hard/libc_nano.a(lib_a-writer.o)
 .ARM.attributes
                0x0000000000000ba8       0x32 /home/zhonx/.opt/AC6/plugins/fr.ac6.mcu.externaltools.arm-none.linux64_1.15.0.201708311556/tools/compiler/bin/../lib/gcc/arm-none-eabi/6.3.1/../../../../arm-none-eabi/lib/thumb/v7e-m/fpv5/hard/libc_nano.a(lib_a-closer.o)
 .ARM.attributes
                0x0000000000000bda       0x32 /home/zhonx/.opt/AC6/plugins/fr.ac6.mcu.externaltools.arm-none.linux64_1.15.0.201708311556/tools/compiler/bin/../lib/gcc/arm-none-eabi/6.3.1/../../../../arm-none-eabi/lib/thumb/v7e-m/fpv5/hard/libc_nano.a(lib_a-fstatr.o)
 .ARM.attributes
                0x0000000000000c0c       0x32 /home/zhonx/.opt/AC6/plugins/fr.ac6.mcu.externaltools.arm-none.linux64_1.15.0.201708311556/tools/compiler/bin/../lib/gcc/arm-none-eabi/6.3.1/../../../../arm-none-eabi/lib/thumb/v7e-m/fpv5/hard/libc_nano.a(lib_a-isattyr.o)
 .ARM.attributes
                0x0000000000000c3e       0x32 /home/zhonx/.opt/AC6/plugins/fr.ac6.mcu.externaltools.arm-none.linux64_1.15.0.201708311556/tools/compiler/bin/../lib/gcc/arm-none-eabi/6.3.1/../../../../arm-none-eabi/lib/thumb/v7e-m/fpv5/hard/libc_nano.a(lib_a-lseekr.o)
 .ARM.attributes
                0x0000000000000c70       0x1e /home/zhonx/.opt/AC6/plugins/fr.ac6.mcu.externaltools.arm-none.linux64_1.15.0.201708311556/tools/compiler/bin/../lib/gcc/arm-none-eabi/6.3.1/../../../../arm-none-eabi/lib/thumb/v7e-m/fpv5/hard/libc_nano.a(lib_a-memchr.o)
 .ARM.attributes
                0x0000000000000c8e       0x32 /home/zhonx/.opt/AC6/plugins/fr.ac6.mcu.externaltools.arm-none.linux64_1.15.0.201708311556/tools/compiler/bin/../lib/gcc/arm-none-eabi/6.3.1/../../../../arm-none-eabi/lib/thumb/v7e-m/fpv5/hard/libc_nano.a(lib_a-mlock.o)
 .ARM.attributes
                0x0000000000000cc0       0x32 /home/zhonx/.opt/AC6/plugins/fr.ac6.mcu.externaltools.arm-none.linux64_1.15.0.201708311556/tools/compiler/bin/../lib/gcc/arm-none-eabi/6.3.1/../../../../arm-none-eabi/lib/thumb/v7e-m/fpv5/hard/libc_nano.a(lib_a-readr.o)
 .ARM.attributes
                0x0000000000000cf2       0x32 /home/zhonx/.opt/AC6/plugins/fr.ac6.mcu.externaltools.arm-none.linux64_1.15.0.201708311556/tools/compiler/bin/../lib/gcc/arm-none-eabi/6.3.1/../../../../arm-none-eabi/lib/thumb/v7e-m/fpv5/hard/libc_nano.a(lib_a-reent.o)
 .ARM.attributes
                0x0000000000000d24       0x20 /home/zhonx/.opt/AC6/plugins/fr.ac6.mcu.externaltools.arm-none.linux64_1.15.0.201708311556/tools/compiler/bin/../lib/gcc/arm-none-eabi/6.3.1/thumb/v7e-m/fpv5/hard/crtn.o
OUTPUT(CIS_H7.elf elf32-littlearm)

.debug_info     0x0000000000000000    0x3382c
 .debug_info    0x0000000000000000     0x1c68 Drivers/STM32H7xx_HAL_Driver/Src/stm32h7xx_hal.o
 .debug_info    0x0000000000001c68     0x1f1e Drivers/STM32H7xx_HAL_Driver/Src/stm32h7xx_hal_adc.o
 .debug_info    0x0000000000003b86     0x1e8a Drivers/STM32H7xx_HAL_Driver/Src/stm32h7xx_hal_adc_ex.o