Archive member included to satisfy reference by file (symbol)

/home/zhonx/.opt/AC6/plugins/fr.ac6.mcu.externaltools.arm-none.linux64_1.15.0.201708311556/tools/compiler/bin/../lib/gcc/arm-none-eabi/6.3.1/thumb/v7e-m/fpv5/hard/libgcc.a(_aeabi_uldivmod.o)
                              Drivers/STM32H7xx_HAL_Driver/Src/stm32h7xx_hal_uart.o (__aeabi_uldivmod)
/home/zhonx/.opt/AC6/plugins/fr.ac6.mcu.externaltools.arm-none.linux64_1.15.0.201708311556/tools/compiler/bin/../lib/gcc/arm-none-eabi/6.3.1/thumb/v7e-m/fpv5/hard/libgcc.a(_udivmoddi4.o)
                              /home/zhonx/.opt/AC6/plugins/fr.ac6.mcu.externaltools.arm-none.linux64_1.15.0.201708311556/tools/compiler/bin/../lib/gcc/arm-none-eabi/6.3.1/thumb/v7e-m/fpv5/hard/libgcc.a(_aeabi_uldivmod.o) (__udivmoddi4)
/home/zhonx/.opt/AC6/plugins/fr.ac6.mcu.externaltools.arm-none.linux64_1.15.0.201708311556/tools/compiler/bin/../lib/gcc/arm-none-eabi/6.3.1/thumb/v7e-m/fpv5/hard/libgcc.a(_dvmd_tls.o)
                              /home/zhonx/.opt/AC6/plugins/fr.ac6.mcu.externaltools.arm-none.linux64_1.15.0.201708311556/tools/compiler/bin/../lib/gcc/arm-none-eabi/6.3.1/thumb/v7e-m/fpv5/hard/libgcc.a(_aeabi_uldivmod.o) (__aeabi_ldiv0)
/home/zhonx/.opt/AC6/plugins/fr.ac6.mcu.externaltools.arm-none.linux64_1.15.0.201708311556/tools/compiler/bin/../lib/gcc/arm-none-eabi/6.3.1/../../../../arm-none-eabi/lib/thumb/v7e-m/fpv5/hard/libc_nano.a(lib_a-errno.o)
                              Src/syscalls.o (__errno)
/home/zhonx/.opt/AC6/plugins/fr.ac6.mcu.externaltools.arm-none.linux64_1.15.0.201708311556/tools/compiler/bin/../lib/gcc/arm-none-eabi/6.3.1/../../../../arm-none-eabi/lib/thumb/v7e-m/fpv5/hard/libc_nano.a(lib_a-exit.o)
                              /home/zhonx/.opt/AC6/plugins/fr.ac6.mcu.externaltools.arm-none.linux64_1.15.0.201708311556/tools/compiler/bin/../lib/gcc/arm-none-eabi/6.3.1/../../../../arm-none-eabi/lib/thumb/v7e-m/fpv5/hard/crt0.o (exit)
/home/zhonx/.opt/AC6/plugins/fr.ac6.mcu.externaltools.arm-none.linux64_1.15.0.201708311556/tools/compiler/bin/../lib/gcc/arm-none-eabi/6.3.1/../../../../arm-none-eabi/lib/thumb/v7e-m/fpv5/hard/libc_nano.a(lib_a-impure.o)
                              /home/zhonx/.opt/AC6/plugins/fr.ac6.mcu.externaltools.arm-none.linux64_1.15.0.201708311556/tools/compiler/bin/../lib/gcc/arm-none-eabi/6.3.1/../../../../arm-none-eabi/lib/thumb/v7e-m/fpv5/hard/libc_nano.a(lib_a-exit.o) (_global_impure_ptr)
/home/zhonx/.opt/AC6/plugins/fr.ac6.mcu.externaltools.arm-none.linux64_1.15.0.201708311556/tools/compiler/bin/../lib/gcc/arm-none-eabi/6.3.1/../../../../arm-none-eabi/lib/thumb/v7e-m/fpv5/hard/libc_nano.a(lib_a-init.o)
                              /home/zhonx/.opt/AC6/plugins/fr.ac6.mcu.externaltools.arm-none.linux64_1.15.0.201708311556/tools/compiler/bin/../lib/gcc/arm-none-eabi/6.3.1/../../../../arm-none-eabi/lib/thumb/v7e-m/fpv5/hard/crt0.o (__libc_init_array)
/home/zhonx/.opt/AC6/plugins/fr.ac6.mcu.externaltools.arm-none.linux64_1.15.0.201708311556/tools/compiler/bin/../lib/gcc/arm-none-eabi/6.3.1/../../../../arm-none-eabi/lib/thumb/v7e-m/fpv5/hard/libc_nano.a(lib_a-malloc.o)
                              Middlewares/ST/STM32_USB_Device_Library/Class/CDC/Src/usbd_cdc.o (malloc)
/home/zhonx/.opt/AC6/plugins/fr.ac6.mcu.externaltools.arm-none.linux64_1.15.0.201708311556/tools/compiler/bin/../lib/gcc/arm-none-eabi/6.3.1/../../../../arm-none-eabi/lib/thumb/v7e-m/fpv5/hard/libc_nano.a(lib_a-memset.o)
                              /home/zhonx/.opt/AC6/plugins/fr.ac6.mcu.externaltools.arm-none.linux64_1.15.0.201708311556/tools/compiler/bin/../lib/gcc/arm-none-eabi/6.3.1/../../../../arm-none-eabi/lib/thumb/v7e-m/fpv5/hard/crt0.o (memset)
/home/zhonx/.opt/AC6/plugins/fr.ac6.mcu.externaltools.arm-none.linux64_1.15.0.201708311556/tools/compiler/bin/../lib/gcc/arm-none-eabi/6.3.1/../../../../arm-none-eabi/lib/thumb/v7e-m/fpv5/hard/libc_nano.a(lib_a-nano-freer.o)
                              /home/zhonx/.opt/AC6/plugins/fr.ac6.mcu.externaltools.arm-none.linux64_1.15.0.201708311556/tools/compiler/bin/../lib/gcc/arm-none-eabi/6.3.1/../../../../arm-none-eabi/lib/thumb/v7e-m/fpv5/hard/libc_nano.a(lib_a-malloc.o) (_free_r)
/home/zhonx/.opt/AC6/plugins/fr.ac6.mcu.externaltools.arm-none.linux64_1.15.0.201708311556/tools/compiler/bin/../lib/gcc/arm-none-eabi/6.3.1/../../../../arm-none-eabi/lib/thumb/v7e-m/fpv5/hard/libc_nano.a(lib_a-nano-mallocr.o)
                              /home/zhonx/.opt/AC6/plugins/fr.ac6.mcu.externaltools.arm-none.linux64_1.15.0.201708311556/tools/compiler/bin/../lib/gcc/arm-none-eabi/6.3.1/../../../../arm-none-eabi/lib/thumb/v7e-m/fpv5/hard/libc_nano.a(lib_a-malloc.o) (_malloc_r)
/home/zhonx/.opt/AC6/plugins/fr.ac6.mcu.externaltools.arm-none.linux64_1.15.0.201708311556/tools/compiler/bin/../lib/gcc/arm-none-eabi/6.3.1/../../../../arm-none-eabi/lib/thumb/v7e-m/fpv5/hard/libc_nano.a(lib_a-printf.o)
                              Src/cis.o (printf)
[...]
Memory Configuration

Name             Origin             Length             Attributes
DTCMRAM          0x0000000020000000 0x0000000000020000 xrw
RAM_D1           0x0000000024000000 0x0000000000080000 xrw
RAM_D2           0x0000000030000000 0x0000000000048000 xrw
RAM_D3           0x0000000038000000 0x0000000000010000 xrw
ITCMRAM          0x0000000000000000 0x0000000000010000 xrw
FLASH            0x0000000008000000 0x0000000000200000 xr
*default*        0x0000000000000000 0xffffffffffffffff

Linker script and memory map

LOAD /home/zhonx/.opt/AC6/plugins/fr.ac6.mcu.externaltools.arm-none.linux64_1.15.0.201708311556/tools/compiler/bin/../lib/gcc/arm-none-eabi/6.3.1/thumb/v7e-m/fpv5/hard/crti.o
LOAD /home/zhonx/.opt/AC6/plugins/fr.ac6.mcu.externaltools.arm-none.linux64_1.15.0.201708311556/tools/compiler/bin/../lib/gcc/arm-none-eabi/6.3.1/thumb/v7e-m/fpv5/hard/crtbegin.o
LOAD /home/zhonx/.opt/AC6/plugins/fr.ac6.mcu.externaltools.arm-none.linux64_1.15.0.201708311556/tools/compiler/bin/../lib/gcc/arm-none-eabi/6.3.1/../../../../arm-none-eabi/lib/thumb/v7e-m/fpv5/hard/crt0.o
LOAD Drivers/STM32H7xx_HAL_Driver/Src/stm32h7xx_hal.o
LOAD Drivers/STM32H7xx_HAL_Driver/Src/stm32h7xx_hal_adc.o
LOAD Drivers/STM32H7xx_HAL_Driver/Src/stm32h7xx_hal_adc_ex.o
LOAD Drivers/STM32H7xx_HAL_Driver/Src/stm32h7xx_hal_cortex.o
LOAD Drivers/STM32H7xx_HAL_Driver/Src/stm32h7xx_hal_dac.o
LOAD Drivers/STM32H7xx_HAL_Driver/Src/stm32h7xx_hal_dac_ex.o
LOAD Drivers/STM32H7xx_HAL_Driver/Src/stm32h7xx_hal_dma.o
LOAD Drivers/STM32H7xx_HAL_Driver/Src/stm32h7xx_hal_dma_ex.o
LOAD Drivers/STM32H7xx_HAL_Driver/Src/stm32h7xx_hal_flash.o
LOAD Drivers/STM32H7xx_HAL_Driver/Src/stm32h7xx_hal_flash_ex.o
LOAD Drivers/STM32H7xx_HAL_Driver/Src/stm32h7xx_hal_gpio.o
LOAD Drivers/STM32H7xx_HAL_Driver/Src/stm32h7xx_hal_hrtim.o
LOAD Drivers/STM32H7xx_HAL_Driver/Src/stm32h7xx_hal_hsem.o
LOAD Drivers/STM32H7xx_HAL_Driver/Src/stm32h7xx_hal_i2c.o
LOAD Drivers/STM32H7xx_HAL_Driver/Src/stm32h7xx_hal_i2c_ex.o
LOAD Drivers/STM32H7xx_HAL_Driver/Src/stm32h7xx_hal_mdma.o
LOAD Drivers/STM32H7xx_HAL_Driver/Src/stm32h7xx_hal_pcd.o
LOAD Drivers/STM32H7xx_HAL_Driver/Src/stm32h7xx_hal_pcd_ex.o
LOAD Drivers/STM32H7xx_HAL_Driver/Src/stm32h7xx_hal_pwr.o
LOAD Drivers/STM32H7xx_HAL_Driver/Src/stm32h7xx_hal_pwr_ex.o
LOAD Drivers/STM32H7xx_HAL_Driver/Src/stm32h7xx_hal_rcc.o
LOAD Drivers/STM32H7xx_HAL_Driver/Src/stm32h7xx_hal_rcc_ex.o
LOAD Drivers/STM32H7xx_HAL_Driver/Src/stm32h7xx_hal_tim.o
LOAD Drivers/STM32H7xx_HAL_Driver/Src/stm32h7xx_hal_tim_ex.o
LOAD Drivers/STM32H7xx_HAL_Driver/Src/stm32h7xx_hal_uart.o
LOAD Drivers/STM32H7xx_HAL_Driver/Src/stm32h7xx_hal_uart_ex.o
LOAD Drivers/STM32H7xx_HAL_Driver/Src/stm32h7xx_ll_usb.o
LOAD Middlewares/ST/STM32_USB_Device_Library/Class/CDC/Src/usbd_cdc.o
LOAD Middlewares/ST/STM32_USB_Device_Library/Core/Src/usbd_core.o
LOAD Middlewares/ST/STM32_USB_Device_Library/Core/Src/usbd_ctlreq.o
LOAD Middlewares/ST/STM32_USB_Device_Library/Core/Src/usbd_ioreq.o
LOAD Src/adc.o
LOAD Src/cis.o
LOAD Src/dac.o
LOAD Src/dma.o
LOAD Src/gpio.o
LOAD Src/hrtim.o
LOAD Src/main.o
LOAD Src/stm32h7xx_hal_msp.o
LOAD Src/stm32h7xx_it.o
LOAD Src/syscalls.o
LOAD Src/system_stm32h7xx.o
LOAD Src/tim.o
LOAD Src/usart.o
LOAD Src/usb_device.o
LOAD Src/usbd_cdc_if.o
LOAD Src/usbd_conf.o
LOAD Src/usbd_desc.o
LOAD startup/startup_stm32h743xx.o
LOAD /home/zhonx/.opt/AC6/plugins/fr.ac6.mcu.externaltools.arm-none.linux64_1.15.0.201708311556/tools/compiler/bin/../lib/gcc/arm-none-eabi/6.3.1/../../../../arm-none-eabi/lib/thumb/v7e-m/fpv5/hard/libm.a
START GROUP
LOAD /home/zhonx/.opt/AC6/plugins/fr.ac6.mcu.externaltools.arm-none.linux64_1.15.0.201708311556/tools/compiler/bin/../lib/gcc/arm-none-eabi/6.3.1/thumb/v7e-m/fpv5/hard/libgcc.a
LOAD /home/zhonx/.opt/AC6/plugins/fr.ac6.mcu.externaltools.arm-none.linux64_1.15.0.201708311556/tools/compiler/bin/../lib/gcc/arm-none-eabi/6.3.1/../../../../arm-none-eabi/lib/thumb/v7e-m/fpv5/hard/libc_nano.a
END GROUP
START GROUP
LOAD /home/zhonx/.opt/AC6/plugins/fr.ac6.mcu.externaltools.arm-none.linux64_1.15.0.201708311556/tools/compiler/bin/../lib/gcc/arm-none-eabi/6.3.1/thumb/v7e-m/fpv5/hard/libgcc.a
LOAD /home/zhonx/.opt/AC6/plugins/fr.ac6.mcu.externaltools.arm-none.linux64_1.15.0.201708311556/tools/compiler/bin/../lib/gcc/arm-none-eabi/6.3.1/../../../../arm-none-eabi/lib/thumb/v7e-m/fpv5/hard/libc_nano.a
LOAD /home/zhonx/.opt/AC6/plugins/fr.ac6.mcu.externaltools.arm-none.linux64_1.15.0.201708311556/tools/compiler/bin/../lib/gcc/arm-none-eabi/6.3.1/../../../../arm-none-eabi/lib/thumb/v7e-m/fpv5/hard/libnosys.a
END GROUP
START GROUP
LOAD /home/zhonx/.opt/AC6/plugins/fr.ac6.mcu.externaltools.arm-none.linux64_1.15.0.201708311556/tools/compiler/bin/../lib/gcc/arm-none-eabi/6.3.1/thumb/v7e-m/fpv5/hard/libgcc.a
LOAD /home/zhonx/.opt/AC6/plugins/fr.ac6.mcu.externaltools.arm-none.linux64_1.15.0.201708311556/tools/compiler/bin/../lib/gcc/arm-none-eabi/6.3.1/../../../../arm-none-eabi/lib/thumb/v7e-m/fpv5/hard/libc_nano.a
LOAD /home/zhonx/.opt/AC6/plugins/fr.ac6.mcu.externaltools.arm-none.linux64_1.15.0.201708311556/tools/compiler/bin/../lib/gcc/arm-none-eabi/6.3.1/../../../../arm-none-eabi/lib/thumb/v7e-m/fpv5/hard/libnosys.a
END GROUP
LOAD /home/zhonx/.opt/AC6/plugins/fr.ac6.mcu.externaltools.arm-none.linux64_1.15.0.201708311556/tools/compiler/bin/../lib/gcc/arm-none-eabi/6.3.1/thumb/v7e-m/fpv5/hard/crtend.o
LOAD /home/zhonx/.opt/AC6/plugins/fr.ac6.mcu.externaltools.arm-none.linux64_1.15.0.201708311556/tools/compiler/bin/../lib/gcc/arm-none-eabi/6.3.1/thumb/v7e-m/fpv5/hard/crtn.o
                0x0000000024080000                _estack = 0x24080000
                0x0000000000000200                _Min_Heap_Size = 0x200
                0x0000000000000400                _Min_Stack_Size = 0x400

.isr_vector     0x0000000008000000      0x298
                0x0000000008000000                . = ALIGN (0x4)
 *(.isr_vector)
 .isr_vector    0x0000000008000000      0x298 startup/startup_stm32h743xx.o
                0x0000000008000000                g_pfnVectors
                0x0000000008000298                . = ALIGN (0x4)

.text           0x00000000080002a0     0xa064
                0x00000000080002a0                . = ALIGN (0x4)
 *(.text)
 .text          0x00000000080002a0       0x6c /home/zhonx/.opt/AC6/plugins/fr.ac6.mcu.externaltools.arm-none.linux64_1.15.0.201708311556/tools/compiler/bin/../lib/gcc/arm-none-eabi/6.3.1/thumb/v7e-m/fpv5/hard/crtbegin.o
 .text          0x000000000800030c       0x30 /home/zhonx/.opt/AC6/plugins/fr.ac6.mcu.externaltools.arm-none.linux64_1.15.0.201708311556/tools/compiler/bin/../lib/gcc/arm-none-eabi/6.3.1/thumb/v7e-m/fpv5/hard/libgcc.a(_aeabi_uldivmod.o)
                0x000000000800030c                __aeabi_uldivmod
 .text          0x000000000800033c      0x2dc /home/zhonx/.opt/AC6/plugins/fr.ac6.mcu.externaltools.arm-none.linux64_1.15.0.201708311556/tools/compiler/bin/../lib/gcc/arm-none-eabi/6.3.1/thumb/v7e-m/fpv5/hard/libgcc.a(_udivmoddi4.o)
                0x000000000800033c                __udivmoddi4
 .text          0x0000000008000618        0x4 /home/zhonx/.opt/AC6/plugins/fr.ac6.mcu.externaltools.arm-none.linux64_1.15.0.201708311556/tools/compiler/bin/../lib/gcc/arm-none-eabi/6.3.1/thumb/v7e-m/fpv5/hard/libgcc.a(_dvmd_tls.o)
                0x0000000008000618                __aeabi_ldiv0
                0x0000000008000618                __aeabi_idiv0
 *fill*         0x000000000800061c        0x4 
 .text          0x0000000008000620       0xa0 /home/zhonx/.opt/AC6/plugins/fr.ac6.mcu.externaltools.arm-none.linux64_1.15.0.201708311556/tools/compiler/bin/../lib/gcc/arm-none-eabi/6.3.1/../../../../arm-none-eabi/lib/thumb/v7e-m/fpv5/hard/libc_nano.a(lib_a-memchr.o)
                0x0000000008000620                memchr
 *(.text*)
 .text.HAL_InitTick
                0x00000000080006c0       0x48 Drivers/STM32H7xx_HAL_Driver/Src/stm32h7xx_hal.o
                0x00000000080006c0                HAL_InitTick
 .text.HAL_Init
                0x0000000008000708       0x1e Drivers/STM32H7xx_HAL_Driver/Src/stm32h7xx_hal.o
                0x0000000008000708                HAL_Init
 *fill*         0x0000000008000726        0x2 
 .text.HAL_IncTick
                0x0000000008000728       0x18 Drivers/STM32H7xx_HAL_Driver/Src/stm32h7xx_hal.o
                0x0000000008000728                HAL_IncTick
 .text.HAL_GetTick
                0x0000000008000740        0xc Drivers/STM32H7xx_HAL_Driver/Src/stm32h7xx_hal.o
                0x0000000008000740                HAL_GetTick
 .text.HAL_Delay
                0x000000000800074c       0x28 Drivers/STM32H7xx_HAL_Driver/Src/stm32h7xx_hal.o
                0x000000000800074c                HAL_Delay
 .text.HAL_ADC_Init
                0x0000000008000774      0x304 Drivers/STM32H7xx_HAL_Driver/Src/stm32h7xx_hal_adc.o
                0x0000000008000774                HAL_ADC_Init
 .text.HAL_ADC_GetValue
                0x0000000008000a78        0x6 Drivers/STM32H7xx_HAL_Driver/Src/stm32h7xx_hal_adc.o
                0x0000000008000a78                HAL_ADC_GetValue
 .text.HAL_ADC_LevelOutOfWindowCallback
                0x0000000008000a7e        0x2 Drivers/STM32H7xx_HAL_Driver/Src/stm32h7xx_hal_adc.o
                0x0000000008000a7e                HAL_ADC_LevelOutOfWindowCallback
 .text.HAL_ADC_ErrorCallback
                0x0000000008000a80        0x2 Drivers/STM32H7xx_HAL_Driver/Src/stm32h7xx_hal_adc.o
                0x0000000008000a80                HAL_ADC_ErrorCallback
 *fill*         0x0000000008000a82        0x2 
 .text.HAL_ADC_IRQHandler
                0x0000000008000a84      0x318 Drivers/STM32H7xx_HAL_Driver/Src/stm32h7xx_hal_adc.o
                0x0000000008000a84                HAL_ADC_IRQHandler
 .text.HAL_ADC_ConfigChannel
                0x0000000008000d9c      0x61c Drivers/STM32H7xx_HAL_Driver/Src/stm32h7xx_hal_adc.o
                0x0000000008000d9c                HAL_ADC_ConfigChannel
 .text.ADC_Enable
                0x00000000080013b8       0x8c Drivers/STM32H7xx_HAL_Driver/Src/stm32h7xx_hal_adc.o
                0x00000000080013b8                ADC_Enable
 .text.HAL_ADC_Start_IT
                0x0000000008001444      0x1a8 Drivers/STM32H7xx_HAL_Driver/Src/stm32h7xx_hal_adc.o
                0x0000000008001444                HAL_ADC_Start_IT
 .text.HAL_ADCEx_InjectedConvCpltCallback
                0x00000000080015ec        0x2 Drivers/STM32H7xx_HAL_Driver/Src/stm32h7xx_hal_adc_ex.o
                0x00000000080015ec                HAL_ADCEx_InjectedConvCpltCallback
 .text.HAL_ADCEx_InjectedQueueOverflowCallback
                0x00000000080015ee        0x2 Drivers/STM32H7xx_HAL_Driver/Src/stm32h7xx_hal_adc_ex.o
                0x00000000080015ee                HAL_ADCEx_InjectedQueueOverflowCallback
 .text.HAL_ADCEx_LevelOutOfWindow2Callback
                0x00000000080015f0        0x2 Drivers/STM32H7xx_HAL_Driver/Src/stm32h7xx_hal_adc_ex.o
                0x00000000080015f0                HAL_ADCEx_LevelOutOfWindow2Callback
 .text.HAL_ADCEx_LevelOutOfWindow3Callback
                0x00000000080015f2        0x2 Drivers/STM32H7xx_HAL_Driver/Src/stm32h7xx_hal_adc_ex.o
                0x00000000080015f2                HAL_ADCEx_LevelOutOfWindow3Callback
 .text.HAL_ADCEx_EndOfSamplingCallback
                0x00000000080015f4        0x2 Drivers/STM32H7xx_HAL_Driver/Src/stm32h7xx_hal_adc_ex.o
                0x00000000080015f4                HAL_ADCEx_EndOfSamplingCallback
 *fill*         0x00000000080015f6        0x2 
 .text.HAL_ADCEx_MultiModeConfigChannel
                0x00000000080015f8      0x140 Drivers/STM32H7xx_HAL_Driver/Src/stm32h7xx_hal_adc_ex.o
                0x00000000080015f8                HAL_ADCEx_MultiModeConfigChannel
 .text.HAL_NVIC_SetPriorityGrouping
                0x0000000008001738       0x24 Drivers/STM32H7xx_HAL_Driver/Src/stm32h7xx_hal_cortex.o
                0x0000000008001738                HAL_NVIC_SetPriorityGrouping
 .text.HAL_NVIC_SetPriority
                0x000000000800175c       0x60 Drivers/STM32H7xx_HAL_Driver/Src/stm32h7xx_hal_cortex.o
                0x000000000800175c                HAL_NVIC_SetPriority
 .text.HAL_NVIC_EnableIRQ
                0x00000000080017bc       0x1c Drivers/STM32H7xx_HAL_Driver/Src/stm32h7xx_hal_cortex.o
                0x00000000080017bc                HAL_NVIC_EnableIRQ
 .text.HAL_SYSTICK_Config
                0x00000000080017d8       0x2c Drivers/STM32H7xx_HAL_Driver/Src/stm32h7xx_hal_cortex.o
                0x00000000080017d8                HAL_SYSTICK_Config
 .text.HAL_SYSTICK_CLKSourceConfig
                0x0000000008001804       0x20 Drivers/STM32H7xx_HAL_Driver/Src/stm32h7xx_hal_cortex.o
                0x0000000008001804                HAL_SYSTICK_CLKSourceConfig
 .text.HAL_SYSTICK_Callback
                0x0000000008001824        0x2 Drivers/STM32H7xx_HAL_Driver/Src/stm32h7xx_hal_cortex.o
                0x0000000008001824                HAL_SYSTICK_Callback
 .text.HAL_SYSTICK_IRQHandler
                0x0000000008001826        0x8 Drivers/STM32H7xx_HAL_Driver/Src/stm32h7xx_hal_cortex.o
                0x0000000008001826                HAL_SYSTICK_IRQHandler
 .text.HAL_DAC_Init
                0x000000000800182e       0x24 Drivers/STM32H7xx_HAL_Driver/Src/stm32h7xx_hal_dac.o
                0x000000000800182e                HAL_DAC_Init
 *fill*         0x0000000008001852        0x2 
 .text.HAL_DAC_Start_DMA
                0x0000000008001854       0xf0 Drivers/STM32H7xx_HAL_Driver/Src/stm32h7xx_hal_dac.o
                0x0000000008001854                HAL_DAC_Start_DMA
 .text.HAL_DAC_ConvCpltCallbackCh1
                0x0000000008001944        0x2 Drivers/STM32H7xx_HAL_Driver/Src/stm32h7xx_hal_dac.o
                0x0000000008001944                HAL_DAC_ConvCpltCallbackCh1
 .text.DAC_DMAConvCpltCh1
                0x0000000008001946       0x10 Drivers/STM32H7xx_HAL_Driver/Src/stm32h7xx_hal_dac.o
 .text.HAL_DAC_ConvHalfCpltCallbackCh1
                0x0000000008001956        0x2 Drivers/STM32H7xx_HAL_Driver/Src/stm32h7xx_hal_dac.o
                0x0000000008001956                HAL_DAC_ConvHalfCpltCallbackCh1
 .text.DAC_DMAHalfConvCpltCh1
                0x0000000008001958        0xa Drivers/STM32H7xx_HAL_Driver/Src/stm32h7xx_hal_dac.o
 .text.HAL_DAC_ErrorCallbackCh1
                0x0000000008001962        0x2 Drivers/STM32H7xx_HAL_Driver/Src/stm32h7xx_hal_dac.o
                0x0000000008001962                HAL_DAC_ErrorCallbackCh1
 .text.DAC_DMAErrorCh1
                0x0000000008001964       0x18 Drivers/STM32H7xx_HAL_Driver/Src/stm32h7xx_hal_dac.o
 .text.HAL_DAC_DMAUnderrunCallbackCh1
                0x000000000800197c        0x2 Drivers/STM32H7xx_HAL_Driver/Src/stm32h7xx_hal_dac.o
                0x000000000800197c                HAL_DAC_DMAUnderrunCallbackCh1
 .text.HAL_DAC_IRQHandler
                0x000000000800197e       0x70 Drivers/STM32H7xx_HAL_Driver/Src/stm32h7xx_hal_dac.o
                0x000000000800197e                HAL_DAC_IRQHandler
 *fill*         0x00000000080019ee        0x2 
 .text.HAL_DAC_ConfigChannel
                0x00000000080019f0      0x110 Drivers/STM32H7xx_HAL_Driver/Src/stm32h7xx_hal_dac.o
                0x00000000080019f0                HAL_DAC_ConfigChannel
 .text.HAL_DACEx_TriangleWaveGenerate
                0x0000000008001b00       0x3a Drivers/STM32H7xx_HAL_Driver/Src/stm32h7xx_hal_dac_ex.o
                0x0000000008001b00                HAL_DACEx_TriangleWaveGenerate
 .text.HAL_DACEx_ConvCpltCallbackCh2
                0x0000000008001b3a        0x2 Drivers/STM32H7xx_HAL_Driver/Src/stm32h7xx_hal_dac_ex.o
                0x0000000008001b3a                HAL_DACEx_ConvCpltCallbackCh2
 .text.HAL_DACEx_ConvHalfCpltCallbackCh2
                0x0000000008001b3c        0x2 Drivers/STM32H7xx_HAL_Driver/Src/stm32h7xx_hal_dac_ex.o
                0x0000000008001b3c                HAL_DACEx_ConvHalfCpltCallbackCh2
 .text.HAL_DACEx_ErrorCallbackCh2
                0x0000000008001b3e        0x2 Drivers/STM32H7xx_HAL_Driver/Src/stm32h7xx_hal_dac_ex.o
                0x0000000008001b3e                HAL_DACEx_ErrorCallbackCh2
 .text.HAL_DACEx_DMAUnderrunCallbackCh2
                0x0000000008001b40        0x2 Drivers/STM32H7xx_HAL_Driver/Src/stm32h7xx_hal_dac_ex.o
                0x0000000008001b40                HAL_DACEx_DMAUnderrunCallbackCh2
 .text.DAC_DMAConvCpltCh2
                0x0000000008001b42       0x10 Drivers/STM32H7xx_HAL_Driver/Src/stm32h7xx_hal_dac_ex.o
                0x0000000008001b42                DAC_DMAConvCpltCh2
 .text.DAC_DMAHalfConvCpltCh2
                0x0000000008001b52        0xa Drivers/STM32H7xx_HAL_Driver/Src/stm32h7xx_hal_dac_ex.o
                0x0000000008001b52                DAC_DMAHalfConvCpltCh2
 .text.DAC_DMAErrorCh2
                0x0000000008001b5c       0x18 Drivers/STM32H7xx_HAL_Driver/Src/stm32h7xx_hal_dac_ex.o
                0x0000000008001b5c                DAC_DMAErrorCh2
 .text.DMA_SetConfig
                0x0000000008001b74       0x94 Drivers/STM32H7xx_HAL_Driver/Src/stm32h7xx_hal_dma.o
 .text.DMA_CalcBaseAndBitshift
                0x0000000008001c08       0x38 Drivers/STM32H7xx_HAL_Driver/Src/stm32h7xx_hal_dma.o
 .text.DMA_CheckFifoParam
                0x0000000008001c40       0x92 Drivers/STM32H7xx_HAL_Driver/Src/stm32h7xx_hal_dma.o
 *fill*         0x0000000008001cd2        0x2 
 .text.DMA_CalcDMAMUXChannelBaseAndMask
                0x0000000008001cd4       0x78 Drivers/STM32H7xx_HAL_Driver/Src/stm32h7xx_hal_dma.o
 .text.DMA_CalcDMAMUXRequestGenBaseAndMask
                0x0000000008001d4c       0x50 Drivers/STM32H7xx_HAL_Driver/Src/stm32h7xx_hal_dma.o
 .text.HAL_DMA_Init
                0x0000000008001d9c      0x1ac Drivers/STM32H7xx_HAL_Driver/Src/stm32h7xx_hal_dma.o
                0x0000000008001d9c                HAL_DMA_Init
 .text.HAL_DMA_Start_IT
                0x0000000008001f48       0xfc Drivers/STM32H7xx_HAL_Driver/Src/stm32h7xx_hal_dma.o
                0x0000000008001f48                HAL_DMA_Start_IT
 .text.HAL_DMA_IRQHandler
                0x0000000008002044      0x340 Drivers/STM32H7xx_HAL_Driver/Src/stm32h7xx_hal_dma.o
                0x0000000008002044                HAL_DMA_IRQHandler
 .text.HAL_GPIO_Init
                0x0000000008002384      0x1ec Drivers/STM32H7xx_HAL_Driver/Src/stm32h7xx_hal_gpio.o
                0x0000000008002384                HAL_GPIO_Init
 .text.HAL_GPIO_WritePin
                0x0000000008002570        0xa Drivers/STM32H7xx_HAL_Driver/Src/stm32h7xx_hal_gpio.o
                0x0000000008002570                HAL_GPIO_WritePin
 .text.HRTIM_MasterBase_Config
                0x000000000800257a       0x2a Drivers/STM32H7xx_HAL_Driver/Src/stm32h7xx_hal_hrtim.o
 .text.HRTIM_TimingUnitBase_Config
                0x00000000080025a4       0x36 Drivers/STM32H7xx_HAL_Driver/Src/stm32h7xx_hal_hrtim.o
 .text.HRTIM_MasterWaveform_Config
                0x00000000080025da       0x58 Drivers/STM32H7xx_HAL_Driver/Src/stm32h7xx_hal_hrtim.o
 .text.HRTIM_TimingUnitWaveform_Config
                0x0000000008002632      0x13a Drivers/STM32H7xx_HAL_Driver/Src/stm32h7xx_hal_hrtim.o
 .text.HRTIM_CompareUnitConfig
                0x000000000800276c       0x8c Drivers/STM32H7xx_HAL_Driver/Src/stm32h7xx_hal_hrtim.o
 .text.HRTIM_OutputConfig
                0x00000000080027f8       0xc4 Drivers/STM32H7xx_HAL_Driver/Src/stm32h7xx_hal_hrtim.o
 .text.HRTIM_EventConfig
                0x00000000080028bc      0x208 Drivers/STM32H7xx_HAL_Driver/Src/stm32h7xx_hal_hrtim.o
 .text.HRTIM_ForceRegistersUpdate
                0x0000000008002ac4       0x6e Drivers/STM32H7xx_HAL_Driver/Src/stm32h7xx_hal_hrtim.o
 *fill*         0x0000000008002b32        0x2 
 .text.HAL_HRTIM_Init
                0x0000000008002b34       0xd8 Drivers/STM32H7xx_HAL_Driver/Src/stm32h7xx_hal_hrtim.o
                0x0000000008002b34                HAL_HRTIM_Init
 .text.HAL_HRTIM_TimeBaseConfig
                0x0000000008002c0c       0x32 Drivers/STM32H7xx_HAL_Driver/Src/stm32h7xx_hal_hrtim.o
                0x0000000008002c0c                HAL_HRTIM_TimeBaseConfig
 .text.HAL_HRTIM_SimplePWMChannelConfig
                0x0000000008002c3e       0xda Drivers/STM32H7xx_HAL_Driver/Src/stm32h7xx_hal_hrtim.o
                0x0000000008002c3e                HAL_HRTIM_SimplePWMChannelConfig
 .text.HAL_HRTIM_EventConfig
                0x0000000008002d18       0x3a Drivers/STM32H7xx_HAL_Driver/Src/stm32h7xx_hal_hrtim.o
                0x0000000008002d18                HAL_HRTIM_EventConfig
 .text.HAL_HRTIM_EventPrescalerConfig
                0x0000000008002d52       0x4a Drivers/STM32H7xx_HAL_Driver/Src/stm32h7xx_hal_hrtim.o
                0x0000000008002d52                HAL_HRTIM_EventPrescalerConfig
 .text.HAL_HRTIM_ADCTriggerConfig
                0x0000000008002d9c       0xaa Drivers/STM32H7xx_HAL_Driver/Src/stm32h7xx_hal_hrtim.o
                0x0000000008002d9c                HAL_HRTIM_ADCTriggerConfig
 .text.HAL_HRTIM_WaveformTimerConfig
                0x0000000008002e46       0x70 Drivers/STM32H7xx_HAL_Driver/Src/stm32h7xx_hal_hrtim.o
                0x0000000008002e46                HAL_HRTIM_WaveformTimerConfig
 .text.HAL_HRTIM_WaveformOutputConfig
                0x0000000008002eb6       0x3c Drivers/STM32H7xx_HAL_Driver/Src/stm32h7xx_hal_hrtim.o
                0x0000000008002eb6                HAL_HRTIM_WaveformOutputConfig
 .text.PCD_WriteEmptyTxFifo
                0x0000000008002ef2       0xc0 Drivers/STM32H7xx_HAL_Driver/Src/stm32h7xx_hal_pcd.o
 .text.HAL_PCD_Init
                0x0000000008002fb2       0xfc Drivers/STM32H7xx_HAL_Driver/Src/stm32h7xx_hal_pcd.o
                0x0000000008002fb2                HAL_PCD_Init
 .text.HAL_PCD_Start
                0x00000000080030ae       0x14 Drivers/STM32H7xx_HAL_Driver/Src/stm32h7xx_hal_pcd.o
                0x00000000080030ae                HAL_PCD_Start
 *fill*         0x00000000080030c2        0x2 
 .text.HAL_PCD_IRQHandler
                0x00000000080030c4      0x658 Drivers/STM32H7xx_HAL_Driver/Src/stm32h7xx_hal_pcd.o
                0x00000000080030c4                HAL_PCD_IRQHandler
 .text.HAL_PCD_SetAddress
                0x000000000800371c       0x24 Drivers/STM32H7xx_HAL_Driver/Src/stm32h7xx_hal_pcd.o
                0x000000000800371c                HAL_PCD_SetAddress
 .text.HAL_PCD_EP_Open
                0x0000000008003740       0x68 Drivers/STM32H7xx_HAL_Driver/Src/stm32h7xx_hal_pcd.o
                0x0000000008003740                HAL_PCD_EP_Open
 .text.HAL_PCD_EP_Close
                0x00000000080037a8       0x56 Drivers/STM32H7xx_HAL_Driver/Src/stm32h7xx_hal_pcd.o
                0x00000000080037a8                HAL_PCD_EP_Close
 .text.HAL_PCD_EP_Receive
                0x00000000080037fe       0x5a Drivers/STM32H7xx_HAL_Driver/Src/stm32h7xx_hal_pcd.o
                0x00000000080037fe                HAL_PCD_EP_Receive
 .text.HAL_PCD_EP_GetRxCount
                0x0000000008003858       0x12 Drivers/STM32H7xx_HAL_Driver/Src/stm32h7xx_hal_pcd.o
                0x0000000008003858                HAL_PCD_EP_GetRxCount
 .text.HAL_PCD_EP_Transmit
                0x000000000800386a       0x52 Drivers/STM32H7xx_HAL_Driver/Src/stm32h7xx_hal_pcd.o
                0x000000000800386a                HAL_PCD_EP_Transmit
 .text.HAL_PCD_EP_SetStall
                0x00000000080038bc       0x66 Drivers/STM32H7xx_HAL_Driver/Src/stm32h7xx_hal_pcd.o
                0x00000000080038bc                HAL_PCD_EP_SetStall
 .text.HAL_PCD_EP_ClrStall
                0x0000000008003922       0x56 Drivers/STM32H7xx_HAL_Driver/Src/stm32h7xx_hal_pcd.o
                0x0000000008003922                HAL_PCD_EP_ClrStall
 .text.HAL_PCDEx_SetTxFiFo
                0x0000000008003978       0x48 Drivers/STM32H7xx_HAL_Driver/Src/stm32h7xx_hal_pcd_ex.o
                0x0000000008003978                HAL_PCDEx_SetTxFiFo
 .text.HAL_PCDEx_SetRxFiFo
                0x00000000080039c0        0x8 Drivers/STM32H7xx_HAL_Driver/Src/stm32h7xx_hal_pcd_ex.o
                0x00000000080039c0                HAL_PCDEx_SetRxFiFo
 .text.HAL_PCDEx_ActivateLPM
                0x00000000080039c8       0x28 Drivers/STM32H7xx_HAL_Driver/Src/stm32h7xx_hal_pcd_ex.o
                0x00000000080039c8                HAL_PCDEx_ActivateLPM
 .text.HAL_PCDEx_ActivateBCD
                0x00000000080039f0       0x1c Drivers/STM32H7xx_HAL_Driver/Src/stm32h7xx_hal_pcd_ex.o
                0x00000000080039f0                HAL_PCDEx_ActivateBCD
 .text.HAL_PCDEx_LPM_Callback
                0x0000000008003a0c        0x2 Drivers/STM32H7xx_HAL_Driver/Src/stm32h7xx_hal_pcd_ex.o
                0x0000000008003a0c                HAL_PCDEx_LPM_Callback
 *fill*         0x0000000008003a0e        0x2 
 .text.HAL_RCC_OscConfig
                0x0000000008003a10      0x58c Drivers/STM32H7xx_HAL_Driver/Src/stm32h7xx_hal_rcc.o
                0x0000000008003a10                HAL_RCC_OscConfig
 .text.HAL_RCC_GetSysClockFreq
                0x0000000008003f9c      0x1cc Drivers/STM32H7xx_HAL_Driver/Src/stm32h7xx_hal_rcc.o
                0x0000000008003f9c                HAL_RCC_GetSysClockFreq
 .text.HAL_RCC_ClockConfig
                0x0000000008004168      0x1f0 Drivers/STM32H7xx_HAL_Driver/Src/stm32h7xx_hal_rcc.o
                0x0000000008004168                HAL_RCC_ClockConfig
 .text.HAL_RCC_GetHCLKFreq
                0x0000000008004358       0x34 Drivers/STM32H7xx_HAL_Driver/Src/stm32h7xx_hal_rcc.o
                0x0000000008004358                HAL_RCC_GetHCLKFreq
 .text.HAL_RCC_GetPCLK1Freq
                0x000000000800438c       0x2c Drivers/STM32H7xx_HAL_Driver/Src/stm32h7xx_hal_rcc.o
                0x000000000800438c                HAL_RCC_GetPCLK1Freq
 .text.HAL_RCC_GetPCLK2Freq
                0x00000000080043b8       0x2c Drivers/STM32H7xx_HAL_Driver/Src/stm32h7xx_hal_rcc.o
                0x00000000080043b8                HAL_RCC_GetPCLK2Freq
 .text.RCCEx_PLL2_Config
                0x00000000080043e4       0xc0 Drivers/STM32H7xx_HAL_Driver/Src/stm32h7xx_hal_rcc_ex.o
 .text.RCCEx_PLL3_Config
                0x00000000080044a4       0xc0 Drivers/STM32H7xx_HAL_Driver/Src/stm32h7xx_hal_rcc_ex.o
 .text.HAL_RCCEx_PeriphCLKConfig
                0x0000000008004564      0xab0 Drivers/STM32H7xx_HAL_Driver/Src/stm32h7xx_hal_rcc_ex.o
                0x0000000008004564                HAL_RCCEx_PeriphCLKConfig
 .text.HAL_RCCEx_GetD3PCLK1Freq
                0x0000000008005014       0x2c Drivers/STM32H7xx_HAL_Driver/Src/stm32h7xx_hal_rcc_ex.o
                0x0000000008005014                HAL_RCCEx_GetD3PCLK1Freq
 .text.HAL_RCCEx_GetPLL2ClockFreq
                0x0000000008005040      0x1c8 Drivers/STM32H7xx_HAL_Driver/Src/stm32h7xx_hal_rcc_ex.o
                0x0000000008005040                HAL_RCCEx_GetPLL2ClockFreq
 .text.HAL_RCCEx_GetPLL3ClockFreq
                0x0000000008005208      0x1c8 Drivers/STM32H7xx_HAL_Driver/Src/stm32h7xx_hal_rcc_ex.o
                0x0000000008005208                HAL_RCCEx_GetPLL3ClockFreq
 .text.HAL_RCCEx_GetD1SysClockFreq
                0x00000000080053d0       0x34 Drivers/STM32H7xx_HAL_Driver/Src/stm32h7xx_hal_rcc_ex.o
                0x00000000080053d0                HAL_RCCEx_GetD1SysClockFreq
 .text.TIM_OC5_SetConfig
                0x0000000008005404       0x70 Drivers/STM32H7xx_HAL_Driver/Src/stm32h7xx_hal_tim.o
 .text.TIM_OC6_SetConfig
                0x0000000008005474       0x70 Drivers/STM32H7xx_HAL_Driver/Src/stm32h7xx_hal_tim.o
 .text.HAL_TIM_Base_Start
                0x00000000080054e4       0x1c Drivers/STM32H7xx_HAL_Driver/Src/stm32h7xx_hal_tim.o
                0x00000000080054e4                HAL_TIM_Base_Start
 .text.HAL_TIM_Base_Start_IT
                0x0000000008005500       0x1a Drivers/STM32H7xx_HAL_Driver/Src/stm32h7xx_hal_tim.o
                0x0000000008005500                HAL_TIM_Base_Start_IT
 .text.HAL_TIM_OC_DelayElapsedCallback
                0x000000000800551a        0x2 Drivers/STM32H7xx_HAL_Driver/Src/stm32h7xx_hal_tim.o
                0x000000000800551a                HAL_TIM_OC_DelayElapsedCallback
 .text.HAL_TIM_IC_CaptureCallback
                0x000000000800551c        0x2 Drivers/STM32H7xx_HAL_Driver/Src/stm32h7xx_hal_tim.o
                0x000000000800551c                HAL_TIM_IC_CaptureCallback
 .text.HAL_TIM_PWM_PulseFinishedCallback
                0x000000000800551e        0x2 Drivers/STM32H7xx_HAL_Driver/Src/stm32h7xx_hal_tim.o
                0x000000000800551e                HAL_TIM_PWM_PulseFinishedCallback
 .text.HAL_TIM_TriggerCallback
                0x0000000008005520        0x2 Drivers/STM32H7xx_HAL_Driver/Src/stm32h7xx_hal_tim.o
                0x0000000008005520                HAL_TIM_TriggerCallback
 .text.HAL_TIM_IRQHandler
                0x0000000008005522      0x19a Drivers/STM32H7xx_HAL_Driver/Src/stm32h7xx_hal_tim.o
                0x0000000008005522                HAL_TIM_IRQHandler
 .text.TIM_Base_SetConfig
                0x00000000080056bc      0x104 Drivers/STM32H7xx_HAL_Driver/Src/stm32h7xx_hal_tim.o
                0x00000000080056bc                TIM_Base_SetConfig
 .text.HAL_TIM_Base_Init
                0x00000000080057c0       0x32 Drivers/STM32H7xx_HAL_Driver/Src/stm32h7xx_hal_tim.o
                0x00000000080057c0                HAL_TIM_Base_Init
 .text.HAL_TIM_OC_Init
                0x00000000080057f2       0x32 Drivers/STM32H7xx_HAL_Driver/Src/stm32h7xx_hal_tim.o
                0x00000000080057f2                HAL_TIM_OC_Init
 .text.TIM_OC1_SetConfig
                0x0000000008005824       0xa4 Drivers/STM32H7xx_HAL_Driver/Src/stm32h7xx_hal_tim.o
                0x0000000008005824                TIM_OC1_SetConfig
 .text.TIM_OC2_SetConfig
                0x00000000080058c8       0x94 Drivers/STM32H7xx_HAL_Driver/Src/stm32h7xx_hal_tim.o
                0x00000000080058c8                TIM_OC2_SetConfig
 .text.TIM_OC3_SetConfig
                0x000000000800595c       0x90 Drivers/STM32H7xx_HAL_Driver/Src/stm32h7xx_hal_tim.o
                0x000000000800595c                TIM_OC3_SetConfig
 .text.TIM_OC4_SetConfig
                0x00000000080059ec       0x70 Drivers/STM32H7xx_HAL_Driver/Src/stm32h7xx_hal_tim.o
                0x00000000080059ec                TIM_OC4_SetConfig
 .text.HAL_TIM_OC_ConfigChannel
                0x0000000008005a5c       0x76 Drivers/STM32H7xx_HAL_Driver/Src/stm32h7xx_hal_tim.o
                0x0000000008005a5c                HAL_TIM_OC_ConfigChannel
 .text.TIM_CCxChannelCmd
                0x0000000008005ad2       0x1e Drivers/STM32H7xx_HAL_Driver/Src/stm32h7xx_hal_tim.o
                0x0000000008005ad2                TIM_CCxChannelCmd
 .text.HAL_TIM_OC_Start
                0x0000000008005af0       0x68 Drivers/STM32H7xx_HAL_Driver/Src/stm32h7xx_hal_tim.o
                0x0000000008005af0                HAL_TIM_OC_Start
 .text.HAL_TIMEx_MasterConfigSynchronization
                0x0000000008005b58       0x58 Drivers/STM32H7xx_HAL_Driver/Src/stm32h7xx_hal_tim_ex.o
                0x0000000008005b58                HAL_TIMEx_MasterConfigSynchronization
 .text.HAL_TIMEx_ConfigBreakDeadTime
                0x0000000008005bb0       0x90 Drivers/STM32H7xx_HAL_Driver/Src/stm32h7xx_hal_tim_ex.o
                0x0000000008005bb0                HAL_TIMEx_ConfigBreakDeadTime
 .text.HAL_TIMEx_CommutationCallback
                0x0000000008005c40        0x2 Drivers/STM32H7xx_HAL_Driver/Src/stm32h7xx_hal_tim_ex.o
                0x0000000008005c40                HAL_TIMEx_CommutationCallback
 .text.HAL_TIMEx_BreakCallback
                0x0000000008005c42        0x2 Drivers/STM32H7xx_HAL_Driver/Src/stm32h7xx_hal_tim_ex.o
                0x0000000008005c42                HAL_TIMEx_BreakCallback
 .text.UART_SetConfig
                0x0000000008005c44      0x908 Drivers/STM32H7xx_HAL_Driver/Src/stm32h7xx_hal_uart.o
                0x0000000008005c44                UART_SetConfig
 .text.UART_AdvFeatureConfig
                0x000000000800654c       0xca Drivers/STM32H7xx_HAL_Driver/Src/stm32h7xx_hal_uart.o
                0x000000000800654c                UART_AdvFeatureConfig
 .text.UART_WaitOnFlagUntilTimeout
                0x0000000008006616       0x64 Drivers/STM32H7xx_HAL_Driver/Src/stm32h7xx_hal_uart.o
                0x0000000008006616                UART_WaitOnFlagUntilTimeout
 .text.HAL_UART_Transmit
                0x000000000800667a       0xcc Drivers/STM32H7xx_HAL_Driver/Src/stm32h7xx_hal_uart.o
                0x000000000800667a                HAL_UART_Transmit
 .text.UART_CheckIdleState
                0x0000000008006746       0x70 Drivers/STM32H7xx_HAL_Driver/Src/stm32h7xx_hal_uart.o
                0x0000000008006746                UART_CheckIdleState
 .text.HAL_UART_Init
                0x00000000080067b6       0x68 Drivers/STM32H7xx_HAL_Driver/Src/stm32h7xx_hal_uart.o
                0x00000000080067b6                HAL_UART_Init
 *fill*         0x000000000800681e        0x2 
 .text.USB_CoreInit
                0x0000000008006820       0x7c Drivers/STM32H7xx_HAL_Driver/Src/stm32h7xx_ll_usb.o
                0x0000000008006820                USB_CoreInit
 .text.USB_EnableGlobalInt
                0x000000000800689c        0xc Drivers/STM32H7xx_HAL_Driver/Src/stm32h7xx_ll_usb.o
                0x000000000800689c                USB_EnableGlobalInt
 .text.USB_DisableGlobalInt
                0x00000000080068a8        0xc Drivers/STM32H7xx_HAL_Driver/Src/stm32h7xx_ll_usb.o
                0x00000000080068a8                USB_DisableGlobalInt
 .text.USB_SetCurrentMode
                0x00000000080068b4       0x2c Drivers/STM32H7xx_HAL_Driver/Src/stm32h7xx_ll_usb.o
                0x00000000080068b4                USB_SetCurrentMode
 .text.USB_DevInit
                0x00000000080068e0      0x15c Drivers/STM32H7xx_HAL_Driver/Src/stm32h7xx_ll_usb.o
                0x00000000080068e0                USB_DevInit
 .text.USB_FlushTxFifo
                0x0000000008006a3c       0x28 Drivers/STM32H7xx_HAL_Driver/Src/stm32h7xx_ll_usb.o
                0x0000000008006a3c                USB_FlushTxFifo
 .text.USB_FlushRxFifo
                0x0000000008006a64       0x24 Drivers/STM32H7xx_HAL_Driver/Src/stm32h7xx_ll_usb.o
                0x0000000008006a64                USB_FlushRxFifo
 .text.USB_SetDevSpeed
                0x0000000008006a88        0xe Drivers/STM32H7xx_HAL_Driver/Src/stm32h7xx_ll_usb.o
                0x0000000008006a88                USB_SetDevSpeed
 .text.USB_GetDevSpeed
                0x0000000008006a96       0x40 Drivers/STM32H7xx_HAL_Driver/Src/stm32h7xx_ll_usb.o
                0x0000000008006a96                USB_GetDevSpeed
 *fill*         0x0000000008006ad6        0x2 
 .text.USB_ActivateEndpoint
                0x0000000008006ad8       0x90 Drivers/STM32H7xx_HAL_Driver/Src/stm32h7xx_ll_usb.o
                0x0000000008006ad8                USB_ActivateEndpoint
 .text.USB_DeactivateEndpoint
                0x0000000008006b68       0x7e Drivers/STM32H7xx_HAL_Driver/Src/stm32h7xx_ll_usb.o
                0x0000000008006b68                USB_DeactivateEndpoint
 *fill*         0x0000000008006be6        0x2 
 .text.USB_EPStartXfer
                0x0000000008006be8      0x260 Drivers/STM32H7xx_HAL_Driver/Src/stm32h7xx_ll_usb.o
                0x0000000008006be8                USB_EPStartXfer
 .text.USB_EP0StartXfer
                0x0000000008006e48      0x15c Drivers/STM32H7xx_HAL_Driver/Src/stm32h7xx_ll_usb.o
                0x0000000008006e48                USB_EP0StartXfer
 .text.USB_WritePacket
                0x0000000008006fa4       0x28 Drivers/STM32H7xx_HAL_Driver/Src/stm32h7xx_ll_usb.o
                0x0000000008006fa4                USB_WritePacket
 .text.USB_ReadPacket
                0x0000000008006fcc       0x28 Drivers/STM32H7xx_HAL_Driver/Src/stm32h7xx_ll_usb.o
                0x0000000008006fcc                USB_ReadPacket
 .text.USB_EPSetStall
                0x0000000008006ff4       0x64 Drivers/STM32H7xx_HAL_Driver/Src/stm32h7xx_ll_usb.o
                0x0000000008006ff4                USB_EPSetStall
 .text.USB_EPClearStall
                0x0000000008007058       0x6a Drivers/STM32H7xx_HAL_Driver/Src/stm32h7xx_ll_usb.o
                0x0000000008007058                USB_EPClearStall
 .text.USB_SetDevAddress
                0x00000000080070c2       0x20 Drivers/STM32H7xx_HAL_Driver/Src/stm32h7xx_ll_usb.o
                0x00000000080070c2                USB_SetDevAddress
 .text.USB_DevConnect
                0x00000000080070e2       0x18 Drivers/STM32H7xx_HAL_Driver/Src/stm32h7xx_ll_usb.o
                0x00000000080070e2                USB_DevConnect
 .text.USB_DevDisconnect
                0x00000000080070fa       0x18 Drivers/STM32H7xx_HAL_Driver/Src/stm32h7xx_ll_usb.o
                0x00000000080070fa                USB_DevDisconnect
 .text.USB_ReadInterrupts
                0x0000000008007112        0x8 Drivers/STM32H7xx_HAL_Driver/Src/stm32h7xx_ll_usb.o
                0x0000000008007112                USB_ReadInterrupts
 .text.USB_ReadDevAllOutEpInterrupt
                0x000000000800711a       0x10 Drivers/STM32H7xx_HAL_Driver/Src/stm32h7xx_ll_usb.o
                0x000000000800711a                USB_ReadDevAllOutEpInterrupt
 .text.USB_ReadDevAllInEpInterrupt
                0x000000000800712a       0x10 Drivers/STM32H7xx_HAL_Driver/Src/stm32h7xx_ll_usb.o
                0x000000000800712a                USB_ReadDevAllInEpInterrupt
 .text.USB_ReadDevOutEPInterrupt
                0x000000000800713a       0x12 Drivers/STM32H7xx_HAL_Driver/Src/stm32h7xx_ll_usb.o
                0x000000000800713a                USB_ReadDevOutEPInterrupt
 .text.USB_ReadDevInEPInterrupt
                0x000000000800714c       0x1c Drivers/STM32H7xx_HAL_Driver/Src/stm32h7xx_ll_usb.o
                0x000000000800714c                USB_ReadDevInEPInterrupt
 .text.USB_GetMode
                0x0000000008007168        0x8 Drivers/STM32H7xx_HAL_Driver/Src/stm32h7xx_ll_usb.o
                0x0000000008007168                USB_GetMode
 .text.USB_ActivateSetup
                0x0000000008007170       0x38 Drivers/STM32H7xx_HAL_Driver/Src/stm32h7xx_ll_usb.o
                0x0000000008007170                USB_ActivateSetup
 .text.USB_EP0_OutStart
                0x00000000080071a8       0x46 Drivers/STM32H7xx_HAL_Driver/Src/stm32h7xx_ll_usb.o
                0x00000000080071a8                USB_EP0_OutStart
 *fill*         0x00000000080071ee        0x2 
 .text.USB_CoreReset
                0x00000000080071f0       0x3c Drivers/STM32H7xx_HAL_Driver/Src/stm32h7xx_ll_usb.o
 .text.USBD_CDC_DataIn
                0x000000000800722c       0x12 Middlewares/ST/STM32_USB_Device_Library/Class/CDC/Src/usbd_cdc.o
 .text.USBD_CDC_EP0_RxReady
                0x000000000800723e       0x28 Middlewares/ST/STM32_USB_Device_Library/Class/CDC/Src/usbd_cdc.o
 *fill*         0x0000000008007266        0x2 
 .text.USBD_CDC_GetFSCfgDesc
                0x0000000008007268        0xc Middlewares/ST/STM32_USB_Device_Library/Class/CDC/Src/usbd_cdc.o
 .text.USBD_CDC_GetHSCfgDesc
                0x0000000008007274        0xc Middlewares/ST/STM32_USB_Device_Library/Class/CDC/Src/usbd_cdc.o
 .text.USBD_CDC_GetOtherSpeedCfgDesc
                0x0000000008007280        0xc Middlewares/ST/STM32_USB_Device_Library/Class/CDC/Src/usbd_cdc.o
 .text.USBD_CDC_GetDeviceQualifierDescriptor
                0x000000000800728c        0xc Middlewares/ST/STM32_USB_Device_Library/Class/CDC/Src/usbd_cdc.o
                0x000000000800728c                USBD_CDC_GetDeviceQualifierDescriptor
 .text.USBD_CDC_DataOut
                0x0000000008007298       0x2e Middlewares/ST/STM32_USB_Device_Library/Class/CDC/Src/usbd_cdc.o
 *fill*         0x00000000080072c6        0x2 
 .text.USBD_CDC_Setup
                0x00000000080072c8       0x74 Middlewares/ST/STM32_USB_Device_Library/Class/CDC/Src/usbd_cdc.o
 .text.USBD_CDC_DeInit
                0x000000000800733c       0x3a Middlewares/ST/STM32_USB_Device_Library/Class/CDC/Src/usbd_cdc.o
 .text.USBD_CDC_Init
                0x0000000008007376       0x96 Middlewares/ST/STM32_USB_Device_Library/Class/CDC/Src/usbd_cdc.o
 .text.USBD_CDC_RegisterInterface
                0x000000000800740c        0xe Middlewares/ST/STM32_USB_Device_Library/Class/CDC/Src/usbd_cdc.o
                0x000000000800740c                USBD_CDC_RegisterInterface
 .text.USBD_CDC_SetTxBuffer
                0x000000000800741a       0x10 Middlewares/ST/STM32_USB_Device_Library/Class/CDC/Src/usbd_cdc.o
                0x000000000800741a                USBD_CDC_SetTxBuffer
 .text.USBD_CDC_SetRxBuffer
                0x000000000800742a        0xc Middlewares/ST/STM32_USB_Device_Library/Class/CDC/Src/usbd_cdc.o
                0x000000000800742a                USBD_CDC_SetRxBuffer
 .text.USBD_CDC_ReceivePacket
                0x0000000008007436       0x32 Middlewares/ST/STM32_USB_Device_Library/Class/CDC/Src/usbd_cdc.o
                0x0000000008007436                USBD_CDC_ReceivePacket
 .text.USBD_Init
                0x0000000008007468       0x2e Middlewares/ST/STM32_USB_Device_Library/Core/Src/usbd_core.o
                0x0000000008007468                USBD_Init
 .text.USBD_RegisterClass
                0x0000000008007496        0xe Middlewares/ST/STM32_USB_Device_Library/Core/Src/usbd_core.o
                0x0000000008007496                USBD_RegisterClass
 .text.USBD_Start
                0x00000000080074a4        0xa Middlewares/ST/STM32_USB_Device_Library/Core/Src/usbd_core.o
                0x00000000080074a4                USBD_Start
 .text.USBD_SetClassConfig
                0x00000000080074ae       0x1a Middlewares/ST/STM32_USB_Device_Library/Core/Src/usbd_core.o
                0x00000000080074ae                USBD_SetClassConfig
 .text.USBD_ClrClassConfig
                0x00000000080074c8        0xe Middlewares/ST/STM32_USB_Device_Library/Core/Src/usbd_core.o
                0x00000000080074c8                USBD_ClrClassConfig
 .text.USBD_LL_SetupStage
                0x00000000080074d6       0x5a Middlewares/ST/STM32_USB_Device_Library/Core/Src/usbd_core.o
                0x00000000080074d6                USBD_LL_SetupStage
 .text.USBD_LL_DataOutStage
                0x0000000008007530       0x6a Middlewares/ST/STM32_USB_Device_Library/Core/Src/usbd_core.o
                0x0000000008007530                USBD_LL_DataOutStage
 .text.USBD_LL_DataInStage
                0x000000000800759a       0xb2 Middlewares/ST/STM32_USB_Device_Library/Core/Src/usbd_core.o
                0x000000000800759a                USBD_LL_DataInStage
 .text.USBD_LL_Reset
                0x000000000800764c       0x3e Middlewares/ST/STM32_USB_Device_Library/Core/Src/usbd_core.o
                0x000000000800764c                USBD_LL_Reset
 .text.USBD_LL_SetSpeed
                0x000000000800768a        0x6 Middlewares/ST/STM32_USB_Device_Library/Core/Src/usbd_core.o
                0x000000000800768a                USBD_LL_SetSpeed
 .text.USBD_LL_Suspend
                0x0000000008007690       0x12 Middlewares/ST/STM32_USB_Device_Library/Core/Src/usbd_core.o
                0x0000000008007690                USBD_LL_Suspend
 .text.USBD_LL_Resume
                0x00000000080076a2        0xc Middlewares/ST/STM32_USB_Device_Library/Core/Src/usbd_core.o
                0x00000000080076a2                USBD_LL_Resume
 .text.USBD_LL_SOF
                0x00000000080076ae       0x1c Middlewares/ST/STM32_USB_Device_Library/Core/Src/usbd_core.o
                0x00000000080076ae                USBD_LL_SOF
 .text.USBD_LL_IsoINIncomplete
                0x00000000080076ca        0x4 Middlewares/ST/STM32_USB_Device_Library/Core/Src/usbd_core.o
                0x00000000080076ca                USBD_LL_IsoINIncomplete
 .text.USBD_LL_IsoOUTIncomplete
                0x00000000080076ce        0x4 Middlewares/ST/STM32_USB_Device_Library/Core/Src/usbd_core.o
                0x00000000080076ce                USBD_LL_IsoOUTIncomplete
 .text.USBD_LL_DevConnected
                0x00000000080076d2        0x4 Middlewares/ST/STM32_USB_Device_Library/Core/Src/usbd_core.o
                0x00000000080076d2                USBD_LL_DevConnected
 .text.USBD_LL_DevDisconnected
                0x00000000080076d6       0x16 Middlewares/ST/STM32_USB_Device_Library/Core/Src/usbd_core.o
                0x00000000080076d6                USBD_LL_DevDisconnected
 .text.USBD_GetLen
                0x00000000080076ec       0x14 Middlewares/ST/STM32_USB_Device_Library/Core/Src/usbd_ctlreq.o
 .text.USBD_SetFeature
                0x0000000008007700       0x20 Middlewares/ST/STM32_USB_Device_Library/Core/Src/usbd_ctlreq.o
 .text.USBD_ParseSetupRequest
                0x0000000008007720       0x28 Middlewares/ST/STM32_USB_Device_Library/Core/Src/usbd_ctlreq.o
                0x0000000008007720                USBD_ParseSetupRequest
 .text.USBD_CtlError
                0x0000000008007748       0x14 Middlewares/ST/STM32_USB_Device_Library/Core/Src/usbd_ctlreq.o
                0x0000000008007748                USBD_CtlError
 .text.USBD_GetDescriptor
                0x000000000800775c      0x132 Middlewares/ST/STM32_USB_Device_Library/Core/Src/usbd_ctlreq.o
 .text.USBD_SetAddress
                0x000000000800788e       0x4a Middlewares/ST/STM32_USB_Device_Library/Core/Src/usbd_ctlreq.o
 .text.USBD_SetConfig
                0x00000000080078d8       0xa4 Middlewares/ST/STM32_USB_Device_Library/Core/Src/usbd_ctlreq.o
 .text.USBD_GetConfig
                0x000000000800797c       0x3a Middlewares/ST/STM32_USB_Device_Library/Core/Src/usbd_ctlreq.o
 .text.USBD_GetStatus
                0x00000000080079b6       0x2c Middlewares/ST/STM32_USB_Device_Library/Core/Src/usbd_ctlreq.o
 .text.USBD_ClrFeature
                0x00000000080079e2       0x32 Middlewares/ST/STM32_USB_Device_Library/Core/Src/usbd_ctlreq.o
 .text.USBD_StdDevReq
                0x0000000008007a14       0x48 Middlewares/ST/STM32_USB_Device_Library/Core/Src/usbd_ctlreq.o
                0x0000000008007a14                USBD_StdDevReq
 .text.USBD_StdItfReq
                0x0000000008007a5c       0x38 Middlewares/ST/STM32_USB_Device_Library/Core/Src/usbd_ctlreq.o
                0x0000000008007a5c                USBD_StdItfReq
 .text.USBD_StdEPReq
                0x0000000008007a94      0x11c Middlewares/ST/STM32_USB_Device_Library/Core/Src/usbd_ctlreq.o
                0x0000000008007a94                USBD_StdEPReq
 .text.USBD_GetString
                0x0000000008007bb0       0x3a Middlewares/ST/STM32_USB_Device_Library/Core/Src/usbd_ctlreq.o
                0x0000000008007bb0                USBD_GetString
 .text.USBD_CtlSendData
                0x0000000008007bea       0x1a Middlewares/ST/STM32_USB_Device_Library/Core/Src/usbd_ioreq.o
                0x0000000008007bea                USBD_CtlSendData
 .text.USBD_CtlContinueSendData
                0x0000000008007c04       0x10 Middlewares/ST/STM32_USB_Device_Library/Core/Src/usbd_ioreq.o
                0x0000000008007c04                USBD_CtlContinueSendData
 .text.USBD_CtlPrepareRx
                0x0000000008007c14       0x1e Middlewares/ST/STM32_USB_Device_Library/Core/Src/usbd_ioreq.o
                0x0000000008007c14                USBD_CtlPrepareRx
 .text.USBD_CtlContinueRx
                0x0000000008007c32       0x10 Middlewares/ST/STM32_USB_Device_Library/Core/Src/usbd_ioreq.o
                0x0000000008007c32                USBD_CtlContinueRx
 .text.USBD_CtlSendStatus
                0x0000000008007c42       0x16 Middlewares/ST/STM32_USB_Device_Library/Core/Src/usbd_ioreq.o
                0x0000000008007c42                USBD_CtlSendStatus
 .text.USBD_CtlReceiveStatus
                0x0000000008007c58       0x16 Middlewares/ST/STM32_USB_Device_Library/Core/Src/usbd_ioreq.o
                0x0000000008007c58                USBD_CtlReceiveStatus
 *fill*         0x0000000008007c6e        0x2 
 .text.MX_ADC1_Init
                0x0000000008007c70       0xa4 Src/adc.o
                0x0000000008007c70                MX_ADC1_Init
 .text.HAL_ADC_MspInit
                0x0000000008007d14       0xac Src/adc.o
                0x0000000008007d14                HAL_ADC_MspInit
 .text.HAL_ADC_ConvCpltCallback
                0x0000000008007dc0       0x48 Src/cis.o
                0x0000000008007dc0                HAL_ADC_ConvCpltCallback
 .text.timesBaseInit
                0x0000000008007e08      0x170 Src/cis.o
                0x0000000008007e08                timesBaseInit
 .text.cisInit  0x0000000008007f78       0xb8 Src/cis.o
                0x0000000008007f78                cisInit
 .text.HAL_TIM_PeriodElapsedCallback
                0x0000000008008030      0x118 Src/cis.o
                0x0000000008008030                HAL_TIM_PeriodElapsedCallback
 .text.MX_DAC1_Init
                0x0000000008008148       0x68 Src/dac.o
                0x0000000008008148                MX_DAC1_Init
 .text.HAL_DAC_MspInit
                0x00000000080081b0       0xb0 Src/dac.o
                0x00000000080081b0                HAL_DAC_MspInit
 .text.MX_DMA_Init
                0x0000000008008260       0x58 Src/dma.o
                0x0000000008008260                MX_DMA_Init
 .text.MX_GPIO_Init
                0x00000000080082b8      0x20c Src/gpio.o
                0x00000000080082b8                MX_GPIO_Init
 .text.HAL_HRTIM_MspInit
                0x00000000080084c4       0x34 Src/hrtim.o
                0x00000000080084c4                HAL_HRTIM_MspInit
 .text.HAL_HRTIM_MspPostInit
                0x00000000080084f8       0x3c Src/hrtim.o
                0x00000000080084f8                HAL_HRTIM_MspPostInit
 .text.MX_HRTIM_Init
                0x0000000008008534      0x170 Src/hrtim.o
                0x0000000008008534                MX_HRTIM_Init
 .text._Error_Handler
                0x00000000080086a4        0x2 Src/main.o
                0x00000000080086a4                _Error_Handler
 *fill*         0x00000000080086a6        0x2 
 .text.SystemClock_Config
                0x00000000080086a8      0x130 Src/main.o
                0x00000000080086a8                SystemClock_Config
 .text.main     0x00000000080087d8       0x68 Src/main.o
                0x00000000080087d8                main
 .text.HAL_MspInit
                0x0000000008008840       0x84 Src/stm32h7xx_hal_msp.o
                0x0000000008008840                HAL_MspInit
 .text.SVC_Handler
                0x00000000080088c4        0x2 Src/stm32h7xx_it.o
                0x00000000080088c4                SVC_Handler
 .text.PendSV_Handler
                0x00000000080088c6        0x2 Src/stm32h7xx_it.o
                0x00000000080088c6                PendSV_Handler
 .text.SysTick_Handler
                0x00000000080088c8        0xc Src/stm32h7xx_it.o
                0x00000000080088c8                SysTick_Handler
 .text.DMA1_Stream0_IRQHandler
                0x00000000080088d4       0x10 Src/stm32h7xx_it.o
                0x00000000080088d4                DMA1_Stream0_IRQHandler
 .text.DMA1_Stream1_IRQHandler
                0x00000000080088e4       0x10 Src/stm32h7xx_it.o
                0x00000000080088e4                DMA1_Stream1_IRQHandler
 .text.DMA1_Stream2_IRQHandler
                0x00000000080088f4       0x10 Src/stm32h7xx_it.o
                0x00000000080088f4                DMA1_Stream2_IRQHandler
 .text.ADC_IRQHandler
                0x0000000008008904       0x10 Src/stm32h7xx_it.o
                0x0000000008008904                ADC_IRQHandler
 .text.TIM1_UP_IRQHandler
                0x0000000008008914       0x10 Src/stm32h7xx_it.o
                0x0000000008008914                TIM1_UP_IRQHandler
 .text.TIM1_TRG_COM_IRQHandler
                0x0000000008008924       0x10 Src/stm32h7xx_it.o
                0x0000000008008924                TIM1_TRG_COM_IRQHandler
 .text.TIM1_CC_IRQHandler
                0x0000000008008934       0x10 Src/stm32h7xx_it.o
                0x0000000008008934                TIM1_CC_IRQHandler
 .text.TIM6_DAC_IRQHandler
                0x0000000008008944       0x18 Src/stm32h7xx_it.o
                0x0000000008008944                TIM6_DAC_IRQHandler
 .text.OTG_FS_IRQHandler
                0x000000000800895c       0x10 Src/stm32h7xx_it.o
                0x000000000800895c                OTG_FS_IRQHandler
 .text.TIM15_IRQHandler
                0x000000000800896c       0x10 Src/stm32h7xx_it.o
                0x000000000800896c                TIM15_IRQHandler
 .text._read    0x000000000800897c       0x1e Src/syscalls.o
                0x000000000800897c                _read
 .text._write   0x000000000800899a       0x1c Src/syscalls.o
                0x000000000800899a                _write
 *fill*         0x00000000080089b6        0x2 
 .text._sbrk    0x00000000080089b8       0x3c Src/syscalls.o
                0x00000000080089b8                _sbrk
 .text._close   0x00000000080089f4        0x6 Src/syscalls.o
                0x00000000080089f4                _close
 .text._fstat   0x00000000080089fa        0xa Src/syscalls.o
                0x00000000080089fa                _fstat
 .text._isatty  0x0000000008008a04        0x4 Src/syscalls.o
                0x0000000008008a04                _isatty
 .text._lseek   0x0000000008008a08        0x4 Src/syscalls.o
                0x0000000008008a08                _lseek
 .text.SystemInit
                0x0000000008008a0c       0x68 Src/system_stm32h7xx.o
                0x0000000008008a0c                SystemInit
 .text.MX_TIM6_Init
                0x0000000008008a74       0x58 Src/tim.o
                0x0000000008008a74                MX_TIM6_Init
 .text.HAL_TIM_OC_MspInit
                0x0000000008008acc       0x9c Src/tim.o
                0x0000000008008acc                HAL_TIM_OC_MspInit
 .text.HAL_TIM_Base_MspInit
                0x0000000008008b68       0x48 Src/tim.o
                0x0000000008008b68                HAL_TIM_Base_MspInit
 .text.HAL_TIM_MspPostInit
                0x0000000008008bb0       0x60 Src/tim.o
                0x0000000008008bb0                HAL_TIM_MspPostInit
 .text.MX_TIM1_Init
                0x0000000008008c10       0xc4 Src/tim.o
                0x0000000008008c10                MX_TIM1_Init
 .text.MX_TIM15_Init
                0x0000000008008cd4       0xb8 Src/tim.o
                0x0000000008008cd4                MX_TIM15_Init
 .text.MX_USART3_UART_Init
                0x0000000008008d8c       0x4c Src/usart.o
                0x0000000008008d8c                MX_USART3_UART_Init
 .text.HAL_UART_MspInit
                0x0000000008008dd8       0x9c Src/usart.o
                0x0000000008008dd8                HAL_UART_MspInit
 .text.__io_putchar
                0x0000000008008e74       0x24 Src/usart.o
                0x0000000008008e74                __io_putchar
 .text.MX_USB_DEVICE_Init
                0x0000000008008e98       0x38 Src/usb_device.o
                0x0000000008008e98                MX_USB_DEVICE_Init
 .text.CDC_DeInit_FS
                0x0000000008008ed0        0x4 Src/usbd_cdc_if.o
 .text.CDC_Control_FS
                0x0000000008008ed4        0x4 Src/usbd_cdc_if.o
 .text.CDC_Receive_FS
                0x0000000008008ed8       0x1c Src/usbd_cdc_if.o
 .text.CDC_Init_FS
                0x0000000008008ef4       0x28 Src/usbd_cdc_if.o
 .text.HAL_PCD_MspInit
                0x0000000008008f1c       0x78 Src/usbd_conf.o
                0x0000000008008f1c                HAL_PCD_MspInit
 .text.HAL_PCD_SetupStageCallback
                0x0000000008008f94       0x10 Src/usbd_conf.o
                0x0000000008008f94                HAL_PCD_SetupStageCallback
 .text.HAL_PCD_DataOutStageCallback
                0x0000000008008fa4       0x18 Src/usbd_conf.o
                0x0000000008008fa4                HAL_PCD_DataOutStageCallback
 .text.HAL_PCD_DataInStageCallback
                0x0000000008008fbc       0x16 Src/usbd_conf.o
                0x0000000008008fbc                HAL_PCD_DataInStageCallback
 .text.HAL_PCD_SOFCallback
                0x0000000008008fd2        0xc Src/usbd_conf.o
                0x0000000008008fd2                HAL_PCD_SOFCallback
 .text.HAL_PCD_ResetCallback
                0x0000000008008fde       0x20 Src/usbd_conf.o
                0x0000000008008fde                HAL_PCD_ResetCallback
 *fill*         0x0000000008008ffe        0x2 
 .text.HAL_PCD_SuspendCallback
                0x0000000008009000       0x30 Src/usbd_conf.o
                0x0000000008009000                HAL_PCD_SuspendCallback
 .text.HAL_PCD_ResumeCallback
                0x0000000008009030        0xc Src/usbd_conf.o
                0x0000000008009030                HAL_PCD_ResumeCallback
 .text.HAL_PCD_ISOOUTIncompleteCallback
                0x000000000800903c        0xc Src/usbd_conf.o
                0x000000000800903c                HAL_PCD_ISOOUTIncompleteCallback
 .text.HAL_PCD_ISOINIncompleteCallback
                0x0000000008009048        0xc Src/usbd_conf.o
                0x0000000008009048                HAL_PCD_ISOINIncompleteCallback
 .text.HAL_PCD_ConnectCallback
                0x0000000008009054        0xc Src/usbd_conf.o
                0x0000000008009054                HAL_PCD_ConnectCallback
 .text.HAL_PCD_DisconnectCallback
                0x0000000008009060        0xc Src/usbd_conf.o
                0x0000000008009060                HAL_PCD_DisconnectCallback
 .text.USBD_LL_Init
                0x000000000800906c       0x78 Src/usbd_conf.o
                0x000000000800906c                USBD_LL_Init
 .text.USBD_LL_Start
                0x00000000080090e4       0x1c Src/usbd_conf.o
                0x00000000080090e4                USBD_LL_Start
 .text.USBD_LL_OpenEP
                0x0000000008009100       0x22 Src/usbd_conf.o
                0x0000000008009100                USBD_LL_OpenEP
 .text.USBD_LL_CloseEP
                0x0000000008009122       0x1c Src/usbd_conf.o
                0x0000000008009122                USBD_LL_CloseEP
 .text.USBD_LL_StallEP
                0x000000000800913e       0x1c Src/usbd_conf.o
                0x000000000800913e                USBD_LL_StallEP
 .text.USBD_LL_ClearStallEP
                0x000000000800915a       0x1c Src/usbd_conf.o
                0x000000000800915a                USBD_LL_ClearStallEP
 .text.USBD_LL_IsStallEP
                0x0000000008009176       0x2e Src/usbd_conf.o
                0x0000000008009176                USBD_LL_IsStallEP
 .text.USBD_LL_SetUSBAddress
                0x00000000080091a4       0x1c Src/usbd_conf.o
                0x00000000080091a4                USBD_LL_SetUSBAddress
 .text.USBD_LL_Transmit
                0x00000000080091c0       0x1c Src/usbd_conf.o
                0x00000000080091c0                USBD_LL_Transmit
 .text.USBD_LL_PrepareReceive
                0x00000000080091dc       0x1c Src/usbd_conf.o
                0x00000000080091dc                USBD_LL_PrepareReceive
 .text.USBD_LL_GetRxDataSize
                0x00000000080091f8        0xc Src/usbd_conf.o
                0x00000000080091f8                USBD_LL_GetRxDataSize
 .text.USBD_FS_DeviceDescriptor
                0x0000000008009204        0xc Src/usbd_desc.o
                0x0000000008009204                USBD_FS_DeviceDescriptor
 .text.USBD_FS_LangIDStrDescriptor
                0x0000000008009210        0xc Src/usbd_desc.o
                0x0000000008009210                USBD_FS_LangIDStrDescriptor
 .text.USBD_FS_ProductStrDescriptor
                0x000000000800921c       0x24 Src/usbd_desc.o
                0x000000000800921c                USBD_FS_ProductStrDescriptor
 .text.USBD_FS_ManufacturerStrDescriptor
                0x0000000008009240       0x1c Src/usbd_desc.o
                0x0000000008009240                USBD_FS_ManufacturerStrDescriptor
 .text.USBD_FS_SerialStrDescriptor
                0x000000000800925c       0x24 Src/usbd_desc.o
                0x000000000800925c                USBD_FS_SerialStrDescriptor
 .text.USBD_FS_ConfigStrDescriptor
                0x0000000008009280       0x24 Src/usbd_desc.o
                0x0000000008009280                USBD_FS_ConfigStrDescriptor
 .text.USBD_FS_InterfaceStrDescriptor
                0x00000000080092a4       0x24 Src/usbd_desc.o
                0x00000000080092a4                USBD_FS_InterfaceStrDescriptor
 .text.Reset_Handler
                0x00000000080092c8       0x50 startup/startup_stm32h743xx.o
                0x00000000080092c8                Reset_Handler
 .text.Default_Handler
                0x0000000008009318        0x2 startup/startup_stm32h743xx.o
                0x0000000008009318                RTC_Alarm_IRQHandler
                0x0000000008009318                EXTI2_IRQHandler
                0x0000000008009318                TIM8_CC_IRQHandler
                0x0000000008009318                HRTIM1_Master_IRQHandler
                0x0000000008009318                DebugMon_Handler
                0x0000000008009318                UART8_IRQHandler
                0x0000000008009318                SPI4_IRQHandler
                0x0000000008009318                BDMA_Channel6_IRQHandler
                0x0000000008009318                DMA2_Stream5_IRQHandler
                0x0000000008009318                HardFault_Handler
                0x0000000008009318                HRTIM1_FLT_IRQHandler
                0x0000000008009318                JPEG_IRQHandler
                0x0000000008009318                DMA1_Stream5_IRQHandler
                0x0000000008009318                BDMA_Channel1_IRQHandler
                0x0000000008009318                HRTIM1_TIMD_IRQHandler
                0x0000000008009318                TAMP_STAMP_IRQHandler
                0x0000000008009318                NMI_Handler
                0x0000000008009318                EXTI3_IRQHandler
                0x0000000008009318                LPTIM4_IRQHandler
                0x0000000008009318                TIM8_TRG_COM_TIM14_IRQHandler
                0x0000000008009318                LPTIM2_IRQHandler
                0x0000000008009318                DFSDM1_FLT1_IRQHandler
                0x0000000008009318                DMAMUX2_OVR_IRQHandler
                0x0000000008009318                TIM8_UP_TIM13_IRQHandler
                0x0000000008009318                I2C3_ER_IRQHandler
                0x0000000008009318                DFSDM1_FLT2_IRQHandler
                0x0000000008009318                MDMA_IRQHandler
                0x0000000008009318                LPTIM3_IRQHandler
                0x0000000008009318                HSEM1_IRQHandler
                0x0000000008009318                EXTI0_IRQHandler
                0x0000000008009318                I2C2_EV_IRQHandler
                0x0000000008009318                FPU_IRQHandler
                0x0000000008009318                OTG_HS_WKUP_IRQHandler
                0x0000000008009318                FDCAN1_IT1_IRQHandler
                0x0000000008009318                UsageFault_Handler
                0x0000000008009318                LTDC_ER_IRQHandler
                0x0000000008009318                DMA2_Stream2_IRQHandler
                0x0000000008009318                HRTIM1_TIME_IRQHandler
                0x0000000008009318                SPI1_IRQHandler
                0x0000000008009318                DCMI_IRQHandler
                0x0000000008009318                HRTIM1_TIMC_IRQHandler
                0x0000000008009318                DMA2_Stream3_IRQHandler
                0x0000000008009318                SAI2_IRQHandler
                0x0000000008009318                DFSDM1_FLT3_IRQHandler
                0x0000000008009318                USART6_IRQHandler
                0x0000000008009318                TIM17_IRQHandler
                0x0000000008009318                USART3_IRQHandler
                0x0000000008009318                BDMA_Channel7_IRQHandler
                0x0000000008009318                LPTIM5_IRQHandler
                0x0000000008009318                UART5_IRQHandler
                0x0000000008009318                ADC3_IRQHandler
                0x0000000008009318                DMA2_Stream0_IRQHandler
                0x0000000008009318                TIM4_IRQHandler
                0x0000000008009318                BDMA_Channel2_IRQHandler
                0x0000000008009318                QUADSPI_IRQHandler
                0x0000000008009318                I2C1_EV_IRQHandler
                0x0000000008009318                DMA1_Stream6_IRQHandler
                0x0000000008009318                DMAMUX1_OVR_IRQHandler
                0x0000000008009318                TIM16_IRQHandler
                0x0000000008009318                UART4_IRQHandler
                0x0000000008009318                BDMA_Channel5_IRQHandler
                0x0000000008009318                TIM3_IRQHandler
                0x0000000008009318                RCC_IRQHandler
                0x0000000008009318                TIM8_BRK_TIM12_IRQHandler
                0x0000000008009318                Default_Handler
                0x0000000008009318                CEC_IRQHandler
                0x0000000008009318                EXTI15_10_IRQHandler
                0x0000000008009318                BDMA_Channel0_IRQHandler
                0x0000000008009318                DMA1_Stream7_IRQHandler
                0x0000000008009318                HRTIM1_TIMA_IRQHandler
                0x0000000008009318                SPI5_IRQHandler
                0x0000000008009318                TIM7_IRQHandler
                0x0000000008009318                SDMMC1_IRQHandler
                0x0000000008009318                TIM5_IRQHandler
                0x0000000008009318                DMA2_Stream7_IRQHandler
                0x0000000008009318                PVD_AVD_IRQHandler
                0x0000000008009318                I2C3_EV_IRQHandler
                0x0000000008009318                EXTI9_5_IRQHandler
                0x0000000008009318                RTC_WKUP_IRQHandler
                0x0000000008009318                LTDC_IRQHandler
                0x0000000008009318                SAI3_IRQHandler
                0x0000000008009318                ETH_WKUP_IRQHandler
                0x0000000008009318                SPDIF_RX_IRQHandler
                0x0000000008009318                SPI2_IRQHandler
                0x0000000008009318                OTG_HS_EP1_IN_IRQHandler
                0x0000000008009318                MemManage_Handler
                0x0000000008009318                CRS_IRQHandler
                0x0000000008009318                EXTI4_IRQHandler
                0x0000000008009318                RNG_IRQHandler
                0x0000000008009318                HRTIM1_TIMB_IRQHandler
                0x0000000008009318                FDCAN2_IT1_IRQHandler
                0x0000000008009318                ETH_IRQHandler
                0x0000000008009318                BDMA_Channel4_IRQHandler
                0x0000000008009318                OTG_HS_EP1_OUT_IRQHandler
                0x0000000008009318                WWDG_IRQHandler
                0x0000000008009318                SPI6_IRQHandler
                0x0000000008009318                MDIOS_IRQHandler
                0x0000000008009318                I2C4_EV_IRQHandler
                0x0000000008009318                FDCAN2_IT0_IRQHandler
                0x0000000008009318                LPUART1_IRQHandler
                0x0000000008009318                FDCAN1_IT0_IRQHandler
                0x0000000008009318                TIM2_IRQHandler
                0x0000000008009318                OTG_FS_WKUP_IRQHandler
                0x0000000008009318                OTG_HS_IRQHandler
                0x0000000008009318                DMA2D_IRQHandler
                0x0000000008009318                TIM1_BRK_IRQHandler
                0x0000000008009318                EXTI1_IRQHandler
                0x0000000008009318                SDMMC2_IRQHandler
                0x0000000008009318                OTG_FS_EP1_OUT_IRQHandler
                0x0000000008009318                BDMA_Channel3_IRQHandler
                0x0000000008009318                UART7_IRQHandler
                0x0000000008009318                MDIOS_WKUP_IRQHandler
                0x0000000008009318                USART2_IRQHandler
                0x0000000008009318                DFSDM1_FLT0_IRQHandler
                0x0000000008009318                SAI4_IRQHandler
                0x0000000008009318                I2C2_ER_IRQHandler
                0x0000000008009318                DMA2_Stream1_IRQHandler
                0x0000000008009318                FLASH_IRQHandler
                0x0000000008009318                DMA2_Stream4_IRQHandler
                0x0000000008009318                BusFault_Handler
                0x0000000008009318                USART1_IRQHandler
                0x0000000008009318                SPI3_IRQHandler
                0x0000000008009318                WAKEUP_PIN_IRQHandler
                0x0000000008009318                DMA1_Stream4_IRQHandler
                0x0000000008009318                OTG_FS_EP1_IN_IRQHandler
                0x0000000008009318                I2C1_ER_IRQHandler
                0x0000000008009318                FMC_IRQHandler
                0x0000000008009318                FDCAN_CAL_IRQHandler
                0x0000000008009318                SWPMI1_IRQHandler
                0x0000000008009318                COMP1_IRQHandler
                0x0000000008009318                LPTIM1_IRQHandler
                0x0000000008009318                I2C4_ER_IRQHandler
                0x0000000008009318                DMA2_Stream6_IRQHandler
                0x0000000008009318                SAI1_IRQHandler
                0x0000000008009318                DMA1_Stream3_IRQHandler
 *fill*         0x000000000800931a        0x2 
 .text.__errno  0x000000000800931c        0xc /home/zhonx/.opt/AC6/plugins/fr.ac6.mcu.externaltools.arm-none.linux64_1.15.0.201708311556/tools/compiler/bin/../lib/gcc/arm-none-eabi/6.3.1/../../../../arm-none-eabi/lib/thumb/v7e-m/fpv5/hard/libc_nano.a(lib_a-errno.o)
                0x000000000800931c                __errno
 .text.__libc_init_array
                0x0000000008009328       0x48 /home/zhonx/.opt/AC6/plugins/fr.ac6.mcu.externaltools.arm-none.linux64_1.15.0.201708311556/tools/compiler/bin/../lib/gcc/arm-none-eabi/6.3.1/../../../../arm-none-eabi/lib/thumb/v7e-m/fpv5/hard/libc_nano.a(lib_a-init.o)
                0x0000000008009328                __libc_init_array
 .text.malloc   0x0000000008009370       0x10 /home/zhonx/.opt/AC6/plugins/fr.ac6.mcu.externaltools.arm-none.linux64_1.15.0.201708311556/tools/compiler/bin/../lib/gcc/arm-none-eabi/6.3.1/../../../../arm-none-eabi/lib/thumb/v7e-m/fpv5/hard/libc_nano.a(lib_a-malloc.o)
                0x0000000008009370                malloc
 .text.free     0x0000000008009380       0x10 /home/zhonx/.opt/AC6/plugins/fr.ac6.mcu.externaltools.arm-none.linux64_1.15.0.201708311556/tools/compiler/bin/../lib/gcc/arm-none-eabi/6.3.1/../../../../arm-none-eabi/lib/thumb/v7e-m/fpv5/hard/libc_nano.a(lib_a-malloc.o)
                0x0000000008009380                free
 .text.memset   0x0000000008009390       0x10 /home/zhonx/.opt/AC6/plugins/fr.ac6.mcu.externaltools.arm-none.linux64_1.15.0.201708311556/tools/compiler/bin/../lib/gcc/arm-none-eabi/6.3.1/../../../../arm-none-eabi/lib/thumb/v7e-m/fpv5/hard/libc_nano.a(lib_a-memset.o)
                0x0000000008009390                memset
 .text._free_r  0x00000000080093a0       0x9c /home/zhonx/.opt/AC6/plugins/fr.ac6.mcu.externaltools.arm-none.linux64_1.15.0.201708311556/tools/compiler/bin/../lib/gcc/arm-none-eabi/6.3.1/../../../../arm-none-eabi/lib/thumb/v7e-m/fpv5/hard/libc_nano.a(lib_a-nano-freer.o)
                0x00000000080093a0                _free_r
 .text._malloc_r
                0x000000000800943c       0xbc /home/zhonx/.opt/AC6/plugins/fr.ac6.mcu.externaltools.arm-none.linux64_1.15.0.201708311556/tools/compiler/bin/../lib/gcc/arm-none-eabi/6.3.1/../../../../arm-none-eabi/lib/thumb/v7e-m/fpv5/hard/libc_nano.a(lib_a-nano-mallocr.o)
                0x000000000800943c                _malloc_r
 .text.printf   0x00000000080094f8       0x30 /home/zhonx/.opt/AC6/plugins/fr.ac6.mcu.externaltools.arm-none.linux64_1.15.0.201708311556/tools/compiler/bin/../lib/gcc/arm-none-eabi/6.3.1/../../../../arm-none-eabi/lib/thumb/v7e-m/fpv5/hard/libc_nano.a(lib_a-printf.o)
                0x00000000080094f8                printf
                0x00000000080094f8                iprintf
 .text.putchar  0x0000000008009528       0x28 /home/zhonx/.opt/AC6/plugins/fr.ac6.mcu.externaltools.arm-none.linux64_1.15.0.201708311556/tools/compiler/bin/../lib/gcc/arm-none-eabi/6.3.1/../../../../arm-none-eabi/lib/thumb/v7e-m/fpv5/hard/libc_nano.a(lib_a-putchar.o)
                0x0000000008009528                putchar
 .text._puts_r  0x0000000008009550       0xb8 /home/zhonx/.opt/AC6/plugins/fr.ac6.mcu.externaltools.arm-none.linux64_1.15.0.201708311556/tools/compiler/bin/../lib/gcc/arm-none-eabi/6.3.1/../../../../arm-none-eabi/lib/thumb/v7e-m/fpv5/hard/libc_nano.a(lib_a-puts.o)
                0x0000000008009550                _puts_r
 .text.puts     0x0000000008009608       0x10 /home/zhonx/.opt/AC6/plugins/fr.ac6.mcu.externaltools.arm-none.linux64_1.15.0.201708311556/tools/compiler/bin/../lib/gcc/arm-none-eabi/6.3.1/../../../../arm-none-eabi/lib/thumb/v7e-m/fpv5/hard/libc_nano.a(lib_a-puts.o)
                0x0000000008009608                puts
 .text._sbrk_r  0x0000000008009618       0x20 /home/zhonx/.opt/AC6/plugins/fr.ac6.mcu.externaltools.arm-none.linux64_1.15.0.201708311556/tools/compiler/bin/../lib/gcc/arm-none-eabi/6.3.1/../../../../arm-none-eabi/lib/thumb/v7e-m/fpv5/hard/libc_nano.a(lib_a-sbrkr.o)
                0x0000000008009618                _sbrk_r
 .text.__swbuf_r
                0x0000000008009638       0xa4 /home/zhonx/.opt/AC6/plugins/fr.ac6.mcu.externaltools.arm-none.linux64_1.15.0.201708311556/tools/compiler/bin/../lib/gcc/arm-none-eabi/6.3.1/../../../../arm-none-eabi/lib/thumb/v7e-m/fpv5/hard/libc_nano.a(lib_a-wbuf.o)
                0x0000000008009638                __swbuf_r
 .text.__swsetup_r
                0x00000000080096dc       0xdc /home/zhonx/.opt/AC6/plugins/fr.ac6.mcu.externaltools.arm-none.linux64_1.15.0.201708311556/tools/compiler/bin/../lib/gcc/arm-none-eabi/6.3.1/../../../../arm-none-eabi/lib/thumb/v7e-m/fpv5/hard/libc_nano.a(lib_a-wsetup.o)
                0x00000000080096dc                __swsetup_r
 .text.__sflush_r
                0x00000000080097b8      0x110 /home/zhonx/.opt/AC6/plugins/fr.ac6.mcu.externaltools.arm-none.linux64_1.15.0.201708311556/tools/compiler/bin/../lib/gcc/arm-none-eabi/6.3.1/../../../../arm-none-eabi/lib/thumb/v7e-m/fpv5/hard/libc_nano.a(lib_a-fflush.o)
                0x00000000080097b8                __sflush_r
 .text._fflush_r
                0x00000000080098c8       0x54 /home/zhonx/.opt/AC6/plugins/fr.ac6.mcu.externaltools.arm-none.linux64_1.15.0.201708311556/tools/compiler/bin/../lib/gcc/arm-none-eabi/6.3.1/../../../../arm-none-eabi/lib/thumb/v7e-m/fpv5/hard/libc_nano.a(lib_a-fflush.o)
                0x00000000080098c8                _fflush_r
 .text._cleanup_r
                0x000000000800991c        0xc /home/zhonx/.opt/AC6/plugins/fr.ac6.mcu.externaltools.arm-none.linux64_1.15.0.201708311556/tools/compiler/bin/../lib/gcc/arm-none-eabi/6.3.1/../../../../arm-none-eabi/lib/thumb/v7e-m/fpv5/hard/libc_nano.a(lib_a-findfp.o)
                0x000000000800991c                _cleanup_r
 .text.std.isra.0
                0x0000000008009928       0x48 /home/zhonx/.opt/AC6/plugins/fr.ac6.mcu.externaltools.arm-none.linux64_1.15.0.201708311556/tools/compiler/bin/../lib/gcc/arm-none-eabi/6.3.1/../../../../arm-none-eabi/lib/thumb/v7e-m/fpv5/hard/libc_nano.a(lib_a-findfp.o)
 .text.__sfmoreglue
                0x0000000008009970       0x2c /home/zhonx/.opt/AC6/plugins/fr.ac6.mcu.externaltools.arm-none.linux64_1.15.0.201708311556/tools/compiler/bin/../lib/gcc/arm-none-eabi/6.3.1/../../../../arm-none-eabi/lib/thumb/v7e-m/fpv5/hard/libc_nano.a(lib_a-findfp.o)
                0x0000000008009970                __sfmoreglue
 .text.__sinit  0x000000000800999c       0x60 /home/zhonx/.opt/AC6/plugins/fr.ac6.mcu.externaltools.arm-none.linux64_1.15.0.201708311556/tools/compiler/bin/../lib/gcc/arm-none-eabi/6.3.1/../../../../arm-none-eabi/lib/thumb/v7e-m/fpv5/hard/libc_nano.a(lib_a-findfp.o)
                0x000000000800999c                __sinit
 .text.__sfp    0x00000000080099fc       0x78 /home/zhonx/.opt/AC6/plugins/fr.ac6.mcu.externaltools.arm-none.linux64_1.15.0.201708311556/tools/compiler/bin/../lib/gcc/arm-none-eabi/6.3.1/../../../../arm-none-eabi/lib/thumb/v7e-m/fpv5/hard/libc_nano.a(lib_a-findfp.o)
                0x00000000080099fc                __sfp
 .text._fwalk_reent
                0x0000000008009a74       0x3c /home/zhonx/.opt/AC6/plugins/fr.ac6.mcu.externaltools.arm-none.linux64_1.15.0.201708311556/tools/compiler/bin/../lib/gcc/arm-none-eabi/6.3.1/../../../../arm-none-eabi/lib/thumb/v7e-m/fpv5/hard/libc_nano.a(lib_a-fwalk.o)
                0x0000000008009a74                _fwalk_reent
 .text.__swhatbuf_r
                0x0000000008009ab0       0x48 /home/zhonx/.opt/AC6/plugins/fr.ac6.mcu.externaltools.arm-none.linux64_1.15.0.201708311556/tools/compiler/bin/../lib/gcc/arm-none-eabi/6.3.1/../../../../arm-none-eabi/lib/thumb/v7e-m/fpv5/hard/libc_nano.a(lib_a-makebuf.o)
                0x0000000008009ab0                __swhatbuf_r
 .text.__smakebuf_r
                0x0000000008009af8       0x80 /home/zhonx/.opt/AC6/plugins/fr.ac6.mcu.externaltools.arm-none.linux64_1.15.0.201708311556/tools/compiler/bin/../lib/gcc/arm-none-eabi/6.3.1/../../../../arm-none-eabi/lib/thumb/v7e-m/fpv5/hard/libc_nano.a(lib_a-makebuf.o)
                0x0000000008009af8                __smakebuf_r
 .text.__malloc_lock
                0x0000000008009b78        0x2 /home/zhonx/.opt/AC6/plugins/fr.ac6.mcu.externaltools.arm-none.linux64_1.15.0.201708311556/tools/compiler/bin/../lib/gcc/arm-none-eabi/6.3.1/../../../../arm-none-eabi/lib/thumb/v7e-m/fpv5/hard/libc_nano.a(lib_a-mlock.o)
                0x0000000008009b78                __malloc_lock
 .text.__malloc_unlock
                0x0000000008009b7a        0x2 /home/zhonx/.opt/AC6/plugins/fr.ac6.mcu.externaltools.arm-none.linux64_1.15.0.201708311556/tools/compiler/bin/../lib/gcc/arm-none-eabi/6.3.1/../../../../arm-none-eabi/lib/thumb/v7e-m/fpv5/hard/libc_nano.a(lib_a-mlock.o)
                0x0000000008009b7a                __malloc_unlock
 .text.__sfputc_r
                0x0000000008009b7c       0x30 /home/zhonx/.opt/AC6/plugins/fr.ac6.mcu.externaltools.arm-none.linux64_1.15.0.201708311556/tools/compiler/bin/../lib/gcc/arm-none-eabi/6.3.1/../../../../arm-none-eabi/lib/thumb/v7e-m/fpv5/hard/libc_nano.a(lib_a-nano-vfprintf.o)
 .text.__sfputs_r
                0x0000000008009bac       0x24 /home/zhonx/.opt/AC6/plugins/fr.ac6.mcu.externaltools.arm-none.linux64_1.15.0.201708311556/tools/compiler/bin/../lib/gcc/arm-none-eabi/6.3.1/../../../../arm-none-eabi/lib/thumb/v7e-m/fpv5/hard/libc_nano.a(lib_a-nano-vfprintf.o)
                0x0000000008009bac                __sfputs_r
 .text._vfprintf_r
                0x0000000008009bd0      0x22c /home/zhonx/.opt/AC6/plugins/fr.ac6.mcu.externaltools.arm-none.linux64_1.15.0.201708311556/tools/compiler/bin/../lib/gcc/arm-none-eabi/6.3.1/../../../../arm-none-eabi/lib/thumb/v7e-m/fpv5/hard/libc_nano.a(lib_a-nano-vfprintf.o)
                0x0000000008009bd0                _vfiprintf_r
                0x0000000008009bd0                _vfprintf_r
 .text._printf_common
                0x0000000008009dfc       0xec /home/zhonx/.opt/AC6/plugins/fr.ac6.mcu.externaltools.arm-none.linux64_1.15.0.201708311556/tools/compiler/bin/../lib/gcc/arm-none-eabi/6.3.1/../../../../arm-none-eabi/lib/thumb/v7e-m/fpv5/hard/libc_nano.a(lib_a-nano-vfprintf_i.o)
                0x0000000008009dfc                _printf_common
 .text._printf_i
                0x0000000008009ee8      0x240 /home/zhonx/.opt/AC6/plugins/fr.ac6.mcu.externaltools.arm-none.linux64_1.15.0.201708311556/tools/compiler/bin/../lib/gcc/arm-none-eabi/6.3.1/../../../../arm-none-eabi/lib/thumb/v7e-m/fpv5/hard/libc_nano.a(lib_a-nano-vfprintf_i.o)
                0x0000000008009ee8                _printf_i
 .text._putc_r  0x000000000800a128       0x6c /home/zhonx/.opt/AC6/plugins/fr.ac6.mcu.externaltools.arm-none.linux64_1.15.0.201708311556/tools/compiler/bin/../lib/gcc/arm-none-eabi/6.3.1/../../../../arm-none-eabi/lib/thumb/v7e-m/fpv5/hard/libc_nano.a(lib_a-putc.o)
                0x000000000800a128                _putc_r
 .text.__sread  0x000000000800a194       0x22 /home/zhonx/.opt/AC6/plugins/fr.ac6.mcu.externaltools.arm-none.linux64_1.15.0.201708311556/tools/compiler/bin/../lib/gcc/arm-none-eabi/6.3.1/../../../../arm-none-eabi/lib/thumb/v7e-m/fpv5/hard/libc_nano.a(lib_a-stdio.o)
                0x000000000800a194                __sread
 .text.__swrite
                0x000000000800a1b6       0x38 /home/zhonx/.opt/AC6/plugins/fr.ac6.mcu.externaltools.arm-none.linux64_1.15.0.201708311556/tools/compiler/bin/../lib/gcc/arm-none-eabi/6.3.1/../../../../arm-none-eabi/lib/thumb/v7e-m/fpv5/hard/libc_nano.a(lib_a-stdio.o)
                0x000000000800a1b6                __swrite
 .text.__sseek  0x000000000800a1ee       0x24 /home/zhonx/.opt/AC6/plugins/fr.ac6.mcu.externaltools.arm-none.linux64_1.15.0.201708311556/tools/compiler/bin/../lib/gcc/arm-none-eabi/6.3.1/../../../../arm-none-eabi/lib/thumb/v7e-m/fpv5/hard/libc_nano.a(lib_a-stdio.o)
                0x000000000800a1ee                __sseek
 .text.__sclose
                0x000000000800a212        0x8 /home/zhonx/.opt/AC6/plugins/fr.ac6.mcu.externaltools.arm-none.linux64_1.15.0.201708311556/tools/compiler/bin/../lib/gcc/arm-none-eabi/6.3.1/../../../../arm-none-eabi/lib/thumb/v7e-m/fpv5/hard/libc_nano.a(lib_a-stdio.o)
                0x000000000800a212                __sclose
 *fill*         0x000000000800a21a        0x2 
 .text._write_r
                0x000000000800a21c       0x24 /home/zhonx/.opt/AC6/plugins/fr.ac6.mcu.externaltools.arm-none.linux64_1.15.0.201708311556/tools/compiler/bin/../lib/gcc/arm-none-eabi/6.3.1/../../../../arm-none-eabi/lib/thumb/v7e-m/fpv5/hard/libc_nano.a(lib_a-writer.o)
                0x000000000800a21c                _write_r
 .text._close_r
                0x000000000800a240       0x20 /home/zhonx/.opt/AC6/plugins/fr.ac6.mcu.externaltools.arm-none.linux64_1.15.0.201708311556/tools/compiler/bin/../lib/gcc/arm-none-eabi/6.3.1/../../../../arm-none-eabi/lib/thumb/v7e-m/fpv5/hard/libc_nano.a(lib_a-closer.o)
                0x000000000800a240                _close_r
 .text._fstat_r
                0x000000000800a260       0x24 /home/zhonx/.opt/AC6/plugins/fr.ac6.mcu.externaltools.arm-none.linux64_1.15.0.201708311556/tools/compiler/bin/../lib/gcc/arm-none-eabi/6.3.1/../../../../arm-none-eabi/lib/thumb/v7e-m/fpv5/hard/libc_nano.a(lib_a-fstatr.o)
                0x000000000800a260                _fstat_r
 .text._isatty_r
                0x000000000800a284       0x20 /home/zhonx/.opt/AC6/plugins/fr.ac6.mcu.externaltools.arm-none.linux64_1.15.0.201708311556/tools/compiler/bin/../lib/gcc/arm-none-eabi/6.3.1/../../../../arm-none-eabi/lib/thumb/v7e-m/fpv5/hard/libc_nano.a(lib_a-isattyr.o)
                0x000000000800a284                _isatty_r
 .text._lseek_r
                0x000000000800a2a4       0x24 /home/zhonx/.opt/AC6/plugins/fr.ac6.mcu.externaltools.arm-none.linux64_1.15.0.201708311556/tools/compiler/bin/../lib/gcc/arm-none-eabi/6.3.1/../../../../arm-none-eabi/lib/thumb/v7e-m/fpv5/hard/libc_nano.a(lib_a-lseekr.o)
                0x000000000800a2a4                _lseek_r
 .text._read_r  0x000000000800a2c8       0x24 /home/zhonx/.opt/AC6/plugins/fr.ac6.mcu.externaltools.arm-none.linux64_1.15.0.201708311556/tools/compiler/bin/../lib/gcc/arm-none-eabi/6.3.1/../../../../arm-none-eabi/lib/thumb/v7e-m/fpv5/hard/libc_nano.a(lib_a-readr.o)
                0x000000000800a2c8                _read_r
 *(.glue_7)
 .glue_7        0x000000000800a2ec        0x0 linker stubs
 *(.glue_7t)
 .glue_7t       0x000000000800a2ec        0x0 linker stubs
 *(.eh_frame)
 .eh_frame      0x000000000800a2ec        0x0 /home/zhonx/.opt/AC6/plugins/fr.ac6.mcu.externaltools.arm-none.linux64_1.15.0.201708311556/tools/compiler/bin/../lib/gcc/arm-none-eabi/6.3.1/thumb/v7e-m/fpv5/hard/crtbegin.o
 *(.init)
 .init          0x000000000800a2ec        0x4 /home/zhonx/.opt/AC6/plugins/fr.ac6.mcu.externaltools.arm-none.linux64_1.15.0.201708311556/tools/compiler/bin/../lib/gcc/arm-none-eabi/6.3.1/thumb/v7e-m/fpv5/hard/crti.o
                0x000000000800a2ec                _init
 .init          0x000000000800a2f0        0x8 /home/zhonx/.opt/AC6/plugins/fr.ac6.mcu.externaltools.arm-none.linux64_1.15.0.201708311556/tools/compiler/bin/../lib/gcc/arm-none-eabi/6.3.1/thumb/v7e-m/fpv5/hard/crtn.o
 *(.fini)
 .fini          0x000000000800a2f8        0x4 /home/zhonx/.opt/AC6/plugins/fr.ac6.mcu.externaltools.arm-none.linux64_1.15.0.201708311556/tools/compiler/bin/../lib/gcc/arm-none-eabi/6.3.1/thumb/v7e-m/fpv5/hard/crti.o
                0x000000000800a2f8                _fini
 .fini          0x000000000800a2fc        0x8 /home/zhonx/.opt/AC6/plugins/fr.ac6.mcu.externaltools.arm-none.linux64_1.15.0.201708311556/tools/compiler/bin/../lib/gcc/arm-none-eabi/6.3.1/thumb/v7e-m/fpv5/hard/crtn.o
                0x000000000800a304                . = ALIGN (0x4)
                0x000000000800a304                _etext = .

.vfp11_veneer   0x000000000800a304        0x0
 .vfp11_veneer  0x000000000800a304        0x0 linker stubs

.v4_bx          0x000000000800a304        0x0
 .v4_bx         0x000000000800a304        0x0 linker stubs

.iplt           0x000000000800a304        0x0
 .iplt          0x000000000800a304        0x0 /home/zhonx/.opt/AC6/plugins/fr.ac6.mcu.externaltools.arm-none.linux64_1.15.0.201708311556/tools/compiler/bin/../lib/gcc/arm-none-eabi/6.3.1/thumb/v7e-m/fpv5/hard/crtbegin.o

.rodata         0x000000000800a304      0x1c8
                0x000000000800a304                . = ALIGN (0x4)
 *(.rodata)
 .rodata        0x000000000800a304        0x8 Drivers/STM32H7xx_HAL_Driver/Src/stm32h7xx_hal_dma.o
 .rodata        0x000000000800a30c       0x18 Drivers/STM32H7xx_HAL_Driver/Src/stm32h7xx_hal_uart.o
 .rodata        0x000000000800a324       0x10 Src/system_stm32h7xx.o
                0x000000000800a324                D1CorePrescTable
 *(.rodata*)
 .rodata.str1.4
                0x000000000800a334        0xd Src/adc.o
 *fill*         0x000000000800a341        0x3 
 .rodata.str1.4
                0x000000000800a344       0x21 Src/cis.o
 *fill*         0x000000000800a365        0x3 
 .rodata.str1.4
                0x000000000800a368        0xd Src/dac.o
 *fill*         0x000000000800a375        0x3 
 .rodata.str1.4
                0x000000000800a378        0xf Src/hrtim.o
 *fill*         0x000000000800a387        0x1 
 .rodata.str1.4
                0x000000000800a388       0x1f Src/main.o
 *fill*         0x000000000800a3a7        0x1 
 .rodata.str1.4
                0x000000000800a3a8        0xd Src/tim.o
 *fill*         0x000000000800a3b5        0x3 
 .rodata.str1.4
                0x000000000800a3b8        0xf Src/usart.o
 *fill*         0x000000000800a3c7        0x1 
 .rodata.str1.4
                0x000000000800a3c8       0x13 Src/usbd_conf.o
 *fill*         0x000000000800a3db        0x1 
 .rodata.str1.4
                0x000000000800a3dc       0x58 Src/usbd_desc.o
                                         0x56 (size before relaxing)
 .rodata._global_impure_ptr
                0x000000000800a434        0x4 /home/zhonx/.opt/AC6/plugins/fr.ac6.mcu.externaltools.arm-none.linux64_1.15.0.201708311556/tools/compiler/bin/../lib/gcc/arm-none-eabi/6.3.1/../../../../arm-none-eabi/lib/thumb/v7e-m/fpv5/hard/libc_nano.a(lib_a-impure.o)
                0x000000000800a434                _global_impure_ptr
 .rodata.__sf_fake_stderr
                0x000000000800a438       0x20 /home/zhonx/.opt/AC6/plugins/fr.ac6.mcu.externaltools.arm-none.linux64_1.15.0.201708311556/tools/compiler/bin/../lib/gcc/arm-none-eabi/6.3.1/../../../../arm-none-eabi/lib/thumb/v7e-m/fpv5/hard/libc_nano.a(lib_a-findfp.o)
                0x000000000800a438                __sf_fake_stderr
 .rodata.__sf_fake_stdin
                0x000000000800a458       0x20 /home/zhonx/.opt/AC6/plugins/fr.ac6.mcu.externaltools.arm-none.linux64_1.15.0.201708311556/tools/compiler/bin/../lib/gcc/arm-none-eabi/6.3.1/../../../../arm-none-eabi/lib/thumb/v7e-m/fpv5/hard/libc_nano.a(lib_a-findfp.o)
                0x000000000800a458                __sf_fake_stdin
 .rodata.__sf_fake_stdout
                0x000000000800a478       0x20 /home/zhonx/.opt/AC6/plugins/fr.ac6.mcu.externaltools.arm-none.linux64_1.15.0.201708311556/tools/compiler/bin/../lib/gcc/arm-none-eabi/6.3.1/../../../../arm-none-eabi/lib/thumb/v7e-m/fpv5/hard/libc_nano.a(lib_a-findfp.o)
                0x000000000800a478                __sf_fake_stdout
 .rodata._vfprintf_r.str1.1
                0x000000000800a498       0x11 /home/zhonx/.opt/AC6/plugins/fr.ac6.mcu.externaltools.arm-none.linux64_1.15.0.201708311556/tools/compiler/bin/../lib/gcc/arm-none-eabi/6.3.1/../../../../arm-none-eabi/lib/thumb/v7e-m/fpv5/hard/libc_nano.a(lib_a-nano-vfprintf.o)
 .rodata._printf_i.str1.1
                0x000000000800a4a9       0x22 /home/zhonx/.opt/AC6/plugins/fr.ac6.mcu.externaltools.arm-none.linux64_1.15.0.201708311556/tools/compiler/bin/../lib/gcc/arm-none-eabi/6.3.1/../../../../arm-none-eabi/lib/thumb/v7e-m/fpv5/hard/libc_nano.a(lib_a-nano-vfprintf_i.o)
                0x000000000800a4cc                . = ALIGN (0x4)
 *fill*         0x000000000800a4cb        0x1 

.ARM.extab
 *(.ARM.extab* .gnu.linkonce.armextab.*)

.ARM            0x000000000800a4cc        0x8
                0x000000000800a4cc                __exidx_start = .
 *(.ARM.exidx*)
 .ARM.exidx     0x000000000800a4cc        0x8 /home/zhonx/.opt/AC6/plugins/fr.ac6.mcu.externaltools.arm-none.linux64_1.15.0.201708311556/tools/compiler/bin/../lib/gcc/arm-none-eabi/6.3.1/thumb/v7e-m/fpv5/hard/libgcc.a(_udivmoddi4.o)
                0x000000000800a4d4                __exidx_end = .

.rel.dyn        0x000000000800a4d4        0x0
 .rel.iplt      0x000000000800a4d4        0x0 /home/zhonx/.opt/AC6/plugins/fr.ac6.mcu.externaltools.arm-none.linux64_1.15.0.201708311556/tools/compiler/bin/../lib/gcc/arm-none-eabi/6.3.1/thumb/v7e-m/fpv5/hard/crtbegin.o

.preinit_array  0x000000000800a4d4        0x0
                0x000000000800a4d4                PROVIDE (__preinit_array_start, .)
 *(.preinit_array*)
                0x000000000800a4d4                PROVIDE (__preinit_array_end, .)

.init_array     0x000000000800a4d4        0x4
                0x000000000800a4d4                PROVIDE (__init_array_start, .)
 *(SORT(.init_array.*))
 *(.init_array*)
 .init_array    0x000000000800a4d4        0x4 /home/zhonx/.opt/AC6/plugins/fr.ac6.mcu.externaltools.arm-none.linux64_1.15.0.201708311556/tools/compiler/bin/../lib/gcc/arm-none-eabi/6.3.1/thumb/v7e-m/fpv5/hard/crtbegin.o
                0x000000000800a4d8                PROVIDE (__init_array_end, .)

.fini_array     0x000000000800a4d8        0x4
                [!provide]                        PROVIDE (__fini_array_start, .)
 *(SORT(.fini_array.*))
 *(.fini_array*)
 .fini_array    0x000000000800a4d8        0x4 /home/zhonx/.opt/AC6/plugins/fr.ac6.mcu.externaltools.arm-none.linux64_1.15.0.201708311556/tools/compiler/bin/../lib/gcc/arm-none-eabi/6.3.1/thumb/v7e-m/fpv5/hard/crtbegin.o
                [!provide]                        PROVIDE (__fini_array_end, .)
                0x000000000800a4dc                _sidata = LOADADDR (.data)

.data           0x0000000024000000      0x1d0 load address 0x000000000800a4dc
                0x0000000024000000                . = ALIGN (0x4)
                0x0000000024000000                _sdata = .
 *(.data)
 .data          0x0000000024000000        0x8 Drivers/STM32H7xx_HAL_Driver/Src/stm32h7xx_hal.o
 .data          0x0000000024000008      0x110 Middlewares/ST/STM32_USB_Device_Library/Class/CDC/Src/usbd_cdc.o
                0x0000000024000008                USBD_CDC_CfgFSDesc
                0x000000002400004c                USBD_CDC_CfgHSDesc
                0x0000000024000090                USBD_CDC_OtherSpeedCfgDesc
                0x00000000240000e0                USBD_CDC
 .data          0x0000000024000118        0x6 Src/cis.o
 *fill*         0x000000002400011e        0x2 
 .data          0x0000000024000120        0x8 Src/system_stm32h7xx.o
                0x0000000024000120                SystemCoreClock
                0x0000000024000124                SystemD2Clock
 .data          0x0000000024000128       0x10 Src/usbd_cdc_if.o
                0x0000000024000128                USBD_Interface_fops_FS
 .data          0x0000000024000138       0x34 Src/usbd_desc.o
                0x0000000024000138                USBD_FS_DeviceDesc
                0x000000002400014c                USBD_LangIDDesc
                0x0000000024000150                FS_Desc
 *(.data*)
 .data._impure_ptr
                0x000000002400016c        0x4 /home/zhonx/.opt/AC6/plugins/fr.ac6.mcu.externaltools.arm-none.linux64_1.15.0.201708311556/tools/compiler/bin/../lib/gcc/arm-none-eabi/6.3.1/../../../../arm-none-eabi/lib/thumb/v7e-m/fpv5/hard/libc_nano.a(lib_a-impure.o)
                0x000000002400016c                _impure_ptr
 .data.impure_data
                0x0000000024000170       0x60 /home/zhonx/.opt/AC6/plugins/fr.ac6.mcu.externaltools.arm-none.linux64_1.15.0.201708311556/tools/compiler/bin/../lib/gcc/arm-none-eabi/6.3.1/../../../../arm-none-eabi/lib/thumb/v7e-m/fpv5/hard/libc_nano.a(lib_a-impure.o)
                0x00000000240001d0                . = ALIGN (0x4)
                0x00000000240001d0                _edata = .

.jcr            0x00000000240001d0        0x0 load address 0x000000000800a6ac
 .jcr           0x00000000240001d0        0x0 /home/zhonx/.opt/AC6/plugins/fr.ac6.mcu.externaltools.arm-none.linux64_1.15.0.201708311556/tools/compiler/bin/../lib/gcc/arm-none-eabi/6.3.1/thumb/v7e-m/fpv5/hard/crtbegin.o

.igot.plt       0x00000000240001d0        0x0 load address 0x000000000800a6ac
 .igot.plt      0x00000000240001d0        0x0 /home/zhonx/.opt/AC6/plugins/fr.ac6.mcu.externaltools.arm-none.linux64_1.15.0.201708311556/tools/compiler/bin/../lib/gcc/arm-none-eabi/6.3.1/thumb/v7e-m/fpv5/hard/crtbegin.o
                0x00000000240001d0                . = ALIGN (0x4)
