stm32h7xx_it.c:79:6:NMI_Handler	4	static
stm32h7xx_it.c:94:6:HardFault_Handler	4	static
stm32h7xx_it.c:109:6:MemManage_Handler	4	static
stm32h7xx_it.c:124:6:BusFault_Handler	4	static
stm32h7xx_it.c:139:6:UsageFault_Handler	4	static
stm32h7xx_it.c:154:6:SVC_Handler	4	static
stm32h7xx_it.c:167:6:DebugMon_Handler	4	static
stm32h7xx_it.c:180:6:PendSV_Handler	4	static
stm32h7xx_it.c:193:6:SysTick_Handler	8	static
stm32h7xx_it.c:214:6:DMA1_Stream1_IRQHandler	8	static
stm32h7xx_it.c:228:6:ADC_IRQHandler	8	static
stm32h7xx_it.c:243:6:TIM1_UP_IRQHandler	8	static
stm32h7xx_it.c:257:6:TIM1_TRG_COM_IRQHandler	8	static
stm32h7xx_it.c:271:6:TIM1_CC_IRQHandler	8	static
stm32h7xx_it.c:285:6:TIM8_UP_TIM13_IRQHandler	8	static
stm32h7xx_it.c:299:6:TIM8_TRG_COM_TIM14_IRQHandler	8	static
stm32h7xx_it.c:313:6:TIM8_CC_IRQHandler	8	static
stm32h7xx_it.c:327:6:DMA2_Stream0_IRQHandler	8	static
stm32h7xx_it.c:341:6:DMA2_Stream1_IRQHandler	8	static
stm32h7xx_it.c:355:6:DMA2_Stream2_IRQHandler	8	static
stm32h7xx_it.c:369:6:ETH_IRQHandler	8	static
stm32h7xx_it.c:383:6:ADC3_IRQHandler	8	static
