Archive member included to satisfy reference by file (symbol)

/home/zhonx/.opt/AC6/plugins/fr.ac6.mcu.externaltools.arm-none.linux64_1.15.0.201708311556/tools/compiler/bin/../lib/gcc/arm-none-eabi/6.3.1/thumb/v7e-m/fpv5/hard/libgcc.a(_aeabi_uldivmod.o)
                              Drivers/STM32H7xx_HAL_Driver/Src/stm32h7xx_hal_uart.o (__aeabi_uldivmod)
/home/zhonx/.opt/AC6/plugins/fr.ac6.mcu.externaltools.arm-none.linux64_1.15.0.201708311556/tools/compiler/bin/../lib/gcc/arm-none-eabi/6.3.1/thumb/v7e-m/fpv5/hard/libgcc.a(_udivmoddi4.o)
                              /home/zhonx/.opt/AC6/plugins/fr.ac6.mcu.externaltools.arm-none.linux64_1.15.0.201708311556/tools/compiler/bin/../lib/gcc/arm-none-eabi/6.3.1/thumb/v7e-m/fpv5/hard/libgcc.a(_aeabi_uldivmod.o) (__udivmoddi4)
/home/zhonx/.opt/AC6/plugins/fr.ac6.mcu.externaltools.arm-none.linux64_1.15.0.201708311556/tools/compiler/bin/../lib/gcc/arm-none-eabi/6.3.1/thumb/v7e-m/fpv5/hard/libgcc.a(_dvmd_tls.o)
                              /home/zhonx/.opt/AC6/plugins/fr.ac6.mcu.externaltools.arm-none.linux64_1.15.0.201708311556/tools/compiler/bin/../lib/gcc/arm-none-eabi/6.3.1/thumb/v7e-m/fpv5/hard/libgcc.a(_aeabi_uldivmod.o) (__aeabi_ldiv0)
/home/zhonx/.opt/AC6/plugins/fr.ac6.mcu.externaltools.arm-none.linux64_1.15.0.201708311556/tools/compiler/bin/../lib/gcc/arm-none-eabi/6.3.1/../../../../arm-none-eabi/lib/thumb/v7e-m/fpv5/hard/libc_nano.a(lib_a-errno.o)
                              Src/syscalls.o (__errno)
/home/zhonx/.opt/AC6/plugins/fr.ac6.mcu.externaltools.arm-none.linux64_1.15.0.201708311556/tools/compiler/bin/../lib/gcc/arm-none-eabi/6.3.1/../../../../arm-none-eabi/lib/thumb/v7e-m/fpv5/hard/libc_nano.a(lib_a-exit.o)
                              /home/zhonx/.opt/AC6/plugins/fr.ac6.mcu.externaltools.arm-none.linux64_1.15.0.201708311556/tools/compiler/bin/../lib/gcc/arm-none-eabi/6.3.1/../../../../arm-none-eabi/lib/thumb/v7e-m/fpv5/hard/crt0.o (exit)
/home/zhonx/.opt/AC6/plugins/fr.ac6.mcu.externaltools.arm-none.linux64_1.15.0.201708311556/tools/compiler/bin/../lib/gcc/arm-none-eabi/6.3.1/../../../../arm-none-eabi/lib/thumb/v7e-m/fpv5/hard/libc_nano.a(lib_a-impure.o)
                              /home/zhonx/.opt/AC6/plugins/fr.ac6.mcu.externaltools.arm-none.linux64_1.15.0.201708311556/tools/compiler/bin/../lib/gcc/arm-none-eabi/6.3.1/../../../../arm-none-eabi/lib/thumb/v7e-m/fpv5/hard/libc_nano.a(lib_a-exit.o) (_global_impure_ptr)
/home/zhonx/.opt/AC6/plugins/fr.ac6.mcu.externaltools.arm-none.linux64_1.15.0.201708311556/tools/compiler/bin/../lib/gcc/arm-none-eabi/6.3.1/../../../../arm-none-eabi/lib/thumb/v7e-m/fpv5/hard/libc_nano.a(lib_a-init.o)
                              /home/zhonx/.opt/AC6/plugins/fr.ac6.mcu.externaltools.arm-none.linux64_1.15.0.201708311556/tools/compiler/bin/../lib/gcc/arm-none-eabi/6.3.1/../../../../arm-none-eabi/lib/thumb/v7e-m/fpv5/hard/crt0.o (__libc_init_array)
/home/zhonx/.opt/AC6/plugins/fr.ac6.mcu.externaltools.arm-none.linux64_1.15.0.201708311556/tools/compiler/bin/../lib/gcc/arm-none-eabi/6.3.1/../../../../arm-none-eabi/lib/thumb/v7e-m/fpv5/hard/libc_nano.a(lib_a-memset.o)
                              /home/zhonx/.opt/AC6/plugins/fr.ac6.mcu.externaltools.arm-none.linux64_1.15.0.201708311556/tools/compiler/bin/../lib/gcc/arm-none-eabi/6.3.1/../../../../arm-none-eabi/lib/thumb/v7e-m/fpv5/hard/crt0.o (memset)
/home/zhonx/.opt/AC6/plugins/fr.ac6.mcu.externaltools.arm-none.linux64_1.15.0.201708311556/tools/compiler/bin/../lib/gcc/arm-none-eabi/6.3.1/../../../../arm-none-eabi/lib/thumb/v7e-m/fpv5/hard/libc_nano.a(lib_a-printf.o)
                              Src/cis.o (printf)
/home/zhonx/.opt/AC6/plugins/fr.ac6.mcu.externaltools.arm-none.linux64_1.15.0.201708311556/tools/compiler/bin/../lib/gcc/arm-none-eabi/6.3.1/../../../../arm-none-eabi/lib/thumb/v7e-m/fpv5/hard/libc_nano.a(lib_a-putchar.o)
                              Src/cis.o (putchar)
/home/zhonx/.opt/AC6/plugins/fr.ac6.mcu.externaltools.arm-none.linux64_1.15.0.201708311556/tools/compiler/bin/../lib/gcc/arm-none-eabi/6.3.1/../../../../arm-none-eabi/lib/thumb/v7e-m/fpv5/hard/libc_nano.a(lib_a-puts.o)
                              Src/main.o (puts)
/home/zhonx/.opt/AC6/plugins/fr.ac6.mcu.externaltools.arm-none.linux64_1.15.0.201708311556/tools/compiler/bin/../lib/gcc/arm-none-eabi/6.3.1/../../../../arm-none-eabi/lib/thumb/v7e-m/fpv5/hard/libc_nano.a(lib_a-wbuf.o)
                              /home/zhonx/.opt/AC6/plugins/fr.ac6.mcu.externaltools.arm-none.linux64_1.15.0.201708311556/tools/compiler/bin/../lib/gcc/arm-none-eabi/6.3.1/../../../../arm-none-eabi/lib/thumb/v7e-m/fpv5/hard/libc_nano.a(lib_a-puts.o) (__swbuf_r)
/home/zhonx/.opt/AC6/plugins/fr.ac6.mcu.externaltools.arm-none.linux64_1.15.0.201708311556/tools/compiler/bin/../lib/gcc/arm-none-eabi/6.3.1/../../../../arm-none-eabi/lib/thumb/v7e-m/fpv5/hard/libc_nano.a(lib_a-wsetup.o)
[...]
Memory Configuration

Name             Origin             Length             Attributes
DTCMRAM          0x0000000020000000 0x0000000000020000 xrw
RAM_D1           0x0000000024000000 0x0000000000080000 xrw
RAM_D2           0x0000000030000000 0x0000000000048000 xrw
RAM_D3           0x0000000038000000 0x0000000000010000 xrw
ITCMRAM          0x0000000000000000 0x0000000000010000 xrw
FLASH            0x0000000008000000 0x0000000000200000 xr
*default*        0x0000000000000000 0xffffffffffffffff

Linker script and memory map

LOAD /home/zhonx/.opt/AC6/plugins/fr.ac6.mcu.externaltools.arm-none.linux64_1.15.0.201708311556/tools/compiler/bin/../lib/gcc/arm-none-eabi/6.3.1/thumb/v7e-m/fpv5/hard/crti.o
LOAD /home/zhonx/.opt/AC6/plugins/fr.ac6.mcu.externaltools.arm-none.linux64_1.15.0.201708311556/tools/compiler/bin/../lib/gcc/arm-none-eabi/6.3.1/thumb/v7e-m/fpv5/hard/crtbegin.o
LOAD /home/zhonx/.opt/AC6/plugins/fr.ac6.mcu.externaltools.arm-none.linux64_1.15.0.201708311556/tools/compiler/bin/../lib/gcc/arm-none-eabi/6.3.1/../../../../arm-none-eabi/lib/thumb/v7e-m/fpv5/hard/crt0.o
LOAD Drivers/STM32H7xx_HAL_Driver/Src/stm32h7xx_hal.o
LOAD Drivers/STM32H7xx_HAL_Driver/Src/stm32h7xx_hal_adc.o
LOAD Drivers/STM32H7xx_HAL_Driver/Src/stm32h7xx_hal_adc_ex.o
LOAD Drivers/STM32H7xx_HAL_Driver/Src/stm32h7xx_hal_cortex.o
LOAD Drivers/STM32H7xx_HAL_Driver/Src/stm32h7xx_hal_dac.o
LOAD Drivers/STM32H7xx_HAL_Driver/Src/stm32h7xx_hal_dac_ex.o
LOAD Drivers/STM32H7xx_HAL_Driver/Src/stm32h7xx_hal_dma.o
LOAD Drivers/STM32H7xx_HAL_Driver/Src/stm32h7xx_hal_dma_ex.o
LOAD Drivers/STM32H7xx_HAL_Driver/Src/stm32h7xx_hal_flash.o
LOAD Drivers/STM32H7xx_HAL_Driver/Src/stm32h7xx_hal_flash_ex.o
LOAD Drivers/STM32H7xx_HAL_Driver/Src/stm32h7xx_hal_gpio.o
LOAD Drivers/STM32H7xx_HAL_Driver/Src/stm32h7xx_hal_hrtim.o
LOAD Drivers/STM32H7xx_HAL_Driver/Src/stm32h7xx_hal_hsem.o
LOAD Drivers/STM32H7xx_HAL_Driver/Src/stm32h7xx_hal_i2c.o
LOAD Drivers/STM32H7xx_HAL_Driver/Src/stm32h7xx_hal_i2c_ex.o
LOAD Drivers/STM32H7xx_HAL_Driver/Src/stm32h7xx_hal_mdma.o
LOAD Drivers/STM32H7xx_HAL_Driver/Src/stm32h7xx_hal_pcd.o
LOAD Drivers/STM32H7xx_HAL_Driver/Src/stm32h7xx_hal_pcd_ex.o
LOAD Drivers/STM32H7xx_HAL_Driver/Src/stm32h7xx_hal_pwr.o
LOAD Drivers/STM32H7xx_HAL_Driver/Src/stm32h7xx_hal_pwr_ex.o
LOAD Drivers/STM32H7xx_HAL_Driver/Src/stm32h7xx_hal_rcc.o
LOAD Drivers/STM32H7xx_HAL_Driver/Src/stm32h7xx_hal_rcc_ex.o
LOAD Drivers/STM32H7xx_HAL_Driver/Src/stm32h7xx_hal_tim.o
LOAD Drivers/STM32H7xx_HAL_Driver/Src/stm32h7xx_hal_tim_ex.o
LOAD Drivers/STM32H7xx_HAL_Driver/Src/stm32h7xx_hal_uart.o
LOAD Drivers/STM32H7xx_HAL_Driver/Src/stm32h7xx_hal_uart_ex.o
LOAD Drivers/STM32H7xx_HAL_Driver/Src/stm32h7xx_ll_usb.o
LOAD Src/adc.o
LOAD Src/cis.o
LOAD Src/dac.o
LOAD Src/dma.o
LOAD Src/gpio.o
LOAD Src/hrtim.o
LOAD Src/main.o
LOAD Src/stm32h7xx_hal_msp.o
LOAD Src/stm32h7xx_it.o
LOAD Src/syscalls.o
LOAD Src/system_stm32h7xx.o
LOAD Src/tim.o
LOAD Src/usart.o
LOAD Src/usb_otg.o
LOAD startup/startup_stm32h743xx.o
LOAD /home/zhonx/.opt/AC6/plugins/fr.ac6.mcu.externaltools.arm-none.linux64_1.15.0.201708311556/tools/compiler/bin/../lib/gcc/arm-none-eabi/6.3.1/../../../../arm-none-eabi/lib/thumb/v7e-m/fpv5/hard/libm.a
START GROUP
LOAD /home/zhonx/.opt/AC6/plugins/fr.ac6.mcu.externaltools.arm-none.linux64_1.15.0.201708311556/tools/compiler/bin/../lib/gcc/arm-none-eabi/6.3.1/thumb/v7e-m/fpv5/hard/libgcc.a
LOAD /home/zhonx/.opt/AC6/plugins/fr.ac6.mcu.externaltools.arm-none.linux64_1.15.0.201708311556/tools/compiler/bin/../lib/gcc/arm-none-eabi/6.3.1/../../../../arm-none-eabi/lib/thumb/v7e-m/fpv5/hard/libc_nano.a
END GROUP
START GROUP
LOAD /home/zhonx/.opt/AC6/plugins/fr.ac6.mcu.externaltools.arm-none.linux64_1.15.0.201708311556/tools/compiler/bin/../lib/gcc/arm-none-eabi/6.3.1/thumb/v7e-m/fpv5/hard/libgcc.a
LOAD /home/zhonx/.opt/AC6/plugins/fr.ac6.mcu.externaltools.arm-none.linux64_1.15.0.201708311556/tools/compiler/bin/../lib/gcc/arm-none-eabi/6.3.1/../../../../arm-none-eabi/lib/thumb/v7e-m/fpv5/hard/libc_nano.a
LOAD /home/zhonx/.opt/AC6/plugins/fr.ac6.mcu.externaltools.arm-none.linux64_1.15.0.201708311556/tools/compiler/bin/../lib/gcc/arm-none-eabi/6.3.1/../../../../arm-none-eabi/lib/thumb/v7e-m/fpv5/hard/libnosys.a
END GROUP
START GROUP
LOAD /home/zhonx/.opt/AC6/plugins/fr.ac6.mcu.externaltools.arm-none.linux64_1.15.0.201708311556/tools/compiler/bin/../lib/gcc/arm-none-eabi/6.3.1/thumb/v7e-m/fpv5/hard/libgcc.a
LOAD /home/zhonx/.opt/AC6/plugins/fr.ac6.mcu.externaltools.arm-none.linux64_1.15.0.201708311556/tools/compiler/bin/../lib/gcc/arm-none-eabi/6.3.1/../../../../arm-none-eabi/lib/thumb/v7e-m/fpv5/hard/libc_nano.a
LOAD /home/zhonx/.opt/AC6/plugins/fr.ac6.mcu.externaltools.arm-none.linux64_1.15.0.201708311556/tools/compiler/bin/../lib/gcc/arm-none-eabi/6.3.1/../../../../arm-none-eabi/lib/thumb/v7e-m/fpv5/hard/libnosys.a
END GROUP
LOAD /home/zhonx/.opt/AC6/plugins/fr.ac6.mcu.externaltools.arm-none.linux64_1.15.0.201708311556/tools/compiler/bin/../lib/gcc/arm-none-eabi/6.3.1/thumb/v7e-m/fpv5/hard/crtend.o
LOAD /home/zhonx/.opt/AC6/plugins/fr.ac6.mcu.externaltools.arm-none.linux64_1.15.0.201708311556/tools/compiler/bin/../lib/gcc/arm-none-eabi/6.3.1/thumb/v7e-m/fpv5/hard/crtn.o
                0x0000000024080000                _estack = 0x24080000
                0x0000000000000200                _Min_Heap_Size = 0x200
                0x0000000000000400                _Min_Stack_Size = 0x400

.isr_vector     0x0000000008000000      0x298
                0x0000000008000000                . = ALIGN (0x4)
 *(.isr_vector)
 .isr_vector    0x0000000008000000      0x298 startup/startup_stm32h743xx.o
                0x0000000008000000                g_pfnVectors
                0x0000000008000298                . = ALIGN (0x4)

.text           0x00000000080002a0     0x85a4
                0x00000000080002a0                . = ALIGN (0x4)
 *(.text)
 .text          0x00000000080002a0       0x6c /home/zhonx/.opt/AC6/plugins/fr.ac6.mcu.externaltools.arm-none.linux64_1.15.0.201708311556/tools/compiler/bin/../lib/gcc/arm-none-eabi/6.3.1/thumb/v7e-m/fpv5/hard/crtbegin.o
 .text          0x000000000800030c       0x30 /home/zhonx/.opt/AC6/plugins/fr.ac6.mcu.externaltools.arm-none.linux64_1.15.0.201708311556/tools/compiler/bin/../lib/gcc/arm-none-eabi/6.3.1/thumb/v7e-m/fpv5/hard/libgcc.a(_aeabi_uldivmod.o)
                0x000000000800030c                __aeabi_uldivmod
 .text          0x000000000800033c      0x2dc /home/zhonx/.opt/AC6/plugins/fr.ac6.mcu.externaltools.arm-none.linux64_1.15.0.201708311556/tools/compiler/bin/../lib/gcc/arm-none-eabi/6.3.1/thumb/v7e-m/fpv5/hard/libgcc.a(_udivmoddi4.o)
                0x000000000800033c                __udivmoddi4
 .text          0x0000000008000618        0x4 /home/zhonx/.opt/AC6/plugins/fr.ac6.mcu.externaltools.arm-none.linux64_1.15.0.201708311556/tools/compiler/bin/../lib/gcc/arm-none-eabi/6.3.1/thumb/v7e-m/fpv5/hard/libgcc.a(_dvmd_tls.o)
                0x0000000008000618                __aeabi_ldiv0
                0x0000000008000618                __aeabi_idiv0
 *fill*         0x000000000800061c        0x4 
 .text          0x0000000008000620       0xa0 /home/zhonx/.opt/AC6/plugins/fr.ac6.mcu.externaltools.arm-none.linux64_1.15.0.201708311556/tools/compiler/bin/../lib/gcc/arm-none-eabi/6.3.1/../../../../arm-none-eabi/lib/thumb/v7e-m/fpv5/hard/libc_nano.a(lib_a-memchr.o)
                0x0000000008000620                memchr
 *(.text*)
 .text.HAL_InitTick
                0x00000000080006c0       0x40 Drivers/STM32H7xx_HAL_Driver/Src/stm32h7xx_hal.o
                0x00000000080006c0                HAL_InitTick
 .text.HAL_Init
                0x0000000008000700       0x28 Drivers/STM32H7xx_HAL_Driver/Src/stm32h7xx_hal.o
                0x0000000008000700                HAL_Init
 .text.HAL_IncTick
                0x0000000008000728       0x18 Drivers/STM32H7xx_HAL_Driver/Src/stm32h7xx_hal.o
                0x0000000008000728                HAL_IncTick
 .text.HAL_GetTick
                0x0000000008000740        0xc Drivers/STM32H7xx_HAL_Driver/Src/stm32h7xx_hal.o
                0x0000000008000740                HAL_GetTick
 .text.HAL_Delay
                0x000000000800074c       0x24 Drivers/STM32H7xx_HAL_Driver/Src/stm32h7xx_hal.o
                0x000000000800074c                HAL_Delay
 .text.HAL_ADC_Init
                0x0000000008000770      0x2ac Drivers/STM32H7xx_HAL_Driver/Src/stm32h7xx_hal_adc.o
                0x0000000008000770                HAL_ADC_Init
 .text.HAL_ADC_Start_IT
                0x0000000008000a1c      0x1c0 Drivers/STM32H7xx_HAL_Driver/Src/stm32h7xx_hal_adc.o
                0x0000000008000a1c                HAL_ADC_Start_IT
 .text.HAL_ADC_GetValue
                0x0000000008000bdc        0x8 Drivers/STM32H7xx_HAL_Driver/Src/stm32h7xx_hal_adc.o
                0x0000000008000bdc                HAL_ADC_GetValue
 .text.HAL_ADC_LevelOutOfWindowCallback
                0x0000000008000be4        0x4 Drivers/STM32H7xx_HAL_Driver/Src/stm32h7xx_hal_adc.o
                0x0000000008000be4                HAL_ADC_LevelOutOfWindowCallback
 .text.HAL_ADC_ErrorCallback
                0x0000000008000be8        0x4 Drivers/STM32H7xx_HAL_Driver/Src/stm32h7xx_hal_adc.o
                0x0000000008000be8                HAL_ADC_ErrorCallback
 .text.HAL_ADC_IRQHandler
                0x0000000008000bec      0x2cc Drivers/STM32H7xx_HAL_Driver/Src/stm32h7xx_hal_adc.o
                0x0000000008000bec                HAL_ADC_IRQHandler
 .text.HAL_ADC_ConfigChannel
                0x0000000008000eb8      0x59c Drivers/STM32H7xx_HAL_Driver/Src/stm32h7xx_hal_adc.o
                0x0000000008000eb8                HAL_ADC_ConfigChannel
 .text.HAL_ADCEx_InjectedConvCpltCallback
                0x0000000008001454        0x4 Drivers/STM32H7xx_HAL_Driver/Src/stm32h7xx_hal_adc_ex.o
                0x0000000008001454                HAL_ADCEx_InjectedConvCpltCallback
 .text.HAL_ADCEx_InjectedQueueOverflowCallback
                0x0000000008001458        0x4 Drivers/STM32H7xx_HAL_Driver/Src/stm32h7xx_hal_adc_ex.o
                0x0000000008001458                HAL_ADCEx_InjectedQueueOverflowCallback
 .text.HAL_ADCEx_LevelOutOfWindow2Callback
                0x000000000800145c        0x4 Drivers/STM32H7xx_HAL_Driver/Src/stm32h7xx_hal_adc_ex.o
                0x000000000800145c                HAL_ADCEx_LevelOutOfWindow2Callback
 .text.HAL_ADCEx_LevelOutOfWindow3Callback
                0x0000000008001460        0x4 Drivers/STM32H7xx_HAL_Driver/Src/stm32h7xx_hal_adc_ex.o
                0x0000000008001460                HAL_ADCEx_LevelOutOfWindow3Callback
 .text.HAL_ADCEx_EndOfSamplingCallback
                0x0000000008001464        0x4 Drivers/STM32H7xx_HAL_Driver/Src/stm32h7xx_hal_adc_ex.o
                0x0000000008001464                HAL_ADCEx_EndOfSamplingCallback
 .text.HAL_ADCEx_MultiModeConfigChannel
                0x0000000008001468       0xf0 Drivers/STM32H7xx_HAL_Driver/Src/stm32h7xx_hal_adc_ex.o
                0x0000000008001468                HAL_ADCEx_MultiModeConfigChannel
 .text.HAL_NVIC_SetPriorityGrouping
                0x0000000008001558       0x28 Drivers/STM32H7xx_HAL_Driver/Src/stm32h7xx_hal_cortex.o
                0x0000000008001558                HAL_NVIC_SetPriorityGrouping
 .text.HAL_NVIC_SetPriority
                0x0000000008001580       0x74 Drivers/STM32H7xx_HAL_Driver/Src/stm32h7xx_hal_cortex.o
                0x0000000008001580                HAL_NVIC_SetPriority
 .text.HAL_NVIC_EnableIRQ
                0x00000000080015f4       0x1c Drivers/STM32H7xx_HAL_Driver/Src/stm32h7xx_hal_cortex.o
                0x00000000080015f4                HAL_NVIC_EnableIRQ
 .text.HAL_SYSTICK_Config
                0x0000000008001610       0x30 Drivers/STM32H7xx_HAL_Driver/Src/stm32h7xx_hal_cortex.o
                0x0000000008001610                HAL_SYSTICK_Config
 .text.HAL_SYSTICK_CLKSourceConfig
                0x0000000008001640       0x18 Drivers/STM32H7xx_HAL_Driver/Src/stm32h7xx_hal_cortex.o
                0x0000000008001640                HAL_SYSTICK_CLKSourceConfig
 .text.HAL_SYSTICK_Callback
                0x0000000008001658        0x4 Drivers/STM32H7xx_HAL_Driver/Src/stm32h7xx_hal_cortex.o
                0x0000000008001658                HAL_SYSTICK_Callback
 .text.HAL_SYSTICK_IRQHandler
                0x000000000800165c        0x8 Drivers/STM32H7xx_HAL_Driver/Src/stm32h7xx_hal_cortex.o
                0x000000000800165c                HAL_SYSTICK_IRQHandler
 .text.HAL_DAC_Init
                0x0000000008001664       0x2c Drivers/STM32H7xx_HAL_Driver/Src/stm32h7xx_hal_dac.o
                0x0000000008001664                HAL_DAC_Init
 .text.HAL_DAC_Start_DMA
                0x0000000008001690       0xdc Drivers/STM32H7xx_HAL_Driver/Src/stm32h7xx_hal_dac.o
                0x0000000008001690                HAL_DAC_Start_DMA
 .text.HAL_DAC_ConvCpltCallbackCh1
                0x000000000800176c        0x4 Drivers/STM32H7xx_HAL_Driver/Src/stm32h7xx_hal_dac.o
                0x000000000800176c                HAL_DAC_ConvCpltCallbackCh1
 .text.DAC_DMAConvCpltCh1
                0x0000000008001770       0x10 Drivers/STM32H7xx_HAL_Driver/Src/stm32h7xx_hal_dac.o
 .text.HAL_DAC_ConvHalfCpltCallbackCh1
                0x0000000008001780        0x4 Drivers/STM32H7xx_HAL_Driver/Src/stm32h7xx_hal_dac.o
                0x0000000008001780                HAL_DAC_ConvHalfCpltCallbackCh1
 .text.DAC_DMAHalfConvCpltCh1
                0x0000000008001784        0xc Drivers/STM32H7xx_HAL_Driver/Src/stm32h7xx_hal_dac.o
 .text.HAL_DAC_ErrorCallbackCh1
                0x0000000008001790        0x4 Drivers/STM32H7xx_HAL_Driver/Src/stm32h7xx_hal_dac.o
                0x0000000008001790                HAL_DAC_ErrorCallbackCh1
 .text.DAC_DMAErrorCh1
                0x0000000008001794       0x18 Drivers/STM32H7xx_HAL_Driver/Src/stm32h7xx_hal_dac.o
 .text.HAL_DAC_DMAUnderrunCallbackCh1
                0x00000000080017ac        0x4 Drivers/STM32H7xx_HAL_Driver/Src/stm32h7xx_hal_dac.o
                0x00000000080017ac                HAL_DAC_DMAUnderrunCallbackCh1
 .text.HAL_DAC_IRQHandler
                0x00000000080017b0       0x68 Drivers/STM32H7xx_HAL_Driver/Src/stm32h7xx_hal_dac.o
                0x00000000080017b0                HAL_DAC_IRQHandler
 .text.HAL_DAC_ConfigChannel
                0x0000000008001818      0x114 Drivers/STM32H7xx_HAL_Driver/Src/stm32h7xx_hal_dac.o
                0x0000000008001818                HAL_DAC_ConfigChannel
 .text.HAL_DACEx_TriangleWaveGenerate
                0x000000000800192c       0x3c Drivers/STM32H7xx_HAL_Driver/Src/stm32h7xx_hal_dac_ex.o
                0x000000000800192c                HAL_DACEx_TriangleWaveGenerate
 .text.HAL_DACEx_ConvCpltCallbackCh2
                0x0000000008001968        0x4 Drivers/STM32H7xx_HAL_Driver/Src/stm32h7xx_hal_dac_ex.o
                0x0000000008001968                HAL_DACEx_ConvCpltCallbackCh2
 .text.HAL_DACEx_ConvHalfCpltCallbackCh2
                0x000000000800196c        0x4 Drivers/STM32H7xx_HAL_Driver/Src/stm32h7xx_hal_dac_ex.o
                0x000000000800196c                HAL_DACEx_ConvHalfCpltCallbackCh2
 .text.HAL_DACEx_ErrorCallbackCh2
                0x0000000008001970        0x4 Drivers/STM32H7xx_HAL_Driver/Src/stm32h7xx_hal_dac_ex.o
                0x0000000008001970                HAL_DACEx_ErrorCallbackCh2
 .text.HAL_DACEx_DMAUnderrunCallbackCh2
                0x0000000008001974        0x4 Drivers/STM32H7xx_HAL_Driver/Src/stm32h7xx_hal_dac_ex.o
                0x0000000008001974                HAL_DACEx_DMAUnderrunCallbackCh2
 .text.DAC_DMAConvCpltCh2
                0x0000000008001978       0x10 Drivers/STM32H7xx_HAL_Driver/Src/stm32h7xx_hal_dac_ex.o
                0x0000000008001978                DAC_DMAConvCpltCh2
 .text.DAC_DMAHalfConvCpltCh2
                0x0000000008001988        0xc Drivers/STM32H7xx_HAL_Driver/Src/stm32h7xx_hal_dac_ex.o
                0x0000000008001988                DAC_DMAHalfConvCpltCh2
 .text.DAC_DMAErrorCh2
                0x0000000008001994       0x18 Drivers/STM32H7xx_HAL_Driver/Src/stm32h7xx_hal_dac_ex.o
                0x0000000008001994                DAC_DMAErrorCh2
 .text.HAL_DMA_Init
                0x00000000080019ac      0x2c4 Drivers/STM32H7xx_HAL_Driver/Src/stm32h7xx_hal_dma.o
                0x00000000080019ac                HAL_DMA_Init
 .text.HAL_DMA_Start_IT
                0x0000000008001c70      0x144 Drivers/STM32H7xx_HAL_Driver/Src/stm32h7xx_hal_dma.o
                0x0000000008001c70                HAL_DMA_Start_IT
 .text.HAL_DMA_IRQHandler
                0x0000000008001db4      0x2b0 Drivers/STM32H7xx_HAL_Driver/Src/stm32h7xx_hal_dma.o
                0x0000000008001db4                HAL_DMA_IRQHandler
 .text.HAL_GPIO_Init
                0x0000000008002064      0x25c Drivers/STM32H7xx_HAL_Driver/Src/stm32h7xx_hal_gpio.o
                0x0000000008002064                HAL_GPIO_Init
 .text.HAL_GPIO_WritePin
                0x00000000080022c0        0xc Drivers/STM32H7xx_HAL_Driver/Src/stm32h7xx_hal_gpio.o
                0x00000000080022c0                HAL_GPIO_WritePin
 .text.HAL_HRTIM_Init
                0x00000000080022cc      0x108 Drivers/STM32H7xx_HAL_Driver/Src/stm32h7xx_hal_hrtim.o
                0x00000000080022cc                HAL_HRTIM_Init
 .text.HAL_HRTIM_TimeBaseConfig
                0x00000000080023d4       0x74 Drivers/STM32H7xx_HAL_Driver/Src/stm32h7xx_hal_hrtim.o
                0x00000000080023d4                HAL_HRTIM_TimeBaseConfig
 .text.HAL_HRTIM_SimpleOCChannelConfig
                0x0000000008002448      0x210 Drivers/STM32H7xx_HAL_Driver/Src/stm32h7xx_hal_hrtim.o
                0x0000000008002448                HAL_HRTIM_SimpleOCChannelConfig
 .text.HAL_HRTIM_SimplePWMChannelConfig
                0x0000000008002658      0x16c Drivers/STM32H7xx_HAL_Driver/Src/stm32h7xx_hal_hrtim.o
                0x0000000008002658                HAL_HRTIM_SimplePWMChannelConfig
 .text.HAL_HRTIM_SimplePWMStart
                0x00000000080027c4       0x44 Drivers/STM32H7xx_HAL_Driver/Src/stm32h7xx_hal_hrtim.o
                0x00000000080027c4                HAL_HRTIM_SimplePWMStart
 .text.HAL_HRTIM_EventConfig
                0x0000000008002808      0x22c Drivers/STM32H7xx_HAL_Driver/Src/stm32h7xx_hal_hrtim.o
                0x0000000008002808                HAL_HRTIM_EventConfig
 .text.HAL_HRTIM_EventPrescalerConfig
                0x0000000008002a34       0x44 Drivers/STM32H7xx_HAL_Driver/Src/stm32h7xx_hal_hrtim.o
                0x0000000008002a34                HAL_HRTIM_EventPrescalerConfig
 .text.HAL_HRTIM_ADCTriggerConfig
                0x0000000008002a78       0xa8 Drivers/STM32H7xx_HAL_Driver/Src/stm32h7xx_hal_hrtim.o
                0x0000000008002a78                HAL_HRTIM_ADCTriggerConfig
 .text.HAL_HRTIM_WaveformTimerConfig
                0x0000000008002b20      0x284 Drivers/STM32H7xx_HAL_Driver/Src/stm32h7xx_hal_hrtim.o
                0x0000000008002b20                HAL_HRTIM_WaveformTimerConfig
 .text.HAL_HRTIM_WaveformOutputConfig
                0x0000000008002da4      0x104 Drivers/STM32H7xx_HAL_Driver/Src/stm32h7xx_hal_hrtim.o
                0x0000000008002da4                HAL_HRTIM_WaveformOutputConfig
 .text.HAL_HRTIM_Fault1Callback
                0x0000000008002ea8        0x4 Drivers/STM32H7xx_HAL_Driver/Src/stm32h7xx_hal_hrtim.o
                0x0000000008002ea8                HAL_HRTIM_Fault1Callback
 .text.HAL_HRTIM_Fault2Callback
                0x0000000008002eac        0x4 Drivers/STM32H7xx_HAL_Driver/Src/stm32h7xx_hal_hrtim.o
                0x0000000008002eac                HAL_HRTIM_Fault2Callback
 .text.HAL_HRTIM_Fault3Callback
                0x0000000008002eb0        0x4 Drivers/STM32H7xx_HAL_Driver/Src/stm32h7xx_hal_hrtim.o
                0x0000000008002eb0                HAL_HRTIM_Fault3Callback
 .text.HAL_HRTIM_Fault4Callback
                0x0000000008002eb4        0x4 Drivers/STM32H7xx_HAL_Driver/Src/stm32h7xx_hal_hrtim.o
                0x0000000008002eb4                HAL_HRTIM_Fault4Callback
 .text.HAL_HRTIM_Fault5Callback
                0x0000000008002eb8        0x4 Drivers/STM32H7xx_HAL_Driver/Src/stm32h7xx_hal_hrtim.o
                0x0000000008002eb8                HAL_HRTIM_Fault5Callback
 .text.HAL_HRTIM_SystemFaultCallback
                0x0000000008002ebc        0x4 Drivers/STM32H7xx_HAL_Driver/Src/stm32h7xx_hal_hrtim.o
                0x0000000008002ebc                HAL_HRTIM_SystemFaultCallback
 .text.HAL_HRTIM_BurstModePeriodCallback
                0x0000000008002ec0        0x4 Drivers/STM32H7xx_HAL_Driver/Src/stm32h7xx_hal_hrtim.o
                0x0000000008002ec0                HAL_HRTIM_BurstModePeriodCallback
 .text.HAL_HRTIM_SynchronizationEventCallback
                0x0000000008002ec4        0x4 Drivers/STM32H7xx_HAL_Driver/Src/stm32h7xx_hal_hrtim.o
                0x0000000008002ec4                HAL_HRTIM_SynchronizationEventCallback
 .text.HAL_HRTIM_RegistersUpdateCallback
                0x0000000008002ec8        0x4 Drivers/STM32H7xx_HAL_Driver/Src/stm32h7xx_hal_hrtim.o
                0x0000000008002ec8                HAL_HRTIM_RegistersUpdateCallback
 .text.HAL_HRTIM_RepetitionEventCallback
                0x0000000008002ecc        0x4 Drivers/STM32H7xx_HAL_Driver/Src/stm32h7xx_hal_hrtim.o
                0x0000000008002ecc                HAL_HRTIM_RepetitionEventCallback
 .text.HAL_HRTIM_Compare1EventCallback
                0x0000000008002ed0        0x4 Drivers/STM32H7xx_HAL_Driver/Src/stm32h7xx_hal_hrtim.o
                0x0000000008002ed0                HAL_HRTIM_Compare1EventCallback
 .text.HAL_HRTIM_Compare2EventCallback
                0x0000000008002ed4        0x4 Drivers/STM32H7xx_HAL_Driver/Src/stm32h7xx_hal_hrtim.o
                0x0000000008002ed4                HAL_HRTIM_Compare2EventCallback
 .text.HAL_HRTIM_Compare3EventCallback
                0x0000000008002ed8        0x4 Drivers/STM32H7xx_HAL_Driver/Src/stm32h7xx_hal_hrtim.o
                0x0000000008002ed8                HAL_HRTIM_Compare3EventCallback
 .text.HAL_HRTIM_Compare4EventCallback
                0x0000000008002edc        0x4 Drivers/STM32H7xx_HAL_Driver/Src/stm32h7xx_hal_hrtim.o
                0x0000000008002edc                HAL_HRTIM_Compare4EventCallback
 .text.HAL_HRTIM_Capture1EventCallback
                0x0000000008002ee0        0x4 Drivers/STM32H7xx_HAL_Driver/Src/stm32h7xx_hal_hrtim.o
                0x0000000008002ee0                HAL_HRTIM_Capture1EventCallback
 .text.HAL_HRTIM_Capture2EventCallback
                0x0000000008002ee4        0x4 Drivers/STM32H7xx_HAL_Driver/Src/stm32h7xx_hal_hrtim.o
                0x0000000008002ee4                HAL_HRTIM_Capture2EventCallback
 .text.HAL_HRTIM_DelayedProtectionCallback
                0x0000000008002ee8        0x4 Drivers/STM32H7xx_HAL_Driver/Src/stm32h7xx_hal_hrtim.o
                0x0000000008002ee8                HAL_HRTIM_DelayedProtectionCallback
 .text.HAL_HRTIM_CounterResetCallback
                0x0000000008002eec        0x4 Drivers/STM32H7xx_HAL_Driver/Src/stm32h7xx_hal_hrtim.o
                0x0000000008002eec                HAL_HRTIM_CounterResetCallback
 .text.HAL_HRTIM_Output1SetCallback
                0x0000000008002ef0        0x4 Drivers/STM32H7xx_HAL_Driver/Src/stm32h7xx_hal_hrtim.o
                0x0000000008002ef0                HAL_HRTIM_Output1SetCallback
 .text.HAL_HRTIM_Output1ResetCallback
                0x0000000008002ef4        0x4 Drivers/STM32H7xx_HAL_Driver/Src/stm32h7xx_hal_hrtim.o
                0x0000000008002ef4                HAL_HRTIM_Output1ResetCallback
 .text.HAL_HRTIM_Output2SetCallback
                0x0000000008002ef8        0x4 Drivers/STM32H7xx_HAL_Driver/Src/stm32h7xx_hal_hrtim.o
                0x0000000008002ef8                HAL_HRTIM_Output2SetCallback
 .text.HAL_HRTIM_Output2ResetCallback
                0x0000000008002efc        0x4 Drivers/STM32H7xx_HAL_Driver/Src/stm32h7xx_hal_hrtim.o
                0x0000000008002efc                HAL_HRTIM_Output2ResetCallback
 .text.HAL_HRTIM_IRQHandler
                0x0000000008002f00      0x4b0 Drivers/STM32H7xx_HAL_Driver/Src/stm32h7xx_hal_hrtim.o
                0x0000000008002f00                HAL_HRTIM_IRQHandler
 .text.HAL_PCD_Init
                0x00000000080033b0      0x448 Drivers/STM32H7xx_HAL_Driver/Src/stm32h7xx_hal_pcd.o
                0x00000000080033b0                HAL_PCD_Init
 .text.HAL_PCDEx_ActivateLPM
                0x00000000080037f8       0x2c Drivers/STM32H7xx_HAL_Driver/Src/stm32h7xx_hal_pcd_ex.o
                0x00000000080037f8                HAL_PCDEx_ActivateLPM
 .text.HAL_PCDEx_ActivateBCD
                0x0000000008003824       0x20 Drivers/STM32H7xx_HAL_Driver/Src/stm32h7xx_hal_pcd_ex.o
                0x0000000008003824                HAL_PCDEx_ActivateBCD
 .text.HAL_RCC_OscConfig
                0x0000000008003844      0x510 Drivers/STM32H7xx_HAL_Driver/Src/stm32h7xx_hal_rcc.o
                0x0000000008003844                HAL_RCC_OscConfig
 .text.HAL_RCC_GetSysClockFreq
                0x0000000008003d54      0x134 Drivers/STM32H7xx_HAL_Driver/Src/stm32h7xx_hal_rcc.o
                0x0000000008003d54                HAL_RCC_GetSysClockFreq
 .text.HAL_RCC_ClockConfig
                0x0000000008003e88      0x1b8 Drivers/STM32H7xx_HAL_Driver/Src/stm32h7xx_hal_rcc.o
                0x0000000008003e88                HAL_RCC_ClockConfig
 .text.HAL_RCC_GetHCLKFreq
                0x0000000008004040       0x34 Drivers/STM32H7xx_HAL_Driver/Src/stm32h7xx_hal_rcc.o
                0x0000000008004040                HAL_RCC_GetHCLKFreq
 .text.HAL_RCC_GetPCLK1Freq
                0x0000000008004074       0x48 Drivers/STM32H7xx_HAL_Driver/Src/stm32h7xx_hal_rcc.o
                0x0000000008004074                HAL_RCC_GetPCLK1Freq
 .text.HAL_RCC_GetPCLK2Freq
                0x00000000080040bc       0x4c Drivers/STM32H7xx_HAL_Driver/Src/stm32h7xx_hal_rcc.o
                0x00000000080040bc                HAL_RCC_GetPCLK2Freq
 .text.RCCEx_PLL2_Config
                0x0000000008004108       0xb8 Drivers/STM32H7xx_HAL_Driver/Src/stm32h7xx_hal_rcc_ex.o
 .text.RCCEx_PLL3_Config
                0x00000000080041c0       0xb8 Drivers/STM32H7xx_HAL_Driver/Src/stm32h7xx_hal_rcc_ex.o
 .text.HAL_RCCEx_PeriphCLKConfig
                0x0000000008004278      0xbbc Drivers/STM32H7xx_HAL_Driver/Src/stm32h7xx_hal_rcc_ex.o
                0x0000000008004278                HAL_RCCEx_PeriphCLKConfig
 .text.HAL_RCCEx_GetD3PCLK1Freq
                0x0000000008004e34       0x2c Drivers/STM32H7xx_HAL_Driver/Src/stm32h7xx_hal_rcc_ex.o
                0x0000000008004e34                HAL_RCCEx_GetD3PCLK1Freq
 .text.HAL_RCCEx_GetPLL2ClockFreq
                0x0000000008004e60      0x13c Drivers/STM32H7xx_HAL_Driver/Src/stm32h7xx_hal_rcc_ex.o
                0x0000000008004e60                HAL_RCCEx_GetPLL2ClockFreq
 .text.HAL_RCCEx_GetPLL3ClockFreq
                0x0000000008004f9c      0x13c Drivers/STM32H7xx_HAL_Driver/Src/stm32h7xx_hal_rcc_ex.o
                0x0000000008004f9c                HAL_RCCEx_GetPLL3ClockFreq
 .text.HAL_RCCEx_GetD1SysClockFreq
                0x00000000080050d8       0x34 Drivers/STM32H7xx_HAL_Driver/Src/stm32h7xx_hal_rcc_ex.o
                0x00000000080050d8                HAL_RCCEx_GetD1SysClockFreq
 .text.HAL_TIM_Base_Init
                0x000000000800510c      0x108 Drivers/STM32H7xx_HAL_Driver/Src/stm32h7xx_hal_tim.o
                0x000000000800510c                HAL_TIM_Base_Init
 .text.HAL_TIM_Base_Start
                0x0000000008005214       0x24 Drivers/STM32H7xx_HAL_Driver/Src/stm32h7xx_hal_tim.o
                0x0000000008005214                HAL_TIM_Base_Start
 .text.HAL_TIM_OC_Init
                0x0000000008005238      0x108 Drivers/STM32H7xx_HAL_Driver/Src/stm32h7xx_hal_tim.o
                0x0000000008005238                HAL_TIM_OC_Init
 .text.HAL_TIM_OC_ConfigChannel
                0x0000000008005340      0x2fc Drivers/STM32H7xx_HAL_Driver/Src/stm32h7xx_hal_tim.o
                0x0000000008005340                HAL_TIM_OC_ConfigChannel
 .text.HAL_TIM_PeriodElapsedCallback
                0x000000000800563c        0x4 Drivers/STM32H7xx_HAL_Driver/Src/stm32h7xx_hal_tim.o
                0x000000000800563c                HAL_TIM_PeriodElapsedCallback
 .text.HAL_TIM_OC_DelayElapsedCallback
                0x0000000008005640        0x4 Drivers/STM32H7xx_HAL_Driver/Src/stm32h7xx_hal_tim.o
                0x0000000008005640                HAL_TIM_OC_DelayElapsedCallback
 .text.HAL_TIM_IC_CaptureCallback
                0x0000000008005644        0x4 Drivers/STM32H7xx_HAL_Driver/Src/stm32h7xx_hal_tim.o
                0x0000000008005644                HAL_TIM_IC_CaptureCallback
 .text.HAL_TIM_PWM_PulseFinishedCallback
                0x0000000008005648        0x4 Drivers/STM32H7xx_HAL_Driver/Src/stm32h7xx_hal_tim.o
                0x0000000008005648                HAL_TIM_PWM_PulseFinishedCallback
 .text.HAL_TIM_TriggerCallback
                0x000000000800564c        0x4 Drivers/STM32H7xx_HAL_Driver/Src/stm32h7xx_hal_tim.o
                0x000000000800564c                HAL_TIM_TriggerCallback
 .text.HAL_TIM_IRQHandler
                0x0000000008005650      0x170 Drivers/STM32H7xx_HAL_Driver/Src/stm32h7xx_hal_tim.o
                0x0000000008005650                HAL_TIM_IRQHandler
 .text.HAL_TIMEx_MasterConfigSynchronization
                0x00000000080057c0       0x58 Drivers/STM32H7xx_HAL_Driver/Src/stm32h7xx_hal_tim_ex.o
                0x00000000080057c0                HAL_TIMEx_MasterConfigSynchronization
 .text.HAL_TIMEx_ConfigBreakDeadTime
                0x0000000008005818       0x9c Drivers/STM32H7xx_HAL_Driver/Src/stm32h7xx_hal_tim_ex.o
                0x0000000008005818                HAL_TIMEx_ConfigBreakDeadTime
 .text.HAL_TIMEx_CommutationCallback
                0x00000000080058b4        0x4 Drivers/STM32H7xx_HAL_Driver/Src/stm32h7xx_hal_tim_ex.o
                0x00000000080058b4                HAL_TIMEx_CommutationCallback
 .text.HAL_TIMEx_BreakCallback
                0x00000000080058b8        0x4 Drivers/STM32H7xx_HAL_Driver/Src/stm32h7xx_hal_tim_ex.o
                0x00000000080058b8                HAL_TIMEx_BreakCallback
 .text.HAL_UART_Transmit
                0x00000000080058bc      0x100 Drivers/STM32H7xx_HAL_Driver/Src/stm32h7xx_hal_uart.o
                0x00000000080058bc                HAL_UART_Transmit
 .text.UART_SetConfig
                0x00000000080059bc      0x730 Drivers/STM32H7xx_HAL_Driver/Src/stm32h7xx_hal_uart.o
                0x00000000080059bc                UART_SetConfig
 .text.UART_AdvFeatureConfig
                0x00000000080060ec       0xb0 Drivers/STM32H7xx_HAL_Driver/Src/stm32h7xx_hal_uart.o
                0x00000000080060ec                UART_AdvFeatureConfig
 .text.HAL_UART_Init
                0x000000000800619c       0xe4 Drivers/STM32H7xx_HAL_Driver/Src/stm32h7xx_hal_uart.o
                0x000000000800619c                HAL_UART_Init
 .text.USB_CoreInit
                0x0000000008006280       0xb8 Drivers/STM32H7xx_HAL_Driver/Src/stm32h7xx_ll_usb.o
                0x0000000008006280                USB_CoreInit
 .text.USB_DisableGlobalInt
                0x0000000008006338       0x10 Drivers/STM32H7xx_HAL_Driver/Src/stm32h7xx_ll_usb.o
                0x0000000008006338                USB_DisableGlobalInt
 .text.USB_SetCurrentMode
                0x0000000008006348       0x34 Drivers/STM32H7xx_HAL_Driver/Src/stm32h7xx_ll_usb.o
                0x0000000008006348                USB_SetCurrentMode
 .text.USB_DevInit
                0x000000000800637c      0x1a0 Drivers/STM32H7xx_HAL_Driver/Src/stm32h7xx_ll_usb.o
                0x000000000800637c                USB_DevInit
 .text.USB_DevDisconnect
                0x000000000800651c       0x18 Drivers/STM32H7xx_HAL_Driver/Src/stm32h7xx_ll_usb.o
                0x000000000800651c                USB_DevDisconnect
 .text.MX_ADC1_Init
                0x0000000008006534       0xa8 Src/adc.o
                0x0000000008006534                MX_ADC1_Init
 .text.HAL_ADC_MspInit
                0x00000000080065dc       0xb4 Src/adc.o
                0x00000000080065dc                HAL_ADC_MspInit
 .text.HAL_ADC_ConvCpltCallback
                0x0000000008006690      0x134 Src/cis.o
                0x0000000008006690                HAL_ADC_ConvCpltCallback
 .text.timesBaseInit
                0x00000000080067c4      0x1b8 Src/cis.o
                0x00000000080067c4                timesBaseInit
 .text.cisInit  0x000000000800697c       0xc0 Src/cis.o
                0x000000000800697c                cisInit
 .text.MX_DAC1_Init
                0x0000000008006a3c       0x68 Src/dac.o
                0x0000000008006a3c                MX_DAC1_Init
 .text.HAL_DAC_MspInit
                0x0000000008006aa4       0xb8 Src/dac.o
                0x0000000008006aa4                HAL_DAC_MspInit
 .text.MX_DMA_Init
                0x0000000008006b5c       0x54 Src/dma.o
                0x0000000008006b5c                MX_DMA_Init
 .text.MX_GPIO_Init
                0x0000000008006bb0      0x20c Src/gpio.o
                0x0000000008006bb0                MX_GPIO_Init
 .text.MX_HRTIM_Init
                0x0000000008006dbc      0x1bc Src/hrtim.o
                0x0000000008006dbc                MX_HRTIM_Init
 .text.HAL_HRTIM_MspInit
                0x0000000008006f78       0x44 Src/hrtim.o
                0x0000000008006f78                HAL_HRTIM_MspInit
 .text.SystemClock_Config
                0x0000000008006fbc      0x108 Src/main.o
                0x0000000008006fbc                SystemClock_Config
 .text.startup.main
                0x00000000080070c4       0x64 Src/main.o
                0x00000000080070c4                main
 .text._Error_Handler
                0x0000000008007128        0x4 Src/main.o
                0x0000000008007128                _Error_Handler
 .text.HAL_MspInit
                0x000000000800712c       0x84 Src/stm32h7xx_hal_msp.o
                0x000000000800712c                HAL_MspInit
 .text.SVC_Handler
                0x00000000080071b0        0x4 Src/stm32h7xx_it.o
                0x00000000080071b0                SVC_Handler
 .text.PendSV_Handler
                0x00000000080071b4        0x4 Src/stm32h7xx_it.o
                0x00000000080071b4                PendSV_Handler
 .text.SysTick_Handler
                0x00000000080071b8       0x10 Src/stm32h7xx_it.o
                0x00000000080071b8                SysTick_Handler
 .text.DMA1_Stream0_IRQHandler
                0x00000000080071c8        0xc Src/stm32h7xx_it.o
                0x00000000080071c8                DMA1_Stream0_IRQHandler
 .text.DMA1_Stream1_IRQHandler
                0x00000000080071d4        0xc Src/stm32h7xx_it.o
                0x00000000080071d4                DMA1_Stream1_IRQHandler
 .text.DMA1_Stream2_IRQHandler
                0x00000000080071e0        0xc Src/stm32h7xx_it.o
                0x00000000080071e0                DMA1_Stream2_IRQHandler
 .text.ADC_IRQHandler
                0x00000000080071ec        0xc Src/stm32h7xx_it.o
                0x00000000080071ec                ADC_IRQHandler
 .text.TIM1_UP_IRQHandler
                0x00000000080071f8        0xc Src/stm32h7xx_it.o
                0x00000000080071f8                TIM1_UP_IRQHandler
 .text.TIM1_TRG_COM_IRQHandler
                0x0000000008007204        0xc Src/stm32h7xx_it.o
                0x0000000008007204                TIM1_TRG_COM_IRQHandler
 .text.TIM1_CC_IRQHandler
                0x0000000008007210        0xc Src/stm32h7xx_it.o
                0x0000000008007210                TIM1_CC_IRQHandler
 .text.TIM6_DAC_IRQHandler
                0x000000000800721c       0x1c Src/stm32h7xx_it.o
                0x000000000800721c                TIM6_DAC_IRQHandler
 .text.HRTIM1_TIMA_IRQHandler
                0x0000000008007238        0xc Src/stm32h7xx_it.o
                0x0000000008007238                HRTIM1_TIMA_IRQHandler
 .text.TIM15_IRQHandler
                0x0000000008007244        0xc Src/stm32h7xx_it.o
                0x0000000008007244                TIM15_IRQHandler
 .text._read    0x0000000008007250       0x1c Src/syscalls.o
                0x0000000008007250                _read
 .text._write   0x000000000800726c       0x1c Src/syscalls.o
                0x000000000800726c                _write
 .text._sbrk    0x0000000008007288       0x38 Src/syscalls.o
                0x0000000008007288                _sbrk
 .text._close   0x00000000080072c0        0x8 Src/syscalls.o
                0x00000000080072c0                _close
 .text._fstat   0x00000000080072c8        0xc Src/syscalls.o
                0x00000000080072c8                _fstat
 .text._isatty  0x00000000080072d4        0x4 Src/syscalls.o
                0x00000000080072d4                _isatty
 .text._lseek   0x00000000080072d8        0x4 Src/syscalls.o
                0x00000000080072d8                _lseek
 .text.SystemInit
                0x00000000080072dc       0x64 Src/system_stm32h7xx.o
                0x00000000080072dc                SystemInit
 .text.MX_TIM1_Init
                0x0000000008007340       0xfc Src/tim.o
                0x0000000008007340                MX_TIM1_Init
 .text.MX_TIM6_Init
                0x000000000800743c       0x54 Src/tim.o
                0x000000000800743c                MX_TIM6_Init
 .text.MX_TIM15_Init
                0x0000000008007490       0xf0 Src/tim.o
                0x0000000008007490                MX_TIM15_Init
 .text.HAL_TIM_OC_MspInit
                0x0000000008007580       0x9c Src/tim.o
                0x0000000008007580                HAL_TIM_OC_MspInit
 .text.HAL_TIM_Base_MspInit
                0x000000000800761c       0x44 Src/tim.o
                0x000000000800761c                HAL_TIM_Base_MspInit
 .text.MX_USART3_UART_Init
                0x0000000008007660       0x50 Src/usart.o
                0x0000000008007660                MX_USART3_UART_Init
 .text.HAL_UART_MspInit
                0x00000000080076b0       0xa4 Src/usart.o
                0x00000000080076b0                HAL_UART_MspInit
 .text.__io_putchar
                0x0000000008007754       0x24 Src/usart.o
                0x0000000008007754                __io_putchar
 .text.MX_USB_OTG_FS_PCD_Init
                0x0000000008007778       0x48 Src/usb_otg.o
                0x0000000008007778                MX_USB_OTG_FS_PCD_Init
 .text.HAL_PCD_MspInit
                0x00000000080077c0       0x68 Src/usb_otg.o
                0x00000000080077c0                HAL_PCD_MspInit
 .text.Reset_Handler
                0x0000000008007828       0x50 startup/startup_stm32h743xx.o
                0x0000000008007828                Reset_Handler
 .text.Default_Handler
                0x0000000008007878        0x2 startup/startup_stm32h743xx.o
                0x0000000008007878                RTC_Alarm_IRQHandler
                0x0000000008007878                EXTI2_IRQHandler
                0x0000000008007878                TIM8_CC_IRQHandler
                0x0000000008007878                HRTIM1_Master_IRQHandler
                0x0000000008007878                DebugMon_Handler
                0x0000000008007878                UART8_IRQHandler
                0x0000000008007878                SPI4_IRQHandler
                0x0000000008007878                BDMA_Channel6_IRQHandler
                0x0000000008007878                DMA2_Stream5_IRQHandler
                0x0000000008007878                HardFault_Handler
                0x0000000008007878                HRTIM1_FLT_IRQHandler
                0x0000000008007878                JPEG_IRQHandler
                0x0000000008007878                DMA1_Stream5_IRQHandler
                0x0000000008007878                BDMA_Channel1_IRQHandler
                0x0000000008007878                HRTIM1_TIMD_IRQHandler
                0x0000000008007878                TAMP_STAMP_IRQHandler
                0x0000000008007878                NMI_Handler
                0x0000000008007878                EXTI3_IRQHandler
                0x0000000008007878                LPTIM4_IRQHandler
                0x0000000008007878                TIM8_TRG_COM_TIM14_IRQHandler
                0x0000000008007878                LPTIM2_IRQHandler
                0x0000000008007878                DFSDM1_FLT1_IRQHandler
                0x0000000008007878                DMAMUX2_OVR_IRQHandler
                0x0000000008007878                TIM8_UP_TIM13_IRQHandler
                0x0000000008007878                I2C3_ER_IRQHandler
                0x0000000008007878                DFSDM1_FLT2_IRQHandler
                0x0000000008007878                MDMA_IRQHandler
                0x0000000008007878                LPTIM3_IRQHandler
                0x0000000008007878                HSEM1_IRQHandler
                0x0000000008007878                EXTI0_IRQHandler
                0x0000000008007878                I2C2_EV_IRQHandler
                0x0000000008007878                FPU_IRQHandler
                0x0000000008007878                OTG_HS_WKUP_IRQHandler
                0x0000000008007878                FDCAN1_IT1_IRQHandler
                0x0000000008007878                UsageFault_Handler
                0x0000000008007878                LTDC_ER_IRQHandler
                0x0000000008007878                DMA2_Stream2_IRQHandler
                0x0000000008007878                HRTIM1_TIME_IRQHandler
                0x0000000008007878                SPI1_IRQHandler
                0x0000000008007878                DCMI_IRQHandler
                0x0000000008007878                HRTIM1_TIMC_IRQHandler
                0x0000000008007878                DMA2_Stream3_IRQHandler
                0x0000000008007878                SAI2_IRQHandler
                0x0000000008007878                DFSDM1_FLT3_IRQHandler
                0x0000000008007878                USART6_IRQHandler
                0x0000000008007878                TIM17_IRQHandler
                0x0000000008007878                USART3_IRQHandler
                0x0000000008007878                BDMA_Channel7_IRQHandler
                0x0000000008007878                LPTIM5_IRQHandler
                0x0000000008007878                UART5_IRQHandler
                0x0000000008007878                ADC3_IRQHandler
                0x0000000008007878                DMA2_Stream0_IRQHandler
                0x0000000008007878                TIM4_IRQHandler
                0x0000000008007878                BDMA_Channel2_IRQHandler
                0x0000000008007878                QUADSPI_IRQHandler
                0x0000000008007878                I2C1_EV_IRQHandler
                0x0000000008007878                DMA1_Stream6_IRQHandler
                0x0000000008007878                DMAMUX1_OVR_IRQHandler
                0x0000000008007878                TIM16_IRQHandler
                0x0000000008007878                UART4_IRQHandler
                0x0000000008007878                BDMA_Channel5_IRQHandler
                0x0000000008007878                TIM3_IRQHandler
                0x0000000008007878                RCC_IRQHandler
                0x0000000008007878                TIM8_BRK_TIM12_IRQHandler
                0x0000000008007878                Default_Handler
                0x0000000008007878                CEC_IRQHandler
                0x0000000008007878                EXTI15_10_IRQHandler
                0x0000000008007878                BDMA_Channel0_IRQHandler
                0x0000000008007878                DMA1_Stream7_IRQHandler
                0x0000000008007878                SPI5_IRQHandler
                0x0000000008007878                TIM7_IRQHandler
                0x0000000008007878                SDMMC1_IRQHandler
                0x0000000008007878                TIM5_IRQHandler
                0x0000000008007878                DMA2_Stream7_IRQHandler
                0x0000000008007878                PVD_AVD_IRQHandler
                0x0000000008007878                I2C3_EV_IRQHandler
                0x0000000008007878                EXTI9_5_IRQHandler
                0x0000000008007878                RTC_WKUP_IRQHandler
                0x0000000008007878                LTDC_IRQHandler
                0x0000000008007878                SAI3_IRQHandler
                0x0000000008007878                ETH_WKUP_IRQHandler
                0x0000000008007878                SPDIF_RX_IRQHandler
                0x0000000008007878                SPI2_IRQHandler
                0x0000000008007878                OTG_HS_EP1_IN_IRQHandler
                0x0000000008007878                MemManage_Handler
                0x0000000008007878                CRS_IRQHandler
                0x0000000008007878                EXTI4_IRQHandler
                0x0000000008007878                RNG_IRQHandler
                0x0000000008007878                HRTIM1_TIMB_IRQHandler
                0x0000000008007878                FDCAN2_IT1_IRQHandler
                0x0000000008007878                ETH_IRQHandler
                0x0000000008007878                BDMA_Channel4_IRQHandler
                0x0000000008007878                OTG_HS_EP1_OUT_IRQHandler
                0x0000000008007878                WWDG_IRQHandler
                0x0000000008007878                SPI6_IRQHandler
                0x0000000008007878                MDIOS_IRQHandler
                0x0000000008007878                I2C4_EV_IRQHandler
                0x0000000008007878                FDCAN2_IT0_IRQHandler
                0x0000000008007878                LPUART1_IRQHandler
                0x0000000008007878                FDCAN1_IT0_IRQHandler
                0x0000000008007878                TIM2_IRQHandler
                0x0000000008007878                OTG_FS_WKUP_IRQHandler
                0x0000000008007878                OTG_HS_IRQHandler
                0x0000000008007878                DMA2D_IRQHandler
                0x0000000008007878                TIM1_BRK_IRQHandler
                0x0000000008007878                EXTI1_IRQHandler
                0x0000000008007878                SDMMC2_IRQHandler
                0x0000000008007878                OTG_FS_EP1_OUT_IRQHandler
                0x0000000008007878                BDMA_Channel3_IRQHandler
                0x0000000008007878                UART7_IRQHandler
                0x0000000008007878                MDIOS_WKUP_IRQHandler
                0x0000000008007878                USART2_IRQHandler
                0x0000000008007878                DFSDM1_FLT0_IRQHandler
                0x0000000008007878                SAI4_IRQHandler
                0x0000000008007878                I2C2_ER_IRQHandler
                0x0000000008007878                DMA2_Stream1_IRQHandler
                0x0000000008007878                FLASH_IRQHandler
                0x0000000008007878                DMA2_Stream4_IRQHandler
                0x0000000008007878                BusFault_Handler
                0x0000000008007878                USART1_IRQHandler
                0x0000000008007878                OTG_FS_IRQHandler
                0x0000000008007878                SPI3_IRQHandler
                0x0000000008007878                WAKEUP_PIN_IRQHandler
                0x0000000008007878                DMA1_Stream4_IRQHandler
                0x0000000008007878                OTG_FS_EP1_IN_IRQHandler
                0x0000000008007878                I2C1_ER_IRQHandler
                0x0000000008007878                FMC_IRQHandler
                0x0000000008007878                FDCAN_CAL_IRQHandler
                0x0000000008007878                SWPMI1_IRQHandler
                0x0000000008007878                COMP1_IRQHandler
                0x0000000008007878                LPTIM1_IRQHandler
                0x0000000008007878                I2C4_ER_IRQHandler
                0x0000000008007878                DMA2_Stream6_IRQHandler
                0x0000000008007878                SAI1_IRQHandler
                0x0000000008007878                DMA1_Stream3_IRQHandler
 *fill*         0x000000000800787a        0x2 
 .text.__errno  0x000000000800787c        0xc /home/zhonx/.opt/AC6/plugins/fr.ac6.mcu.externaltools.arm-none.linux64_1.15.0.201708311556/tools/compiler/bin/../lib/gcc/arm-none-eabi/6.3.1/../../../../arm-none-eabi/lib/thumb/v7e-m/fpv5/hard/libc_nano.a(lib_a-errno.o)
                0x000000000800787c                __errno
 .text.__libc_init_array
                0x0000000008007888       0x48 /home/zhonx/.opt/AC6/plugins/fr.ac6.mcu.externaltools.arm-none.linux64_1.15.0.201708311556/tools/compiler/bin/../lib/gcc/arm-none-eabi/6.3.1/../../../../arm-none-eabi/lib/thumb/v7e-m/fpv5/hard/libc_nano.a(lib_a-init.o)
                0x0000000008007888                __libc_init_array
 .text.memset   0x00000000080078d0       0x10 /home/zhonx/.opt/AC6/plugins/fr.ac6.mcu.externaltools.arm-none.linux64_1.15.0.201708311556/tools/compiler/bin/../lib/gcc/arm-none-eabi/6.3.1/../../../../arm-none-eabi/lib/thumb/v7e-m/fpv5/hard/libc_nano.a(lib_a-memset.o)
                0x00000000080078d0                memset
 .text.printf   0x00000000080078e0       0x30 /home/zhonx/.opt/AC6/plugins/fr.ac6.mcu.externaltools.arm-none.linux64_1.15.0.201708311556/tools/compiler/bin/../lib/gcc/arm-none-eabi/6.3.1/../../../../arm-none-eabi/lib/thumb/v7e-m/fpv5/hard/libc_nano.a(lib_a-printf.o)
                0x00000000080078e0                printf
                0x00000000080078e0                iprintf
 .text.putchar  0x0000000008007910       0x28 /home/zhonx/.opt/AC6/plugins/fr.ac6.mcu.externaltools.arm-none.linux64_1.15.0.201708311556/tools/compiler/bin/../lib/gcc/arm-none-eabi/6.3.1/../../../../arm-none-eabi/lib/thumb/v7e-m/fpv5/hard/libc_nano.a(lib_a-putchar.o)
                0x0000000008007910                putchar
 .text._puts_r  0x0000000008007938       0xb8 /home/zhonx/.opt/AC6/plugins/fr.ac6.mcu.externaltools.arm-none.linux64_1.15.0.201708311556/tools/compiler/bin/../lib/gcc/arm-none-eabi/6.3.1/../../../../arm-none-eabi/lib/thumb/v7e-m/fpv5/hard/libc_nano.a(lib_a-puts.o)
                0x0000000008007938                _puts_r
 .text.puts     0x00000000080079f0       0x10 /home/zhonx/.opt/AC6/plugins/fr.ac6.mcu.externaltools.arm-none.linux64_1.15.0.201708311556/tools/compiler/bin/../lib/gcc/arm-none-eabi/6.3.1/../../../../arm-none-eabi/lib/thumb/v7e-m/fpv5/hard/libc_nano.a(lib_a-puts.o)
                0x00000000080079f0                puts
 .text.__swbuf_r
                0x0000000008007a00       0xa4 /home/zhonx/.opt/AC6/plugins/fr.ac6.mcu.externaltools.arm-none.linux64_1.15.0.201708311556/tools/compiler/bin/../lib/gcc/arm-none-eabi/6.3.1/../../../../arm-none-eabi/lib/thumb/v7e-m/fpv5/hard/libc_nano.a(lib_a-wbuf.o)
                0x0000000008007a00                __swbuf_r
 .text.__swsetup_r
                0x0000000008007aa4       0xdc /home/zhonx/.opt/AC6/plugins/fr.ac6.mcu.externaltools.arm-none.linux64_1.15.0.201708311556/tools/compiler/bin/../lib/gcc/arm-none-eabi/6.3.1/../../../../arm-none-eabi/lib/thumb/v7e-m/fpv5/hard/libc_nano.a(lib_a-wsetup.o)
                0x0000000008007aa4                __swsetup_r
 .text.__sflush_r
                0x0000000008007b80      0x110 /home/zhonx/.opt/AC6/plugins/fr.ac6.mcu.externaltools.arm-none.linux64_1.15.0.201708311556/tools/compiler/bin/../lib/gcc/arm-none-eabi/6.3.1/../../../../arm-none-eabi/lib/thumb/v7e-m/fpv5/hard/libc_nano.a(lib_a-fflush.o)
                0x0000000008007b80                __sflush_r
 .text._fflush_r
                0x0000000008007c90       0x54 /home/zhonx/.opt/AC6/plugins/fr.ac6.mcu.externaltools.arm-none.linux64_1.15.0.201708311556/tools/compiler/bin/../lib/gcc/arm-none-eabi/6.3.1/../../../../arm-none-eabi/lib/thumb/v7e-m/fpv5/hard/libc_nano.a(lib_a-fflush.o)
                0x0000000008007c90                _fflush_r
 .text._cleanup_r
                0x0000000008007ce4        0xc /home/zhonx/.opt/AC6/plugins/fr.ac6.mcu.externaltools.arm-none.linux64_1.15.0.201708311556/tools/compiler/bin/../lib/gcc/arm-none-eabi/6.3.1/../../../../arm-none-eabi/lib/thumb/v7e-m/fpv5/hard/libc_nano.a(lib_a-findfp.o)
                0x0000000008007ce4                _cleanup_r
 .text.std.isra.0
                0x0000000008007cf0       0x48 /home/zhonx/.opt/AC6/plugins/fr.ac6.mcu.externaltools.arm-none.linux64_1.15.0.201708311556/tools/compiler/bin/../lib/gcc/arm-none-eabi/6.3.1/../../../../arm-none-eabi/lib/thumb/v7e-m/fpv5/hard/libc_nano.a(lib_a-findfp.o)
 .text.__sfmoreglue
                0x0000000008007d38       0x2c /home/zhonx/.opt/AC6/plugins/fr.ac6.mcu.externaltools.arm-none.linux64_1.15.0.201708311556/tools/compiler/bin/../lib/gcc/arm-none-eabi/6.3.1/../../../../arm-none-eabi/lib/thumb/v7e-m/fpv5/hard/libc_nano.a(lib_a-findfp.o)
                0x0000000008007d38                __sfmoreglue
 .text.__sinit  0x0000000008007d64       0x60 /home/zhonx/.opt/AC6/plugins/fr.ac6.mcu.externaltools.arm-none.linux64_1.15.0.201708311556/tools/compiler/bin/../lib/gcc/arm-none-eabi/6.3.1/../../../../arm-none-eabi/lib/thumb/v7e-m/fpv5/hard/libc_nano.a(lib_a-findfp.o)
                0x0000000008007d64                __sinit
 .text.__sfp    0x0000000008007dc4       0x78 /home/zhonx/.opt/AC6/plugins/fr.ac6.mcu.externaltools.arm-none.linux64_1.15.0.201708311556/tools/compiler/bin/../lib/gcc/arm-none-eabi/6.3.1/../../../../arm-none-eabi/lib/thumb/v7e-m/fpv5/hard/libc_nano.a(lib_a-findfp.o)
                0x0000000008007dc4                __sfp
 .text._fwalk_reent
                0x0000000008007e3c       0x3c /home/zhonx/.opt/AC6/plugins/fr.ac6.mcu.externaltools.arm-none.linux64_1.15.0.201708311556/tools/compiler/bin/../lib/gcc/arm-none-eabi/6.3.1/../../../../arm-none-eabi/lib/thumb/v7e-m/fpv5/hard/libc_nano.a(lib_a-fwalk.o)
                0x0000000008007e3c                _fwalk_reent
 .text.__swhatbuf_r
                0x0000000008007e78       0x48 /home/zhonx/.opt/AC6/plugins/fr.ac6.mcu.externaltools.arm-none.linux64_1.15.0.201708311556/tools/compiler/bin/../lib/gcc/arm-none-eabi/6.3.1/../../../../arm-none-eabi/lib/thumb/v7e-m/fpv5/hard/libc_nano.a(lib_a-makebuf.o)
                0x0000000008007e78                __swhatbuf_r
 .text.__smakebuf_r
                0x0000000008007ec0       0x80 /home/zhonx/.opt/AC6/plugins/fr.ac6.mcu.externaltools.arm-none.linux64_1.15.0.201708311556/tools/compiler/bin/../lib/gcc/arm-none-eabi/6.3.1/../../../../arm-none-eabi/lib/thumb/v7e-m/fpv5/hard/libc_nano.a(lib_a-makebuf.o)
                0x0000000008007ec0                __smakebuf_r
 .text._free_r  0x0000000008007f40       0x9c /home/zhonx/.opt/AC6/plugins/fr.ac6.mcu.externaltools.arm-none.linux64_1.15.0.201708311556/tools/compiler/bin/../lib/gcc/arm-none-eabi/6.3.1/../../../../arm-none-eabi/lib/thumb/v7e-m/fpv5/hard/libc_nano.a(lib_a-nano-freer.o)
                0x0000000008007f40                _free_r
 .text._malloc_r
                0x0000000008007fdc       0xbc /home/zhonx/.opt/AC6/plugins/fr.ac6.mcu.externaltools.arm-none.linux64_1.15.0.201708311556/tools/compiler/bin/../lib/gcc/arm-none-eabi/6.3.1/../../../../arm-none-eabi/lib/thumb/v7e-m/fpv5/hard/libc_nano.a(lib_a-nano-mallocr.o)
                0x0000000008007fdc                _malloc_r
 .text.__sfputc_r
                0x0000000008008098       0x30 /home/zhonx/.opt/AC6/plugins/fr.ac6.mcu.externaltools.arm-none.linux64_1.15.0.201708311556/tools/compiler/bin/../lib/gcc/arm-none-eabi/6.3.1/../../../../arm-none-eabi/lib/thumb/v7e-m/fpv5/hard/libc_nano.a(lib_a-nano-vfprintf.o)
 .text.__sfputs_r
                0x00000000080080c8       0x24 /home/zhonx/.opt/AC6/plugins/fr.ac6.mcu.externaltools.arm-none.linux64_1.15.0.201708311556/tools/compiler/bin/../lib/gcc/arm-none-eabi/6.3.1/../../../../arm-none-eabi/lib/thumb/v7e-m/fpv5/hard/libc_nano.a(lib_a-nano-vfprintf.o)
                0x00000000080080c8                __sfputs_r
 .text._vfprintf_r
                0x00000000080080ec      0x22c /home/zhonx/.opt/AC6/plugins/fr.ac6.mcu.externaltools.arm-none.linux64_1.15.0.201708311556/tools/compiler/bin/../lib/gcc/arm-none-eabi/6.3.1/../../../../arm-none-eabi/lib/thumb/v7e-m/fpv5/hard/libc_nano.a(lib_a-nano-vfprintf.o)
                0x00000000080080ec                _vfiprintf_r
                0x00000000080080ec                _vfprintf_r
 .text._printf_common
                0x0000000008008318       0xec /home/zhonx/.opt/AC6/plugins/fr.ac6.mcu.externaltools.arm-none.linux64_1.15.0.201708311556/tools/compiler/bin/../lib/gcc/arm-none-eabi/6.3.1/../../../../arm-none-eabi/lib/thumb/v7e-m/fpv5/hard/libc_nano.a(lib_a-nano-vfprintf_i.o)
                0x0000000008008318                _printf_common
 .text._printf_i
                0x0000000008008404      0x240 /home/zhonx/.opt/AC6/plugins/fr.ac6.mcu.externaltools.arm-none.linux64_1.15.0.201708311556/tools/compiler/bin/../lib/gcc/arm-none-eabi/6.3.1/../../../../arm-none-eabi/lib/thumb/v7e-m/fpv5/hard/libc_nano.a(lib_a-nano-vfprintf_i.o)
                0x0000000008008404                _printf_i
 .text._putc_r  0x0000000008008644       0x6c /home/zhonx/.opt/AC6/plugins/fr.ac6.mcu.externaltools.arm-none.linux64_1.15.0.201708311556/tools/compiler/bin/../lib/gcc/arm-none-eabi/6.3.1/../../../../arm-none-eabi/lib/thumb/v7e-m/fpv5/hard/libc_nano.a(lib_a-putc.o)
                0x0000000008008644                _putc_r
 .text._sbrk_r  0x00000000080086b0       0x20 /home/zhonx/.opt/AC6/plugins/fr.ac6.mcu.externaltools.arm-none.linux64_1.15.0.201708311556/tools/compiler/bin/../lib/gcc/arm-none-eabi/6.3.1/../../../../arm-none-eabi/lib/thumb/v7e-m/fpv5/hard/libc_nano.a(lib_a-sbrkr.o)
                0x00000000080086b0                _sbrk_r
 .text.__sread  0x00000000080086d0       0x22 /home/zhonx/.opt/AC6/plugins/fr.ac6.mcu.externaltools.arm-none.linux64_1.15.0.201708311556/tools/compiler/bin/../lib/gcc/arm-none-eabi/6.3.1/../../../../arm-none-eabi/lib/thumb/v7e-m/fpv5/hard/libc_nano.a(lib_a-stdio.o)
                0x00000000080086d0                __sread
 .text.__swrite
                0x00000000080086f2       0x38 /home/zhonx/.opt/AC6/plugins/fr.ac6.mcu.externaltools.arm-none.linux64_1.15.0.201708311556/tools/compiler/bin/../lib/gcc/arm-none-eabi/6.3.1/../../../../arm-none-eabi/lib/thumb/v7e-m/fpv5/hard/libc_nano.a(lib_a-stdio.o)
                0x00000000080086f2                __swrite
 .text.__sseek  0x000000000800872a       0x24 /home/zhonx/.opt/AC6/plugins/fr.ac6.mcu.externaltools.arm-none.linux64_1.15.0.201708311556/tools/compiler/bin/../lib/gcc/arm-none-eabi/6.3.1/../../../../arm-none-eabi/lib/thumb/v7e-m/fpv5/hard/libc_nano.a(lib_a-stdio.o)
                0x000000000800872a                __sseek
 .text.__sclose
                0x000000000800874e        0x8 /home/zhonx/.opt/AC6/plugins/fr.ac6.mcu.externaltools.arm-none.linux64_1.15.0.201708311556/tools/compiler/bin/../lib/gcc/arm-none-eabi/6.3.1/../../../../arm-none-eabi/lib/thumb/v7e-m/fpv5/hard/libc_nano.a(lib_a-stdio.o)
                0x000000000800874e                __sclose
 *fill*         0x0000000008008756        0x2 
 .text._write_r
                0x0000000008008758       0x24 /home/zhonx/.opt/AC6/plugins/fr.ac6.mcu.externaltools.arm-none.linux64_1.15.0.201708311556/tools/compiler/bin/../lib/gcc/arm-none-eabi/6.3.1/../../../../arm-none-eabi/lib/thumb/v7e-m/fpv5/hard/libc_nano.a(lib_a-writer.o)
                0x0000000008008758                _write_r
 .text._close_r
                0x000000000800877c       0x20 /home/zhonx/.opt/AC6/plugins/fr.ac6.mcu.externaltools.arm-none.linux64_1.15.0.201708311556/tools/compiler/bin/../lib/gcc/arm-none-eabi/6.3.1/../../../../arm-none-eabi/lib/thumb/v7e-m/fpv5/hard/libc_nano.a(lib_a-closer.o)
                0x000000000800877c                _close_r
 .text._fstat_r
                0x000000000800879c       0x24 /home/zhonx/.opt/AC6/plugins/fr.ac6.mcu.externaltools.arm-none.linux64_1.15.0.201708311556/tools/compiler/bin/../lib/gcc/arm-none-eabi/6.3.1/../../../../arm-none-eabi/lib/thumb/v7e-m/fpv5/hard/libc_nano.a(lib_a-fstatr.o)
                0x000000000800879c                _fstat_r
 .text._isatty_r
                0x00000000080087c0       0x20 /home/zhonx/.opt/AC6/plugins/fr.ac6.mcu.externaltools.arm-none.linux64_1.15.0.201708311556/tools/compiler/bin/../lib/gcc/arm-none-eabi/6.3.1/../../../../arm-none-eabi/lib/thumb/v7e-m/fpv5/hard/libc_nano.a(lib_a-isattyr.o)
                0x00000000080087c0                _isatty_r
 .text._lseek_r
                0x00000000080087e0       0x24 /home/zhonx/.opt/AC6/plugins/fr.ac6.mcu.externaltools.arm-none.linux64_1.15.0.201708311556/tools/compiler/bin/../lib/gcc/arm-none-eabi/6.3.1/../../../../arm-none-eabi/lib/thumb/v7e-m/fpv5/hard/libc_nano.a(lib_a-lseekr.o)
                0x00000000080087e0                _lseek_r
 .text.__malloc_lock
                0x0000000008008804        0x2 /home/zhonx/.opt/AC6/plugins/fr.ac6.mcu.externaltools.arm-none.linux64_1.15.0.201708311556/tools/compiler/bin/../lib/gcc/arm-none-eabi/6.3.1/../../../../arm-none-eabi/lib/thumb/v7e-m/fpv5/hard/libc_nano.a(lib_a-mlock.o)
                0x0000000008008804                __malloc_lock
 .text.__malloc_unlock
                0x0000000008008806        0x2 /home/zhonx/.opt/AC6/plugins/fr.ac6.mcu.externaltools.arm-none.linux64_1.15.0.201708311556/tools/compiler/bin/../lib/gcc/arm-none-eabi/6.3.1/../../../../arm-none-eabi/lib/thumb/v7e-m/fpv5/hard/libc_nano.a(lib_a-mlock.o)
                0x0000000008008806                __malloc_unlock
 .text._read_r  0x0000000008008808       0x24 /home/zhonx/.opt/AC6/plugins/fr.ac6.mcu.externaltools.arm-none.linux64_1.15.0.201708311556/tools/compiler/bin/../lib/gcc/arm-none-eabi/6.3.1/../../../../arm-none-eabi/lib/thumb/v7e-m/fpv5/hard/libc_nano.a(lib_a-readr.o)
                0x0000000008008808                _read_r
 *(.glue_7)
 .glue_7        0x000000000800882c        0x0 linker stubs
 *(.glue_7t)
 .glue_7t       0x000000000800882c        0x0 linker stubs
 *(.eh_frame)
 .eh_frame      0x000000000800882c        0x0 /home/zhonx/.opt/AC6/plugins/fr.ac6.mcu.externaltools.arm-none.linux64_1.15.0.201708311556/tools/compiler/bin/../lib/gcc/arm-none-eabi/6.3.1/thumb/v7e-m/fpv5/hard/crtbegin.o
 *(.init)
 .init          0x000000000800882c        0x4 /home/zhonx/.opt/AC6/plugins/fr.ac6.mcu.externaltools.arm-none.linux64_1.15.0.201708311556/tools/compiler/bin/../lib/gcc/arm-none-eabi/6.3.1/thumb/v7e-m/fpv5/hard/crti.o
                0x000000000800882c                _init
 .init          0x0000000008008830        0x8 /home/zhonx/.opt/AC6/plugins/fr.ac6.mcu.externaltools.arm-none.linux64_1.15.0.201708311556/tools/compiler/bin/../lib/gcc/arm-none-eabi/6.3.1/thumb/v7e-m/fpv5/hard/crtn.o
 *(.fini)
 .fini          0x0000000008008838        0x4 /home/zhonx/.opt/AC6/plugins/fr.ac6.mcu.externaltools.arm-none.linux64_1.15.0.201708311556/tools/compiler/bin/../lib/gcc/arm-none-eabi/6.3.1/thumb/v7e-m/fpv5/hard/crti.o
                0x0000000008008838                _fini
 .fini          0x000000000800883c        0x8 /home/zhonx/.opt/AC6/plugins/fr.ac6.mcu.externaltools.arm-none.linux64_1.15.0.201708311556/tools/compiler/bin/../lib/gcc/arm-none-eabi/6.3.1/thumb/v7e-m/fpv5/hard/crtn.o
                0x0000000008008844                . = ALIGN (0x4)
                0x0000000008008844                _etext = .

.vfp11_veneer   0x0000000008008844        0x0
 .vfp11_veneer  0x0000000008008844        0x0 linker stubs

.v4_bx          0x0000000008008844        0x0
 .v4_bx         0x0000000008008844        0x0 linker stubs

.iplt           0x0000000008008844        0x0
 .iplt          0x0000000008008844        0x0 /home/zhonx/.opt/AC6/plugins/fr.ac6.mcu.externaltools.arm-none.linux64_1.15.0.201708311556/tools/compiler/bin/../lib/gcc/arm-none-eabi/6.3.1/thumb/v7e-m/fpv5/hard/crtbegin.o

.rodata         0x0000000008008844      0x1b4
                0x0000000008008844                . = ALIGN (0x4)
 *(.rodata)
 .rodata        0x0000000008008844        0x8 Drivers/STM32H7xx_HAL_Driver/Src/stm32h7xx_hal_dma.o
 .rodata        0x000000000800884c       0x18 Drivers/STM32H7xx_HAL_Driver/Src/stm32h7xx_hal_hrtim.o
 .rodata        0x0000000008008864       0x54 Drivers/STM32H7xx_HAL_Driver/Src/stm32h7xx_hal_uart.o
 .rodata        0x00000000080088b8       0x10 Src/system_stm32h7xx.o
                0x00000000080088b8                D1CorePrescTable
 *(.rodata*)
 .rodata.str1.4
                0x00000000080088c8        0xd Src/adc.o
 *fill*         0x00000000080088d5        0x3 
 .rodata.str1.4
                0x00000000080088d8       0x21 Src/cis.o
 *fill*         0x00000000080088f9        0x3 
 .rodata.str1.4
                0x00000000080088fc        0xd Src/dac.o
 *fill*         0x0000000008008909        0x3 
 .rodata.str1.4
                0x000000000800890c        0xf Src/hrtim.o
 *fill*         0x000000000800891b        0x1 
 .rodata.str1.4
                0x000000000800891c        0xf Src/main.o
 *fill*         0x000000000800892b        0x1 
 .rodata.str1.4
                0x000000000800892c        0xd Src/tim.o
 *fill*         0x0000000008008939        0x3 
 .rodata.str1.4
                0x000000000800893c        0xf Src/usart.o
 *fill*         0x000000000800894b        0x1 
 .rodata.str1.4
                0x000000000800894c       0x14 Src/usb_otg.o
                                         0x11 (size before relaxing)
 .rodata._global_impure_ptr
                0x0000000008008960        0x4 /home/zhonx/.opt/AC6/plugins/fr.ac6.mcu.externaltools.arm-none.linux64_1.15.0.201708311556/tools/compiler/bin/../lib/gcc/arm-none-eabi/6.3.1/../../../../arm-none-eabi/lib/thumb/v7e-m/fpv5/hard/libc_nano.a(lib_a-impure.o)
                0x0000000008008960                _global_impure_ptr
 .rodata.__sf_fake_stderr
                0x0000000008008964       0x20 /home/zhonx/.opt/AC6/plugins/fr.ac6.mcu.externaltools.arm-none.linux64_1.15.0.201708311556/tools/compiler/bin/../lib/gcc/arm-none-eabi/6.3.1/../../../../arm-none-eabi/lib/thumb/v7e-m/fpv5/hard/libc_nano.a(lib_a-findfp.o)
                0x0000000008008964                __sf_fake_stderr
 .rodata.__sf_fake_stdin
                0x0000000008008984       0x20 /home/zhonx/.opt/AC6/plugins/fr.ac6.mcu.externaltools.arm-none.linux64_1.15.0.201708311556/tools/compiler/bin/../lib/gcc/arm-none-eabi/6.3.1/../../../../arm-none-eabi/lib/thumb/v7e-m/fpv5/hard/libc_nano.a(lib_a-findfp.o)
                0x0000000008008984                __sf_fake_stdin
 .rodata.__sf_fake_stdout
                0x00000000080089a4       0x20 /home/zhonx/.opt/AC6/plugins/fr.ac6.mcu.externaltools.arm-none.linux64_1.15.0.201708311556/tools/compiler/bin/../lib/gcc/arm-none-eabi/6.3.1/../../../../arm-none-eabi/lib/thumb/v7e-m/fpv5/hard/libc_nano.a(lib_a-findfp.o)
                0x00000000080089a4                __sf_fake_stdout
 .rodata._vfprintf_r.str1.1
                0x00000000080089c4       0x11 /home/zhonx/.opt/AC6/plugins/fr.ac6.mcu.externaltools.arm-none.linux64_1.15.0.201708311556/tools/compiler/bin/../lib/gcc/arm-none-eabi/6.3.1/../../../../arm-none-eabi/lib/thumb/v7e-m/fpv5/hard/libc_nano.a(lib_a-nano-vfprintf.o)
 .rodata._printf_i.str1.1
                0x00000000080089d5       0x22 /home/zhonx/.opt/AC6/plugins/fr.ac6.mcu.externaltools.arm-none.linux64_1.15.0.201708311556/tools/compiler/bin/../lib/gcc/arm-none-eabi/6.3.1/../../../../arm-none-eabi/lib/thumb/v7e-m/fpv5/hard/libc_nano.a(lib_a-nano-vfprintf_i.o)
                0x00000000080089f8                . = ALIGN (0x4)
 *fill*         0x00000000080089f7        0x1 

.ARM.extab
 *(.ARM.extab* .gnu.linkonce.armextab.*)

.ARM            0x00000000080089f8        0x8
                0x00000000080089f8                __exidx_start = .
 *(.ARM.exidx*)
 .ARM.exidx     0x00000000080089f8        0x8 /home/zhonx/.opt/AC6/plugins/fr.ac6.mcu.externaltools.arm-none.linux64_1.15.0.201708311556/tools/compiler/bin/../lib/gcc/arm-none-eabi/6.3.1/thumb/v7e-m/fpv5/hard/libgcc.a(_udivmoddi4.o)
                0x0000000008008a00                __exidx_end = .

.rel.dyn        0x0000000008008a00        0x0
 .rel.iplt      0x0000000008008a00        0x0 /home/zhonx/.opt/AC6/plugins/fr.ac6.mcu.externaltools.arm-none.linux64_1.15.0.201708311556/tools/compiler/bin/../lib/gcc/arm-none-eabi/6.3.1/thumb/v7e-m/fpv5/hard/crtbegin.o

.preinit_array  0x0000000008008a00        0x0
                0x0000000008008a00                PROVIDE (__preinit_array_start, .)
 *(.preinit_array*)
                0x0000000008008a00                PROVIDE (__preinit_array_end, .)

.init_array     0x0000000008008a00        0x4
                0x0000000008008a00                PROVIDE (__init_array_start, .)
 *(SORT(.init_array.*))
 *(.init_array*)
 .init_array    0x0000000008008a00        0x4 /home/zhonx/.opt/AC6/plugins/fr.ac6.mcu.externaltools.arm-none.linux64_1.15.0.201708311556/tools/compiler/bin/../lib/gcc/arm-none-eabi/6.3.1/thumb/v7e-m/fpv5/hard/crtbegin.o
                0x0000000008008a04                PROVIDE (__init_array_end, .)

.fini_array     0x0000000008008a04        0x4
                [!provide]                        PROVIDE (__fini_array_start, .)
 *(SORT(.fini_array.*))
 *(.fini_array*)
 .fini_array    0x0000000008008a04        0x4 /home/zhonx/.opt/AC6/plugins/fr.ac6.mcu.externaltools.arm-none.linux64_1.15.0.201708311556/tools/compiler/bin/../lib/gcc/arm-none-eabi/6.3.1/thumb/v7e-m/fpv5/hard/crtbegin.o
                [!provide]                        PROVIDE (__fini_array_end, .)
                0x0000000008008a08                _sidata = LOADADDR (.data)

.data           0x0000000024000000       0x78 load address 0x0000000008008a08
                0x0000000024000000                . = ALIGN (0x4)
                0x0000000024000000                _sdata = .
 *(.data)
 .data          0x0000000024000000        0x8 Drivers/STM32H7xx_HAL_Driver/Src/stm32h7xx_hal.o
 .data          0x0000000024000008        0x2 Src/cis.o
 *fill*         0x000000002400000a        0x2 
 .data          0x000000002400000c        0x8 Src/system_stm32h7xx.o
                0x000000002400000c                SystemCoreClock
                0x0000000024000010                SystemD2Clock
 *(.data*)
 .data._impure_ptr
                0x0000000024000014        0x4 /home/zhonx/.opt/AC6/plugins/fr.ac6.mcu.externaltools.arm-none.linux64_1.15.0.201708311556/tools/compiler/bin/../lib/gcc/arm-none-eabi/6.3.1/../../../../arm-none-eabi/lib/thumb/v7e-m/fpv5/hard/libc_nano.a(lib_a-impure.o)
                0x0000000024000014                _impure_ptr
 .data.impure_data
                0x0000000024000018       0x60 /home/zhonx/.opt/AC6/plugins/fr.ac6.mcu.externaltools.arm-none.linux64_1.15.0.201708311556/tools/compiler/bin/../lib/gcc/arm-none-eabi/6.3.1/../../../../arm-none-eabi/lib/thumb/v7e-m/fpv5/hard/libc_nano.a(lib_a-impure.o)
                0x0000000024000078                . = ALIGN (0x4)
                0x0000000024000078                _edata = .

.jcr            0x0000000024000078        0x0 load address 0x0000000008008a80
 .jcr           0x0000000024000078        0x0 /home/zhonx/.opt/AC6/plugins/fr.ac6.mcu.externaltools.arm-none.linux64_1.15.0.201708311556/tools/compiler/bin/../lib/gcc/arm-none-eabi/6.3.1/thumb/v7e-m/fpv5/hard/crtbegin.o

.igot.plt       0x0000000024000078        0x0 load address 0x0000000008008a80
 .igot.plt      0x0000000024000078        0x0 /home/zhonx/.opt/AC6/plugins/fr.ac6.mcu.externaltools.arm-none.linux64_1.15.0.201708311556/tools/compiler/bin/../lib/gcc/arm-none-eabi/6.3.1/thumb/v7e-m/fpv5/hard/crtbegin.o
                0x0000000024000078                . = ALIGN (0x4)

.bss            0x0000000024000078     0x5814 load address 0x0000000008008a80
                0x0000000024000078                _sbss = .
                0x0000000024000078                __bss_start__ = _sbss
 *(.bss)
 .bss           0x0000000024000078       0x1c /home/zhonx/.opt/AC6/plugins/fr.ac6.mcu.externaltools.arm-none.linux64_1.15.0.201708311556/tools/compiler/bin/../lib/gcc/arm-none-eabi/6.3.1/thumb/v7e-m/fpv5/hard/crtbegin.o
 .bss           0x0000000024000094        0x4 Drivers/STM32H7xx_HAL_Driver/Src/stm32h7xx_hal.o
 .bss           0x0000000024000098     0x4fe4 Src/cis.o
                0x00000000240000a0                aADCxConvertedData
 .bss           0x000000002400507c        0x8 Src/syscalls.o
                0x0000000024005080                __env
 *(.bss*)
 .bss.__malloc_free_list
                0x0000000024005084        0x4 /home/zhonx/.opt/AC6/plugins/fr.ac6.mcu.externaltools.arm-none.linux64_1.15.0.201708311556/tools/compiler/bin/../lib/gcc/arm-none-eabi/6.3.1/../../../../arm-none-eabi/lib/thumb/v7e-m/fpv5/hard/libc_nano.a(lib_a-nano-mallocr.o)
                0x0000000024005084                __malloc_free_list
 .bss.__malloc_sbrk_start
                0x0000000024005088        0x4 /home/zhonx/.opt/AC6/plugins/fr.ac6.mcu.externaltools.arm-none.linux64_1.15.0.201708311556/tools/compiler/bin/../lib/gcc/arm-none-eabi/6.3.1/../../../../arm-none-eabi/lib/thumb/v7e-m/fpv5/hard/libc_nano.a(lib_a-nano-mallocr.o)
                0x0000000024005088                __malloc_sbrk_start
 *(COMMON)
 COMMON         0x000000002400508c       0xdc Src/adc.o
                0x000000002400508c                hadc1
                0x00000000240050f0                hdma_adc1
 COMMON         0x0000000024005168       0x8c Src/dac.o
                0x0000000024005168                hdac1
                0x000000002400517c                hdma_dac1_ch1
 COMMON         0x00000000240051f4       0xdc Src/hrtim.o
                0x00000000240051f4                hhrtim
 COMMON         0x00000000240052d0       0xc0 Src/tim.o
                0x00000000240052d0                htim15
                0x0000000024005310                htim6
                0x0000000024005350                htim1
 COMMON         0x0000000024005390       0xf8 Src/usart.o
                0x0000000024005390                huart3
                0x0000000024005410                hdma_usart3_tx
 COMMON         0x0000000024005488      0x400 Src/usb_otg.o
                0x0000000024005488                hpcd_USB_OTG_FS
 COMMON         0x0000000024005888        0x4 /home/zhonx/.opt/AC6/plugins/fr.ac6.mcu.externaltools.arm-none.linux64_1.15.0.201708311556/tools/compiler/bin/../lib/gcc/arm-none-eabi/6.3.1/../../../../arm-none-eabi/lib/thumb/v7e-m/fpv5/hard/libc_nano.a(lib_a-reent.o)
                0x0000000024005888                errno
                0x000000002400588c                . = ALIGN (0x4)
                0x000000002400588c                _ebss = .
                0x000000002400588c                __bss_end__ = _ebss

._user_heap_stack
                0x000000002400588c      0x604 load address 0x0000000008008a80
                0x0000000024005890                . = ALIGN (0x8)
 *fill*         0x000000002400588c        0x4 
                0x0000000024005890                PROVIDE (end, .)
                [!provide]                        PROVIDE (_end, .)
                0x0000000024005a90                . = (. + _Min_Heap_Size)
 *fill*         0x0000000024005890      0x200 
                0x0000000024005e90                . = (. + _Min_Stack_Size)
 *fill*         0x0000000024005a90      0x400 
                0x0000000024005e90                . = ALIGN (0x8)

/DISCARD/
 libc.a(*)
 libm.a(*)
 libgcc.a(*)

.ARM.attributes
                0x0000000000000000       0x2e
 *(.ARM.attributes)
 .ARM.attributes
                0x0000000000000000       0x20 /home/zhonx/.opt/AC6/plugins/fr.ac6.mcu.externaltools.arm-none.linux64_1.15.0.201708311556/tools/compiler/bin/../lib/gcc/arm-none-eabi/6.3.1/thumb/v7e-m/fpv5/hard/crti.o
 .ARM.attributes
                0x0000000000000020       0x32 /home/zhonx/.opt/AC6/plugins/fr.ac6.mcu.externaltools.arm-none.linux64_1.15.0.201708311556/tools/compiler/bin/../lib/gcc/arm-none-eabi/6.3.1/thumb/v7e-m/fpv5/hard/crtbegin.o
 .ARM.attributes
                0x0000000000000052       0x37 Drivers/STM32H7xx_HAL_Driver/Src/stm32h7xx_hal.o
 .ARM.attributes
                0x0000000000000089       0x37 Drivers/STM32H7xx_HAL_Driver/Src/stm32h7xx_hal_adc.o
 .ARM.attributes
                0x00000000000000c0       0x37 Drivers/STM32H7xx_HAL_Driver/Src/stm32h7xx_hal_adc_ex.o
 .ARM.attributes
                0x00000000000000f7       0x37 Drivers/STM32H7xx_HAL_Driver/Src/stm32h7xx_hal_cortex.o
 .ARM.attributes
                0x000000000000012e       0x37 Drivers/STM32H7xx_HAL_Driver/Src/stm32h7xx_hal_dac.o
 .ARM.attributes
                0x0000000000000165       0x37 Drivers/STM32H7xx_HAL_Driver/Src/stm32h7xx_hal_dac_ex.o
 .ARM.attributes
                0x000000000000019c       0x37 Drivers/STM32H7xx_HAL_Driver/Src/stm32h7xx_hal_dma.o
 .ARM.attributes
                0x00000000000001d3       0x37 Drivers/STM32H7xx_HAL_Driver/Src/stm32h7xx_hal_gpio.o
 .ARM.attributes
                0x000000000000020a       0x37 Drivers/STM32H7xx_HAL_Driver/Src/stm32h7xx_hal_hrtim.o
 .ARM.attributes
                0x0000000000000241       0x37 Drivers/STM32H7xx_HAL_Driver/Src/stm32h7xx_hal_pcd.o
 .ARM.attributes
                0x0000000000000278       0x37 Drivers/STM32H7xx_HAL_Driver/Src/stm32h7xx_hal_pcd_ex.o
 .ARM.attributes
                0x00000000000002af       0x37 Drivers/STM32H7xx_HAL_Driver/Src/stm32h7xx_hal_rcc.o
 .ARM.attributes
                0x00000000000002e6       0x37 Drivers/STM32H7xx_HAL_Driver/Src/stm32h7xx_hal_rcc_ex.o
 .ARM.attributes
                0x000000000000031d       0x37 Drivers/STM32H7xx_HAL_Driver/Src/stm32h7xx_hal_tim.o
 .ARM.attributes
                0x0000000000000354       0x37 Drivers/STM32H7xx_HAL_Driver/Src/stm32h7xx_hal_tim_ex.o
 .ARM.attributes
                0x000000000000038b       0x37 Drivers/STM32H7xx_HAL_Driver/Src/stm32h7xx_hal_uart.o
 .ARM.attributes
                0x00000000000003c2       0x37 Drivers/STM32H7xx_HAL_Driver/Src/stm32h7xx_ll_usb.o
 .ARM.attributes
                0x00000000000003f9       0x37 Src/adc.o
 .ARM.attributes
                0x0000000000000430       0x37 Src/cis.o
 .ARM.attributes
                0x0000000000000467       0x37 Src/dac.o
 .ARM.attributes
                0x000000000000049e       0x37 Src/dma.o
 .ARM.attributes
                0x00000000000004d5       0x37 Src/gpio.o
 .ARM.attributes
                0x000000000000050c       0x37 Src/hrtim.o
 .ARM.attributes
                0x0000000000000543       0x37 Src/main.o
 .ARM.attributes
                0x000000000000057a       0x37 Src/stm32h7xx_hal_msp.o
 .ARM.attributes
                0x00000000000005b1       0x37 Src/stm32h7xx_it.o
 .ARM.attributes
                0x00000000000005e8       0x37 Src/syscalls.o
 .ARM.attributes
                0x000000000000061f       0x37 Src/system_stm32h7xx.o
 .ARM.attributes
                0x0000000000000656       0x37 Src/tim.o
 .ARM.attributes
                0x000000000000068d       0x37 Src/usart.o
 .ARM.attributes
                0x00000000000006c4       0x37 Src/usb_otg.o
 .ARM.attributes
                0x00000000000006fb       0x21 startup/startup_stm32h743xx.o
 .ARM.attributes
                0x000000000000071c       0x20 /home/zhonx/.opt/AC6/plugins/fr.ac6.mcu.externaltools.arm-none.linux64_1.15.0.201708311556/tools/compiler/bin/../lib/gcc/arm-none-eabi/6.3.1/thumb/v7e-m/fpv5/hard/libgcc.a(_aeabi_uldivmod.o)
 .ARM.attributes
                0x000000000000073c       0x32 /home/zhonx/.opt/AC6/plugins/fr.ac6.mcu.externaltools.arm-none.linux64_1.15.0.201708311556/tools/compiler/bin/../lib/gcc/arm-none-eabi/6.3.1/thumb/v7e-m/fpv5/hard/libgcc.a(_udivmoddi4.o)
 .ARM.attributes
                0x000000000000076e       0x20 /home/zhonx/.opt/AC6/plugins/fr.ac6.mcu.externaltools.arm-none.linux64_1.15.0.201708311556/tools/compiler/bin/../lib/gcc/arm-none-eabi/6.3.1/thumb/v7e-m/fpv5/hard/libgcc.a(_dvmd_tls.o)
 .ARM.attributes
                0x000000000000078e       0x32 /home/zhonx/.opt/AC6/plugins/fr.ac6.mcu.externaltools.arm-none.linux64_1.15.0.201708311556/tools/compiler/bin/../lib/gcc/arm-none-eabi/6.3.1/../../../../arm-none-eabi/lib/thumb/v7e-m/fpv5/hard/libc_nano.a(lib_a-errno.o)
 .ARM.attributes
                0x00000000000007c0       0x32 /home/zhonx/.opt/AC6/plugins/fr.ac6.mcu.externaltools.arm-none.linux64_1.15.0.201708311556/tools/compiler/bin/../lib/gcc/arm-none-eabi/6.3.1/../../../../arm-none-eabi/lib/thumb/v7e-m/fpv5/hard/libc_nano.a(lib_a-impure.o)
 .ARM.attributes
                0x00000000000007f2       0x32 /home/zhonx/.opt/AC6/plugins/fr.ac6.mcu.externaltools.arm-none.linux64_1.15.0.201708311556/tools/compiler/bin/../lib/gcc/arm-none-eabi/6.3.1/../../../../arm-none-eabi/lib/thumb/v7e-m/fpv5/hard/libc_nano.a(lib_a-init.o)
 .ARM.attributes
                0x0000000000000824       0x32 /home/zhonx/.opt/AC6/plugins/fr.ac6.mcu.externaltools.arm-none.linux64_1.15.0.201708311556/tools/compiler/bin/../lib/gcc/arm-none-eabi/6.3.1/../../../../arm-none-eabi/lib/thumb/v7e-m/fpv5/hard/libc_nano.a(lib_a-memset.o)
 .ARM.attributes
                0x0000000000000856       0x32 /home/zhonx/.opt/AC6/plugins/fr.ac6.mcu.externaltools.arm-none.linux64_1.15.0.201708311556/tools/compiler/bin/../lib/gcc/arm-none-eabi/6.3.1/../../../../arm-none-eabi/lib/thumb/v7e-m/fpv5/hard/libc_nano.a(lib_a-printf.o)
 .ARM.attributes
                0x0000000000000888       0x32 /home/zhonx/.opt/AC6/plugins/fr.ac6.mcu.externaltools.arm-none.linux64_1.15.0.201708311556/tools/compiler/bin/../lib/gcc/arm-none-eabi/6.3.1/../../../../arm-none-eabi/lib/thumb/v7e-m/fpv5/hard/libc_nano.a(lib_a-putchar.o)
 .ARM.attributes
                0x00000000000008ba       0x32 /home/zhonx/.opt/AC6/plugins/fr.ac6.mcu.externaltools.arm-none.linux64_1.15.0.201708311556/tools/compiler/bin/../lib/gcc/arm-none-eabi/6.3.1/../../../../arm-none-eabi/lib/thumb/v7e-m/fpv5/hard/libc_nano.a(lib_a-puts.o)
 .ARM.attributes
                0x00000000000008ec       0x32 /home/zhonx/.opt/AC6/plugins/fr.ac6.mcu.externaltools.arm-none.linux64_1.15.0.201708311556/tools/compiler/bin/../lib/gcc/arm-none-eabi/6.3.1/../../../../arm-none-eabi/lib/thumb/v7e-m/fpv5/hard/libc_nano.a(lib_a-wbuf.o)
 .ARM.attributes
                0x000000000000091e       0x32 /home/zhonx/.opt/AC6/plugins/fr.ac6.mcu.externaltools.arm-none.linux64_1.15.0.201708311556/tools/compiler/bin/../lib/gcc/arm-none-eabi/6.3.1/../../../../arm-none-eabi/lib/thumb/v7e-m/fpv5/hard/libc_nano.a(lib_a-wsetup.o)
 .ARM.attributes
                0x0000000000000950       0x32 /home/zhonx/.opt/AC6/plugins/fr.ac6.mcu.externaltools.arm-none.linux64_1.15.0.201708311556/tools/compiler/bin/../lib/gcc/arm-none-eabi/6.3.1/../../../../arm-none-eabi/lib/thumb/v7e-m/fpv5/hard/libc_nano.a(lib_a-fflush.o)
 .ARM.attributes
                0x0000000000000982       0x32 /home/zhonx/.opt/AC6/plugins/fr.ac6.mcu.externaltools.arm-none.linux64_1.15.0.201708311556/tools/compiler/bin/../lib/gcc/arm-none-eabi/6.3.1/../../../../arm-none-eabi/lib/thumb/v7e-m/fpv5/hard/libc_nano.a(lib_a-findfp.o)
 .ARM.attributes
                0x00000000000009b4       0x32 /home/zhonx/.opt/AC6/plugins/fr.ac6.mcu.externaltools.arm-none.linux64_1.15.0.201708311556/tools/compiler/bin/../lib/gcc/arm-none-eabi/6.3.1/../../../../arm-none-eabi/lib/thumb/v7e-m/fpv5/hard/libc_nano.a(lib_a-fwalk.o)
 .ARM.attributes
                0x00000000000009e6       0x32 /home/zhonx/.opt/AC6/plugins/fr.ac6.mcu.externaltools.arm-none.linux64_1.15.0.201708311556/tools/compiler/bin/../lib/gcc/arm-none-eabi/6.3.1/../../../../arm-none-eabi/lib/thumb/v7e-m/fpv5/hard/libc_nano.a(lib_a-makebuf.o)
 .ARM.attributes
                0x0000000000000a18       0x32 /home/zhonx/.opt/AC6/plugins/fr.ac6.mcu.externaltools.arm-none.linux64_1.15.0.201708311556/tools/compiler/bin/../lib/gcc/arm-none-eabi/6.3.1/../../../../arm-none-eabi/lib/thumb/v7e-m/fpv5/hard/libc_nano.a(lib_a-nano-freer.o)
 .ARM.attributes
                0x0000000000000a4a       0x32 /home/zhonx/.opt/AC6/plugins/fr.ac6.mcu.externaltools.arm-none.linux64_1.15.0.201708311556/tools/compiler/bin/../lib/gcc/arm-none-eabi/6.3.1/../../../../arm-none-eabi/lib/thumb/v7e-m/fpv5/hard/libc_nano.a(lib_a-nano-mallocr.o)
 .ARM.attributes
                0x0000000000000a7c       0x32 /home/zhonx/.opt/AC6/plugins/fr.ac6.mcu.externaltools.arm-none.linux64_1.15.0.201708311556/tools/compiler/bin/../lib/gcc/arm-none-eabi/6.3.1/../../../../arm-none-eabi/lib/thumb/v7e-m/fpv5/hard/libc_nano.a(lib_a-nano-vfprintf.o)
 .ARM.attributes
                0x0000000000000aae       0x32 /home/zhonx/.opt/AC6/plugins/fr.ac6.mcu.externaltools.arm-none.linux64_1.15.0.201708311556/tools/compiler/bin/../lib/gcc/arm-none-eabi/6.3.1/../../../../arm-none-eabi/lib/thumb/v7e-m/fpv5/hard/libc_nano.a(lib_a-nano-vfprintf_i.o)
 .ARM.attributes
                0x0000000000000ae0       0x32 /home/zhonx/.opt/AC6/plugins/fr.ac6.mcu.externaltools.arm-none.linux64_1.15.0.201708311556/tools/compiler/bin/../lib/gcc/arm-none-eabi/6.3.1/../../../../arm-none-eabi/lib/thumb/v7e-m/fpv5/hard/libc_nano.a(lib_a-putc.o)
 .ARM.attributes
                0x0000000000000b12       0x32 /home/zhonx/.opt/AC6/plugins/fr.ac6.mcu.externaltools.arm-none.linux64_1.15.0.201708311556/tools/compiler/bin/../lib/gcc/arm-none-eabi/6.3.1/../../../../arm-none-eabi/lib/thumb/v7e-m/fpv5/hard/libc_nano.a(lib_a-sbrkr.o)
 .ARM.attributes
                0x0000000000000b44       0x32 /home/zhonx/.opt/AC6/plugins/fr.ac6.mcu.externaltools.arm-none.linux64_1.15.0.201708311556/tools/compiler/bin/../lib/gcc/arm-none-eabi/6.3.1/../../../../arm-none-eabi/lib/thumb/v7e-m/fpv5/hard/libc_nano.a(lib_a-stdio.o)
 .ARM.attributes
                0x0000000000000b76       0x32 /home/zhonx/.opt/AC6/plugins/fr.ac6.mcu.externaltools.arm-none.linux64_1.15.0.201708311556/tools/compiler/bin/../lib/gcc/arm-none-eabi/6.3.1/../../../../arm-none-eabi/lib/thumb/v7e-m/fpv5/hard/libc_nano.a(lib_a-writer.o)
 .ARM.attributes
                0x0000000000000ba8       0x32 /home/zhonx/.opt/AC6/plugins/fr.ac6.mcu.externaltools.arm-none.linux64_1.15.0.201708311556/tools/compiler/bin/../lib/gcc/arm-none-eabi/6.3.1/../../../../arm-none-eabi/lib/thumb/v7e-m/fpv5/hard/libc_nano.a(lib_a-closer.o)
 .ARM.attributes
                0x0000000000000bda       0x32 /home/zhonx/.opt/AC6/plugins/fr.ac6.mcu.externaltools.arm-none.linux64_1.15.0.201708311556/tools/compiler/bin/../lib/gcc/arm-none-eabi/6.3.1/../../../../arm-none-eabi/lib/thumb/v7e-m/fpv5/hard/libc_nano.a(lib_a-fstatr.o)
 .ARM.attributes
                0x0000000000000c0c       0x32 /home/zhonx/.opt/AC6/plugins/fr.ac6.mcu.externaltools.arm-none.linux64_1.15.0.201708311556/tools/compiler/bin/../lib/gcc/arm-none-eabi/6.3.1/../../../../arm-none-eabi/lib/thumb/v7e-m/fpv5/hard/libc_nano.a(lib_a-isattyr.o)
 .ARM.attributes
                0x0000000000000c3e       0x32 /home/zhonx/.opt/AC6/plugins/fr.ac6.mcu.externaltools.arm-none.linux64_1.15.0.201708311556/tools/compiler/bin/../lib/gcc/arm-none-eabi/6.3.1/../../../../arm-none-eabi/lib/thumb/v7e-m/fpv5/hard/libc_nano.a(lib_a-lseekr.o)
 .ARM.attributes
                0x0000000000000c70       0x1e /home/zhonx/.opt/AC6/plugins/fr.ac6.mcu.externaltools.arm-none.linux64_1.15.0.201708311556/tools/compiler/bin/../lib/gcc/arm-none-eabi/6.3.1/../../../../arm-none-eabi/lib/thumb/v7e-m/fpv5/hard/libc_nano.a(lib_a-memchr.o)
 .ARM.attributes
                0x0000000000000c8e       0x32 /home/zhonx/.opt/AC6/plugins/fr.ac6.mcu.externaltools.arm-none.linux64_1.15.0.201708311556/tools/compiler/bin/../lib/gcc/arm-none-eabi/6.3.1/../../../../arm-none-eabi/lib/thumb/v7e-m/fpv5/hard/libc_nano.a(lib_a-mlock.o)
 .ARM.attributes
                0x0000000000000cc0       0x32 /home/zhonx/.opt/AC6/plugins/fr.ac6.mcu.externaltools.arm-none.linux64_1.15.0.201708311556/tools/compiler/bin/../lib/gcc/arm-none-eabi/6.3.1/../../../../arm-none-eabi/lib/thumb/v7e-m/fpv5/hard/libc_nano.a(lib_a-readr.o)
 .ARM.attributes
                0x0000000000000cf2       0x32 /home/zhonx/.opt/AC6/plugins/fr.ac6.mcu.externaltools.arm-none.linux64_1.15.0.201708311556/tools/compiler/bin/../lib/gcc/arm-none-eabi/6.3.1/../../../../arm-none-eabi/lib/thumb/v7e-m/fpv5/hard/libc_nano.a(lib_a-reent.o)
 .ARM.attributes
                0x0000000000000d24       0x20 /home/zhonx/.opt/AC6/plugins/fr.ac6.mcu.externaltools.arm-none.linux64_1.15.0.201708311556/tools/compiler/bin/../lib/gcc/arm-none-eabi/6.3.1/thumb/v7e-m/fpv5/hard/crtn.o
OUTPUT(CIS_H7.elf elf32-littlearm)

.comment        0x0000000000000000       0x7f
 .comment       0x0000000000000000       0x7f Drivers/STM32H7xx_HAL_Driver/Src/stm32h7xx_hal.o
                                         0x80 (size before relaxing)
 .comment       0x000000000000007f       0x80 Drivers/STM32H7xx_HAL_Driver/Src/stm32h7xx_hal_adc.o
 .comment       0x000000000000007f       0x80 Drivers/STM32H7xx_HAL_Driver/Src/stm32h7xx_hal_adc_ex.o
 .comment       0x000000000000007f       0x80 Drivers/STM32H7xx_HAL_Driver/Src/stm32h7xx_hal_cortex.o
 .comment       0x000000000000007f       0x80 Drivers/STM32H7xx_HAL_Driver/Src/stm32h7xx_hal_dac.o
 .comment       0x000000000000007f       0x80 Drivers/STM32H7xx_HAL_Driver/Src/stm32h7xx_hal_dac_ex.o
 .comment       0x000000000000007f       0x80 Drivers/STM32H7xx_HAL_Driver/Src/stm32h7xx_hal_dma.o
 .comment       0x000000000000007f       0x80 Drivers/STM32H7xx_HAL_Driver/Src/stm32h7xx_hal_gpio.o
 .comment       0x000000000000007f       0x80 Drivers/STM32H7xx_HAL_Driver/Src/stm32h7xx_hal_hrtim.o
 .comment       0x000000000000007f       0x80 Drivers/STM32H7xx_HAL_Driver/Src/stm32h7xx_hal_pcd.o
 .comment       0x000000000000007f       0x80 Drivers/STM32H7xx_HAL_Driver/Src/stm32h7xx_hal_pcd_ex.o
 .comment       0x000000000000007f       0x80 Drivers/STM32H7xx_HAL_Driver/Src/stm32h7xx_hal_rcc.o
 .comment       0x000000000000007f       0x80 Drivers/STM32H7xx_HAL_Driver/Src/stm32h7xx_hal_rcc_ex.o
 .comment       0x000000000000007f       0x80 Drivers/STM32H7xx_HAL_Driver/Src/stm32h7xx_hal_tim.o
 .comment       0x000000000000007f       0x80 Drivers/STM32H7xx_HAL_Driver/Src/stm32h7xx_hal_tim_ex.o
 .comment       0x000000000000007f       0x80 Drivers/STM32H7xx_HAL_Driver/Src/stm32h7xx_hal_uart.o
 .comment       0x000000000000007f       0x80 Drivers/STM32H7xx_HAL_Driver/Src/stm32h7xx_ll_usb.o
 .comment       0x000000000000007f       0x80 Src/adc.o
 .comment       0x000000000000007f       0x80 Src/cis.o
 .comment       0x000000000000007f       0x80 Src/dac.o
 .comment       0x000000000000007f       0x80 Src/dma.o
 .comment       0x000000000000007f       0x80 Src/gpio.o
 .comment       0x000000000000007f       0x80 Src/hrtim.o
 .comment       0x000000000000007f       0x80 Src/main.o
 .comment       0x000000000000007f       0x80 Src/stm32h7xx_hal_msp.o
 .comment       0x000000000000007f       0x80 Src/stm32h7xx_it.o
 .comment       0x000000000000007f       0x80 Src/syscalls.o
 .comment       0x000000000000007f       0x80 Src/system_stm32h7xx.o
 .comment       0x000000000000007f       0x80 Src/tim.o
 .comment       0x000000000000007f       0x80 Src/usart.o
 .comment       0x000000000000007f       0x80 Src/usb_otg.o

.debug_frame    0x0000000000000000      0x870
 .debug_frame   0x0000000000000000       0x2c /home/zhonx/.opt/AC6/plugins/fr.ac6.mcu.externaltools.arm-none.linux64_1.15.0.201708311556/tools/compiler/bin/../lib/gcc/arm-none-eabi/6.3.1/thumb/v7e-m/fpv5/hard/libgcc.a(_aeabi_uldivmod.o)
 .debug_frame   0x000000000000002c       0x34 /home/zhonx/.opt/AC6/plugins/fr.ac6.mcu.externaltools.arm-none.linux64_1.15.0.201708311556/tools/compiler/bin/../lib/gcc/arm-none-eabi/6.3.1/thumb/v7e-m/fpv5/hard/libgcc.a(_udivmoddi4.o)
 .debug_frame   0x0000000000000060       0x20 /home/zhonx/.opt/AC6/plugins/fr.ac6.mcu.externaltools.arm-none.linux64_1.15.0.201708311556/tools/compiler/bin/../lib/gcc/arm-none-eabi/6.3.1/../../../../arm-none-eabi/lib/thumb/v7e-m/fpv5/hard/libc_nano.a(lib_a-errno.o)
 .debug_frame   0x0000000000000080       0x2c /home/zhonx/.opt/AC6/plugins/fr.ac6.mcu.externaltools.arm-none.linux64_1.15.0.201708311556/tools/compiler/bin/../lib/gcc/arm-none-eabi/6.3.1/../../../../arm-none-eabi/lib/thumb/v7e-m/fpv5/hard/libc_nano.a(lib_a-init.o)
 .debug_frame   0x00000000000000ac       0x20 /home/zhonx/.opt/AC6/plugins/fr.ac6.mcu.externaltools.arm-none.linux64_1.15.0.201708311556/tools/compiler/bin/../lib/gcc/arm-none-eabi/6.3.1/../../../../arm-none-eabi/lib/thumb/v7e-m/fpv5/hard/libc_nano.a(lib_a-memset.o)
 .debug_frame   0x00000000000000cc       0x74 /home/zhonx/.opt/AC6/plugins/fr.ac6.mcu.externaltools.arm-none.linux64_1.15.0.201708311556/tools/compiler/bin/../lib/gcc/arm-none-eabi/6.3.1/../../../../arm-none-eabi/lib/thumb/v7e-m/fpv5/hard/libc_nano.a(lib_a-printf.o)
 .debug_frame   0x0000000000000140       0x58 /home/zhonx/.opt/AC6/plugins/fr.ac6.mcu.externaltools.arm-none.linux64_1.15.0.201708311556/tools/compiler/bin/../lib/gcc/arm-none-eabi/6.3.1/../../../../arm-none-eabi/lib/thumb/v7e-m/fpv5/hard/libc_nano.a(lib_a-putchar.o)
 .debug_frame   0x0000000000000198       0x3c /home/zhonx/.opt/AC6/plugins/fr.ac6.mcu.externaltools.arm-none.linux64_1.15.0.201708311556/tools/compiler/bin/../lib/gcc/arm-none-eabi/6.3.1/../../../../arm-none-eabi/lib/thumb/v7e-m/fpv5/hard/libc_nano.a(lib_a-puts.o)
 .debug_frame   0x00000000000001d4       0x40 /home/zhonx/.opt/AC6/plugins/fr.ac6.mcu.externaltools.arm-none.linux64_1.15.0.201708311556/tools/compiler/bin/../lib/gcc/arm-none-eabi/6.3.1/../../../../arm-none-eabi/lib/thumb/v7e-m/fpv5/hard/libc_nano.a(lib_a-wbuf.o)
 .debug_frame   0x0000000000000214       0x2c /home/zhonx/.opt/AC6/plugins/fr.ac6.mcu.externaltools.arm-none.linux64_1.15.0.201708311556/tools/compiler/bin/../lib/gcc/arm-none-eabi/6.3.1/../../../../arm-none-eabi/lib/thumb/v7e-m/fpv5/hard/libc_nano.a(lib_a-wsetup.o)
 .debug_frame   0x0000000000000240       0x68 /home/zhonx/.opt/AC6/plugins/fr.ac6.mcu.externaltools.arm-none.linux64_1.15.0.201708311556/tools/compiler/bin/../lib/gcc/arm-none-eabi/6.3.1/../../../../arm-none-eabi/lib/thumb/v7e-m/fpv5/hard/libc_nano.a(lib_a-fflush.o)
 .debug_frame   0x00000000000002a8      0x11c /home/zhonx/.opt/AC6/plugins/fr.ac6.mcu.externaltools.arm-none.linux64_1.15.0.201708311556/tools/compiler/bin/../lib/gcc/arm-none-eabi/6.3.1/../../../../arm-none-eabi/lib/thumb/v7e-m/fpv5/hard/libc_nano.a(lib_a-findfp.o)
 .debug_frame   0x00000000000003c4       0x54 /home/zhonx/.opt/AC6/plugins/fr.ac6.mcu.externaltools.arm-none.linux64_1.15.0.201708311556/tools/compiler/bin/../lib/gcc/arm-none-eabi/6.3.1/../../../../arm-none-eabi/lib/thumb/v7e-m/fpv5/hard/libc_nano.a(lib_a-fwalk.o)
 .debug_frame   0x0000000000000418       0x58 /home/zhonx/.opt/AC6/plugins/fr.ac6.mcu.externaltools.arm-none.linux64_1.15.0.201708311556/tools/compiler/bin/../lib/gcc/arm-none-eabi/6.3.1/../../../../arm-none-eabi/lib/thumb/v7e-m/fpv5/hard/libc_nano.a(lib_a-makebuf.o)